Archive member included to satisfy reference by file (symbol)

C:\Users\vkronber\SimplicityStudio\v4_workspace\course-project-victorkronberg_update\protocol\bluetooth\lib\EFR32XG13X\GCC\libbluetooth_mesh.a(bgapi.c.obj)
                              ./gecko_main.o (symbol from plugin) (gecko_cmd_msg_buf)
C:\Users\vkronber\SimplicityStudio\v4_workspace\course-project-victorkronberg_update\protocol\bluetooth\lib\EFR32XG13X\GCC\libbluetooth_mesh.a(bgapi_gatt_lib.c.obj)
                              ./src/gecko_mesh.o (symbol from plugin) (sli_bt_cmd_gatt_server_write_attribute_value)
C:\Users\vkronber\SimplicityStudio\v4_workspace\course-project-victorkronberg_update\protocol\bluetooth\lib\EFR32XG13X\GCC\libbluetooth_mesh.a(bgapi_hardware.c.obj)
                              ./gecko_main.o (symbol from plugin) (sli_bt_cmd_hardware_set_soft_timer)
C:\Users\vkronber\SimplicityStudio\v4_workspace\course-project-victorkronberg_update\protocol\bluetooth\lib\EFR32XG13X\GCC\libbluetooth_mesh.a(bgapi_le_connection.c.obj)
                              ./gecko_main.o (symbol from plugin) (sli_bt_cmd_le_connection_close)
C:\Users\vkronber\SimplicityStudio\v4_workspace\course-project-victorkronberg_update\protocol\bluetooth\lib\EFR32XG13X\GCC\libbluetooth_mesh.a(bgapi_ps.c.obj)
                              ./src/gecko_mesh.o (symbol from plugin) (sli_bt_cmd_flash_ps_erase_all)
C:\Users\vkronber\SimplicityStudio\v4_workspace\course-project-victorkronberg_update\protocol\bluetooth\lib\EFR32XG13X\GCC\libbluetooth_mesh.a(bgapi_system.c.obj)
                              ./src/gecko_mesh.o (symbol from plugin) (sli_bt_cmd_system_get_bt_address)
C:\Users\vkronber\SimplicityStudio\v4_workspace\course-project-victorkronberg_update\protocol\bluetooth\lib\EFR32XG13X\GCC\libbluetooth_mesh.a(bglib.c.obj)
                              ./src/main.o (symbol from plugin) (gecko_wait_event)
C:\Users\vkronber\SimplicityStudio\v4_workspace\course-project-victorkronberg_update\protocol\bluetooth\lib\EFR32XG13X\GCC\libbluetooth_mesh.a(bondingdb.c.obj)
                              bglib.c.obj (symbol from plugin) (bondingdb_get_max_bonds)
C:\Users\vkronber\SimplicityStudio\v4_workspace\course-project-victorkronberg_update\protocol\bluetooth\lib\EFR32XG13X\GCC\libbluetooth_mesh.a(btl_interface.c.obj)
                              bgapi.c.obj (symbol from plugin) (bootloader_getInfo)
C:\Users\vkronber\SimplicityStudio\v4_workspace\course-project-victorkronberg_update\protocol\bluetooth\lib\EFR32XG13X\GCC\libbluetooth_mesh.a(efr32xg1x.c.obj)
                              bglib.c.obj (symbol from plugin) (bg_hal_set_ctune)
C:\Users\vkronber\SimplicityStudio\v4_workspace\course-project-victorkronberg_update\protocol\bluetooth\lib\EFR32XG13X\GCC\libbluetooth_mesh.a(gap.c.obj)
                              bglib.c.obj (symbol from plugin) (gap_reset_state)
C:\Users\vkronber\SimplicityStudio\v4_workspace\course-project-victorkronberg_update\protocol\bluetooth\lib\EFR32XG13X\GCC\libbluetooth_mesh.a(gap_adv.c.obj)
                              gap.c.obj (symbol from plugin) (gap_adv_update)
C:\Users\vkronber\SimplicityStudio\v4_workspace\course-project-victorkronberg_update\protocol\bluetooth\lib\EFR32XG13X\GCC\libbluetooth_mesh.a(gap_periodic_adv-stubs.c.obj)
                              bglib.c.obj (symbol from plugin) (ubt_gap_alloc_periodic_adv)
C:\Users\vkronber\SimplicityStudio\v4_workspace\course-project-victorkronberg_update\protocol\bluetooth\lib\EFR32XG13X\GCC\libbluetooth_mesh.a(gap_periodic_scan-stubs.c.obj)
                              bglib.c.obj (symbol from plugin) (ubt_gap_alloc_periodic_scan)
C:\Users\vkronber\SimplicityStudio\v4_workspace\course-project-victorkronberg_update\protocol\bluetooth\lib\EFR32XG13X\GCC\libbluetooth_mesh.a(gap_resolver.c.obj)
                              gap.c.obj (symbol from plugin) (gap_address_resolver_step)
C:\Users\vkronber\SimplicityStudio\v4_workspace\course-project-victorkronberg_update\protocol\bluetooth\lib\EFR32XG13X\GCC\libbluetooth_mesh.a(gap_scan.c.obj)
                              gap.c.obj (symbol from plugin) (gap_status_set_scan_packet)
C:\Users\vkronber\SimplicityStudio\v4_workspace\course-project-victorkronberg_update\protocol\bluetooth\lib\EFR32XG13X\GCC\libbluetooth_mesh.a(gap_whitelist-stubs.c.obj)
                              bondingdb.c.obj (symbol from plugin) (gap_whitelist_clear_list)
C:\Users\vkronber\SimplicityStudio\v4_workspace\course-project-victorkronberg_update\protocol\bluetooth\lib\EFR32XG13X\GCC\libbluetooth_mesh.a(gatt.c.obj)
                              gap.c.obj (symbol from plugin) (gatt_init_connection)
C:\Users\vkronber\SimplicityStudio\v4_workspace\course-project-victorkronberg_update\protocol\bluetooth\lib\EFR32XG13X\GCC\libbluetooth_mesh.a(gatt_client.c.obj)
                              bgapi_gatt_lib.c.obj (symbol from plugin) (gatt_client_init)
[...]
Memory Configuration

Name             Origin             Length             Attributes
FLASH_BOOTLOADER 0x0fe10000         0x00004000         xr
FLASH            0x00000000         0x00080000         xr
RAM              0x20000000         0x00010000         xrw
*default*        0x00000000         0xffffffff

Linker script and memory map

LOAD c:/siliconlabs/simplicitystudio/v4/developer/toolchains/gnu_arm/7.2_2017q4/bin/../lib/gcc/arm-none-eabi/7.2.1/thumb/v7e-m/fpv4-sp/softfp/crti.o
LOAD c:/siliconlabs/simplicitystudio/v4/developer/toolchains/gnu_arm/7.2_2017q4/bin/../lib/gcc/arm-none-eabi/7.2.1/thumb/v7e-m/fpv4-sp/softfp/crtbegin.o
LOAD c:/siliconlabs/simplicitystudio/v4/developer/toolchains/gnu_arm/7.2_2017q4/bin/../lib/gcc/arm-none-eabi/7.2.1/../../../../arm-none-eabi/lib/thumb/v7e-m/fpv4-sp/softfp/crt0.o
START GROUP
LOAD C:\Users\vkronber\AppData\Local\Temp\cc9Qd1di.ltrans0.ltrans.o
LOAD C:\Users\vkronber\AppData\Local\Temp\cc9Qd1di.ltrans1.ltrans.o
LOAD C:\Users\vkronber\AppData\Local\Temp\cc9Qd1di.ltrans2.ltrans.o
LOAD C:\Users\vkronber\AppData\Local\Temp\cc9Qd1di.ltrans3.ltrans.o
LOAD C:\Users\vkronber\AppData\Local\Temp\cc9Qd1di.ltrans4.ltrans.o
LOAD C:\Users\vkronber\AppData\Local\Temp\cc9Qd1di.ltrans5.ltrans.o
LOAD C:\Users\vkronber\AppData\Local\Temp\cc9Qd1di.ltrans6.ltrans.o
LOAD C:\Users\vkronber\AppData\Local\Temp\cc9Qd1di.ltrans7.ltrans.o
LOAD C:\Users\vkronber\SimplicityStudio\v4_workspace\course-project-victorkronberg_update\protocol\bluetooth\lib\EFR32XG13X\GCC\libbluetooth_mesh.a
LOAD C:\Users\vkronber\SimplicityStudio\v4_workspace\course-project-victorkronberg_update\protocol\bluetooth\lib\EFR32XG13X\GCC\binapploader.o
LOAD C:\Users\vkronber\SimplicityStudio\v4_workspace\course-project-victorkronberg_update\platform\radio\rail_lib\autogen\librail_release\librail_efr32xg13_gcc_release.a
LOAD C:\Users\vkronber\SimplicityStudio\v4_workspace\course-project-victorkronberg_update\protocol\bluetooth\lib\EFR32XG13X\GCC\libpsstore.a
LOAD C:\Users\vkronber\SimplicityStudio\v4_workspace\course-project-victorkronberg_update\protocol\bluetooth\lib\EFR32XG13X\GCC\libcoex.a
LOAD c:/siliconlabs/simplicitystudio/v4/developer/toolchains/gnu_arm/7.2_2017q4/bin/../lib/gcc/arm-none-eabi/7.2.1/../../../../arm-none-eabi/lib/thumb/v7e-m/fpv4-sp/softfp\libm.a
END GROUP
START GROUP
LOAD c:/siliconlabs/simplicitystudio/v4/developer/toolchains/gnu_arm/7.2_2017q4/bin/../lib/gcc/arm-none-eabi/7.2.1/thumb/v7e-m/fpv4-sp/softfp\libgcc.a
LOAD c:/siliconlabs/simplicitystudio/v4/developer/toolchains/gnu_arm/7.2_2017q4/bin/../lib/gcc/arm-none-eabi/7.2.1/../../../../arm-none-eabi/lib/thumb/v7e-m/fpv4-sp/softfp\libc_nano.a
LOAD c:/siliconlabs/simplicitystudio/v4/developer/toolchains/gnu_arm/7.2_2017q4/bin/../lib/gcc/arm-none-eabi/7.2.1/../../../../arm-none-eabi/lib/thumb/v7e-m/fpv4-sp/softfp\libnosys.a
END GROUP
START GROUP
LOAD c:/siliconlabs/simplicitystudio/v4/developer/toolchains/gnu_arm/7.2_2017q4/bin/../lib/gcc/arm-none-eabi/7.2.1/thumb/v7e-m/fpv4-sp/softfp\libgcc.a
LOAD c:/siliconlabs/simplicitystudio/v4/developer/toolchains/gnu_arm/7.2_2017q4/bin/../lib/gcc/arm-none-eabi/7.2.1/../../../../arm-none-eabi/lib/thumb/v7e-m/fpv4-sp/softfp\libg_nano.a
LOAD c:/siliconlabs/simplicitystudio/v4/developer/toolchains/gnu_arm/7.2_2017q4/bin/../lib/gcc/arm-none-eabi/7.2.1/../../../../arm-none-eabi/lib/thumb/v7e-m/fpv4-sp/softfp\libc_nano.a
END GROUP
START GROUP
LOAD c:/siliconlabs/simplicitystudio/v4/developer/toolchains/gnu_arm/7.2_2017q4/bin/../lib/gcc/arm-none-eabi/7.2.1/thumb/v7e-m/fpv4-sp/softfp\libgcc.a
LOAD c:/siliconlabs/simplicitystudio/v4/developer/toolchains/gnu_arm/7.2_2017q4/bin/../lib/gcc/arm-none-eabi/7.2.1/../../../../arm-none-eabi/lib/thumb/v7e-m/fpv4-sp/softfp\libc_nano.a
END GROUP
LOAD c:/siliconlabs/simplicitystudio/v4/developer/toolchains/gnu_arm/7.2_2017q4/bin/../lib/gcc/arm-none-eabi/7.2.1/thumb/v7e-m/fpv4-sp/softfp/crtend.o
LOAD c:/siliconlabs/simplicitystudio/v4/developer/toolchains/gnu_arm/7.2_2017q4/bin/../lib/gcc/arm-none-eabi/7.2.1/thumb/v7e-m/fpv4-sp/softfp/crtn.o

.text_bootloader
                0x0fe10000        0x0
 *(.binbootloader*)
                0x0fe10000                . = ALIGN (0x4000)

.text_apploader
                0x00000000     0xafc0
 *(.binapploader*)
 .binapploader  0x00000000     0xafc0 C:\Users\vkronber\SimplicityStudio\v4_workspace\course-project-victorkronberg_update\protocol\bluetooth\lib\EFR32XG13X\GCC\binapploader.o

.text_signature
                0x0000afc0       0x40
                0x0000b000                . = ALIGN (0x800)
 *fill*         0x0000afc0       0x40 
                0x0000b000                __text_start__ = .

.text_application
                0x0000b000    0x3ad94
 *(.vectors)
 .vectors       0x0000b000       0xfc C:\Users\vkronber\AppData\Local\Temp\cc9Qd1di.ltrans5.ltrans.o
                0x0000b000                __Vectors
                0x0000b0fc                __Vectors_End = .
                0x000000fc                __Vectors_Size = (__Vectors_End - __Vectors)
                0x0000b0fc                __end__ = .
 *(.application_properties)
 .application_properties
                0x0000b0fc       0x40 C:\Users\vkronber\AppData\Local\Temp\cc9Qd1di.ltrans3.ltrans.o
                0x0000b0fc                bg_application_properties
 *(.gecko_configuration)
 *(.xo_configuration)
 *(.gatt_header)
 .gatt_header   0x0000b13c       0x34 C:\Users\vkronber\AppData\Local\Temp\cc9Qd1di.ltrans1.ltrans.o
                0x0000b13c                bg_gattdb_data
 *(.gatt_data)
 .gatt_data     0x0000b170      0x2b6 C:\Users\vkronber\AppData\Local\Temp\cc9Qd1di.ltrans1.ltrans.o
                0x0000b170                bg_gattdb_data_attributes_map
                0x0000b2e4                bg_gattdb_data_attribute_field_30
                0x0000b2ec                bg_gattdb_data_attribute_field_29
                0x0000b302                bg_gattdb_data_attribute_field_28
                0x0000b314                bg_gattdb_data_attribute_field_26
                0x0000b31c                bg_gattdb_data_attribute_field_25
                0x0000b324                bg_gattdb_data_attribute_field_24
                0x0000b32c                bg_gattdb_data_attribute_field_23
                0x0000b334                bg_gattdb_data_attribute_field_22
                0x0000b338                bg_gattdb_data_attribute_field_20
                0x0000b340                bg_gattdb_data_attribute_field_19
                0x0000b348                bg_gattdb_data_attribute_field_18
                0x0000b350                bg_gattdb_data_attribute_field_17
                0x0000b358                bg_gattdb_data_attribute_field_16
                0x0000b35c                bg_gattdb_data_attribute_field_15
                0x0000b36a                bg_gattdb_data_attribute_field_14
                0x0000b372                bg_gattdb_data_attribute_field_13
                0x0000b376                bg_gattdb_data_attribute_field_12
                0x0000b37a                bg_gattdb_data_attribute_field_11
                0x0000b384                bg_gattdb_data_attribute_field_10
                0x0000b38c                bg_gattdb_data_attribute_field_9
                0x0000b394                bg_gattdb_data_attribute_field_8
                0x0000b398                bg_gattdb_data_attribute_field_7
                0x0000b3a0                bg_gattdb_data_attribute_field_6
                0x0000b3a8                bg_gattdb_data_attribute_field_5
                0x0000b3b0                bg_gattdb_data_attribute_field_4
                0x0000b3b8                bg_gattdb_data_attribute_field_2
                0x0000b3c0                bg_gattdb_data_attribute_field_1
                0x0000b3c8                bg_gattdb_data_attribute_field_0
                0x0000b3cc                bg_gattdb_data_adv_uuid128_map
                0x0000b3cd                bg_gattdb_data_adv_uuid16_map
                0x0000b3ce                bg_gattdb_data_attributes_dynamic_mapping_map
                0x0000b3e0                bg_gattdb_data_uuidtable_128_map
                0x0000b400                bg_gattdb_data_uuidtable_16_map
 *(.text*)
 *fill*         0x0000b426        0x2 
 .text          0x0000b428       0x40 c:/siliconlabs/simplicitystudio/v4/developer/toolchains/gnu_arm/7.2_2017q4/bin/../lib/gcc/arm-none-eabi/7.2.1/thumb/v7e-m/fpv4-sp/softfp/crtbegin.o
 .text          0x0000b468       0x74 c:/siliconlabs/simplicitystudio/v4/developer/toolchains/gnu_arm/7.2_2017q4/bin/../lib/gcc/arm-none-eabi/7.2.1/../../../../arm-none-eabi/lib/thumb/v7e-m/fpv4-sp/softfp/crt0.o
                0x0000b468                _mainCRTStartup
                0x0000b468                _start
 .text          0x0000b4dc     0x6348 C:\Users\vkronber\AppData\Local\Temp\cc9Qd1di.ltrans0.ltrans.o
                0x0000b4dc                s9ee8e7b377e7bbae007f625ff51febedc8d063543feed2ab0e008bffacc9ccb7.lto_priv.623
                0x0000b504                s6fbe0c269e360b8f1fbbc98112acdb192df0211550e6133771232053ab246715.lto_priv.632
                0x0000b594                s624f8c76922faa844830447cf90125102f41bf49506e655929c46dc7995774e1.lto_priv.631
                0x0000b5e0                s8d212826c13c947a5f34f8154beb0d86a0931f439f9d50615a6d9b84de153e76
                0x0000b5e2                s09ed5682dcd8ac8f33ce83e45a56f148f0955b736b1f843af1b872e3aa8ab9a2.lto_priv.618
                0x0000b62c                s3ae7f12b71a712653ee40e03e96f624e1f08a101483aa7b9096dcfd7c0d5f5cc.lto_priv.641
                0x0000b690                sc51ded7a99df283122a275d0ecd5a8a7c29ff2bf06e77a2a5b1f363531aece47.lto_priv.640
                0x0000b6c0                s75b06c479315c0a7b5b8f05891e886b61d1a2a2c6124a9dcbe6778ed11582f71
                0x0000b6d0                s81abab53ce98518d5cb212a7d36c3e6ec3a8f2dee5da8772e5020a5162bdd3e3
                0x0000b720                scbecaa652a6cc6759624c7a5bbe711e6da2fb9bf21b70d82ee3c94e900b2445b.lto_priv.548
                0x0000b7d0                s4472ceb367e8b6c2f42c6aafea00a88a704b321cb95713fd0319168e99e08afe
                0x0000b874                s635c2435171484d333ca0acf1cd7f2f0059bae525d0bf8f014641447f79c180e.lto_priv.637
                0x0000bc94                s74779adbbcf863200e1451a8c29acbe59451957791090009e576e1c718d8aebd.lto_priv.410
                0x0000bcb8                s69df01788beb5e6b0e745200f66c544ce854ca052074bf32899353869dbd93e0.lto_priv.642
                0x0000bd4c                sbdafaa440e57a64193537557d6aa3fd1d92e44a11dc88c64f239b0827e8c9451.lto_priv.643
                0x0000bdd8                s154a0b716ef4c089f1ecf9e16c05499c4296393e8804cfd7887b049bb5912fce.lto_priv.644
                0x0000be40                s8824e333c9db5ae58c3891a564750a0cbd349703ff423c182817547e30c161bb.lto_priv.639
                0x0000be96                s3cd1a4a41e76d2e8de9cd2149b8f18141b81271b8fd827267f94cd2c3c088be2
                0x0000bfa4                s05b16165b7a5efa73bb7b7e1f21aa15a65e1c61ce1ef1f317b238ae73d551cbe
                0x0000c03e                sd9d1bf544b875a76b2b9c6c7e2ce661d8778f13f54541c2a05342025175b566e.lto_priv.397
                0x0000c53c                s16c809febdaaa89faa5e479d1f9ff28a0a5e144e7a17dec3b4a2ac0f02bdab18
                0x0000c76c                s42750a79d896162f043fdd4f7dc63c8a4cd74cab5aaee57be74d54f804f1774d.lto_priv.568
                0x0000c7d0                sfce14941ec34a4cdfea1f486b7a25608885b6a2557f1702e4dfc47a28176b981
                0x0000c7ec                sb8b7c87872f20a1b2e9ca71591f6ee7bd3e142c0f8f8915edacdbcd6d284eabb
                0x0000c810                sc17d18a332127f5d82a41d9554e9ffc6a4fb1a762c234cac46890ecbb8d3b4f2
                0x0000c870                s76c034da60c2e7d487bb432ae2dc811dd6a06d3ff432c8a4cf3c358b5cb88ac9.lto_priv.663
                0x0000c93c                s63a47c678b227da32b4494a3ee56d6491ec443d838b176a02d4c857141d9bbf2
                0x0000c9dc                s1aa90271a08b20d46a27f6a7b9d3cb3f0f0f45c976a288d9f799eaed3a8885a6
                0x0000c9f4                s660204d0976a12fb73eceb2a8316c0f1496df2336ad250ca28dea50d5818062b
                0x0000ca0c                s0c7516f1c8f0bb29da06a31348f1f54785b69d0c61b27c8399f7f17220673e73
                0x0000ca28                s9b4a16f451c16075c2dc89465b45a6b39de6d32e037fd168dc2f831375ffeb2d
                0x0000ca40                s5bc4b2d5af4a0fd71690e6ef55d87530910a772f66a38a5d201a4611621d7950
                0x0000ca6c                s9fdd32ee7dd98c4649fd23d899eb432db46be2a18f31bb85adbf7dc34c7c4858.lto_priv.574
                0x0000cb2c                s0a870c2ab5f9c29dc38b0c7bed1b7a1a8562f0a917109545d67835b9fb5b2b3a.lto_priv.666
                0x0000cb48                s52762b92e5b7fa69c70a48b983e7cb7d9a16ced4b710bbdf77c3f6f6c2a24007.lto_priv.667
                0x0000cb60                s5e19155d2108ed2599e665c798ad574fcaa017439d9530eba84b7dc7c743850b.lto_priv.565
                0x0000cb6e                sab8ee35be9e0455a67e98c2a50156049d1c7ff232c8e9df80315689120dc45cd
                0x0000cbaa                s8153570b1e6c3cc1e789ccb6833d3a7c5338f71e9d65a3b1e965d7fe4f6b8b16
                0x0000cbf0                sb4c57ad7fc5bec8c4278635d262a70490f5ee7abe15aed9b7a79bc6f74f6f736
                0x0000cc18                s01474140abeea982cbcc17fe54d9015ac4c5ef83f19c4e4a8830deb2983c01d4.lto_priv.569
                0x0000cc34                s1484b20da5524d568ca70fbaccb47656cba58a283d79f2d0c7b559fce4640d72
                0x0000cc8c                sa0df6a53405b04cbd04355298998382d2cb4c82faf733f13ef3fdf72bffd6a66.lto_priv.585.lto_priv.657
                0x0000cc8c                sa0df6a53405b04cbd04355298998382d2cb4c82faf733f13ef3fdf72bffd6a66.lto_priv.587.lto_priv.668
                0x0000cc92                s0f58d3e48ddfa68e4a7468881b641f28e4b801f7af7c7ff28247710dd9198f84.lto_priv.462
                0x0000cce4                s2af6f9855b0bf5b0e2123292b183bd4f0724b10bb81497e27513f48811bac3c6
                0x0000ccf4                s79b2cf771f824155024802e28f371c5677ccaf9afdef7deaec04d3f709d854e5
                0x0000cd0c                s6d6a349dc9180216a0b7d9fff14f65551937e8ab41dcd7619de87babb708bc4c.lto_priv.662
                0x0000cf4c                s7b2b44f7f0beda876bb716593a3db71ebcbca6b93c20057038d828d243932e1d.lto_priv.473
                0x0000cfc8                s63d0a2d89df92d0a7da510e1903e7d512cd451cb3600ad64e33675a0ec98415b.lto_priv.396
                0x0000d030                s58135f5e7353d344dad389641bab2abd6d5ec2ea155857e830b6530ba15ee077.lto_priv.762
                0x0000d06c                sd8b6662acfa8c45811b587228d18e69b3173ac3c2aa99c24219b26b07cf5e7c4
                0x0000d1fc                s0693c3b33f7f6e8a2590215cdfbabac96d7cc9b1cd9b494a6da514ca5c4f2abe
                0x0000d28e                s891d7a8f3d8d2bb974910d39b20e63b4866824c0780c3579375ebf7aae6a84ec.lto_priv.572
                0x0000d2e8                s16fecf4b2913016fc53de7289ed5b5d86c892d0f6bb90c4c7839949861753371.lto_priv.577
                0x0000d326                s2b5c1aad074f8475a1bdf8542a28109622aa226ca4d745ce3ab9bb91ab0cc56f.lto_priv.576
                0x0000d350                sdc34cd4586d985c2b37afff341b88aeb535ebb11cc5670b5af271b5047768542
                0x0000d524                s3b7a8d9f6b6501ba51636326f98f73b66d80e0b21a727586cee33f8f89a5e794.lto_priv.575
                0x0000d6d8                sef9892c36f55bd3b99f981d23142560c5f7333433a4fb6691d4484965b30b7f7
                0x0000d80c                s0d0ba7a2cc1833aef5b836cf8c1eb6d0feca95e5a2e4b70dd2f31a588afea840
                0x0000d88c                s400b0bb91136dc60dbed10e9c6a89f838e20eda566e2dfc066f2392c6fb81e86
                0x0000d91a                s5559104addd1b8c64a578652248f325add4f3747881b097909f3cab638499600
                0x0000d990                sa259ab6ddbd289ce00f01c3b0450100d8ca6392ac80634169516370912410c8b.lto_priv.553
                0x0000d9b8                s19553c834432d53ea96cfb233793ca6d48721f230f5218ea43c1566ed5c2eaef.lto_priv.552
                0x0000da34                s43880b476f0746ac8ccc6dd99788a4281bfb7a9c308668e7bac130dbb82d477b.lto_priv.551
                0x0000dc04                s5d8863113e3f322e467d30701d40aa50de01c5939b3b2e3e70c1fc4ee8a8501f.lto_priv.550
                0x0000dc34                se129d7c4b491946bb958154e8b64a384aa9caf18da0375d6dff2b7a33f1fb77f.lto_priv.549
                0x0000dc68                sc1093aa6a11bb3113eea0649ce71e93ce4779ecf6d3d7fc5ca2ae619d0ef1890.lto_priv.661
                0x0000ddcc                s9c730bf8430c02b21eb136a5613a6e7babeb112c912ab8bb5bf3f12ae3a2fbbd.lto_priv.636
                0x0000e694                sfeb0b174311675d2d2abf26cac650505dcc1bd916985af7028aa70cde2b7daae
                0x0000e6ac                sd13d89e7b487c3541f8f0b82fe6e56ef53177a25aeecc973abdf522cd93ea064.lto_priv.638
                0x0000e6e4                s0600b16f3a4859ea3a343c708bb69d7718b1ecfd4520cbba2aad96b2196b6433
                0x0000e79c                s06f2390393a3029950a8e736c3a98f12d4cd0a4822f63a65a057e1f40c6db63a
                0x0000e7a8                s07d0d60b80759ba5bfef6ae0a6e77471cc2039d167112c48b0dad127a56a7f01.lto_priv.571
                0x0000e7d8                sfe3bc3084e2b2a1593446d7d0797b1d65d3704dd1fbbc643d0e635b68adb914d
                0x0000e850                s5edf1417246043a6b343c5ac63c580d319237f98cc97e104a3cfd8d4b5a9d693
                0x0000e87c                se93dbd4d27e2513e2410a77425f7d2104b8e2dfad7c153774c5c6eac0592ec6b
                0x0000e8da                s436b10ce7896188d75251d722f89b174cbf8653f8dbe69c4432f63420a5b0955.lto_priv.619
                0x0000e924                s8878651543336fa1145f8b71eddb56115b406beb5bed408ca435141243903d07.lto_priv.633
                0x0000ea1c                s26e5a44e761857d4f38e1671a9d42ed4c4e2ff2d5c80c0ceca8f5c3526cd9932.lto_priv.665
                0x0000ec7a                s606417dffcba22ee3471ce02c7f947bfe1667a9fdd66039fe4c2bd9aed0e73e2
                0x0000ecc8                s118d50f840732eb767ca81b7c77f2620263cfaa213b92aa3cf7094b57db69fee
                0x0000ee0c                s2c9b333996f4ba1fec08590c7165f1c03a13619536612c68a311b1019644d779.lto_priv.617
                0x0000f0f0                s075ad380b23e1fc656f1261114cdb2ad78cf0ef028f3790697fdf7704f23f60d
                0x0000f1d8                s4bb3c881a4f2998013bc4f0e0071ea7be0730d635ebb2e25a35cc4a818256ec2
                0x0000f570                sce92c6117e55f1d83ea587692e2220a36a6bc5a86d2362fa5624ab6d3c5ce465.lto_priv.567
                0x0000f638                s240e97313efe110801fa169dbbb8fd9ec45af1caf9db019f89c19427331ef402.lto_priv.622
 .text.unlikely
                0x00011824      0x5f0 C:\Users\vkronber\AppData\Local\Temp\cc9Qd1di.ltrans0.ltrans.o
                0x00011948                s29a650147ed900afd81d8677a294b6efec84df043f9b50b25ffecbeff40e62a8
                0x00011ae4                se5e85306c48abe40b73c0cfbf35b67a016252c1abd3e36c7820ca32c3fe72598
                0x00011b20                sa89f4001ff43fbe686828de5ba9970d2c7e5d635e65bb036c6de661a05baead3
                0x00011b44                s469131eb325953ae3e9e83c3f282f242c4fd872052fb6c6b319172a2d5e1fae0.lto_priv.759
 .text          0x00011e14     0x4fa8 C:\Users\vkronber\AppData\Local\Temp\cc9Qd1di.ltrans1.ltrans.o
                0x00011f54                s267927430b38cc114fea2feca5bc705af5a9426d69e3c18b9a3e2c66985a7dfd
                0x00011f7c                sa1f9f7228f33a0fcca30bff43597da6aeb79b196a8c4f297e7a7e2deee234bbc.lto_priv.591
                0x00011f80                s51e866c3b796c4208d0dbfff72b84810fb53d945b2ff058ea4ca41c80fa9c5a0
                0x00011fb8                sc959a2ff22594f55517377356e36decdb326f55e8fcf94172a0121740930d968.lto_priv.738
                0x00012998                s91f950c488b3ef6191a1b3b42263a42a04d3501c7c1f89f4ee006745330d57c3
                0x000129dc                sa5df575d0c1b6797d7561fed700bcc803d62d366712ab9d7ca0fdcbf4c758d45
                0x00012a24                s6bf7d48df75131539ada768514a930db9ba172abd107d46ff9db3d088f8066f0.lto_priv.740
                0x00012a36                s43b7e9d3eec1f84fa52d49bcc7ddbab20e16e8c902ae611a4e412fa10b0aa01e
                0x00012b44                sa1d16f786461dc0aa926386a60e5e7170c8226a857040c463c9a27214a1626ae
                0x00012b64                sd8a0175f916dfbea8923feda6e74370a7e2aa7e163c4783ba9507ba079bd9534
                0x00012c94                sli_bt_cmd_mesh_friend_init
                0x00012d9c                sli_bt_cmd_mesh_sensor_setup_server_send_setting_status
                0x00012e6c                sli_bt_cmd_mesh_sensor_setup_server_send_settings_status
                0x00012f24                sli_bt_cmd_mesh_sensor_setup_server_send_cadence_status
                0x00012fd0                sli_bt_cmd_mesh_sensor_server_send_series_status
                0x0001307c                sli_bt_cmd_mesh_sensor_server_send_column_status
                0x00013128                sli_bt_cmd_mesh_sensor_server_send_status
                0x000132d0                sli_bt_cmd_mesh_sensor_client_init
                0x00013466                sa0dcaede846c1cf6ff605eeff1b174c862480c3bab5ed2f136e13189396b13f7.lto_priv.443
                0x0001348a                sli_bt_cmd_mesh_node_start_unprov_beaconing
                0x000136bc                s0e55f0d59628a699f55899a6d288545e93cc034b5b9cd4e37811cf1189aa217b
                0x000136ec                s98d678c94f3720ccca8dff1726a7200bd09e74b5a6104f03aeb69e33855e25e0.lto_priv.579
                0x00013770                s85d8b00bcf3fbae5571f41b980debd05bf0741a6b9ea059c048f3c7a95b3281b
                0x00013794                sc02bcd4350bf705a8796886673e2745ec11d0411ae650eb46503d2797d2e46f3
                0x00013980                scae4967310123b62d7c6676e660b86cfbe85d69d1aa88d9dade17cbbb37fb6b0
                0x000139d0                s85575a9990d7b698e5c670c70fbc89ce06baf3133f7955e3deee0618bb360543.part.2.lto_priv.559
                0x00013a00                s232305ae92a955506cb9236fe14ee7e17497f60efdf5bbe7200ef62a9f0934ef.lto_priv.556
                0x00013a90                s0cc135feb4136b5dab910a0f2191fbb01ff05bf6be40895330584a6afde535a8.lto_priv.562
                0x00013ab0                s5adf5f4b631212a46166c62fedf2cd11667ecb2dbb644657bd3a1396676d23f2.lto_priv.557
                0x00013ad4                s3ebbfaec66888c2c291acd6316d253bf29306f5d50869f10909d04a313d2a29f.lto_priv.560
                0x00013be8                s8bf682176896003a8c7b9f560968b21c29016e6c56c727c8d0044e9ea725a4a8.lto_priv.558
                0x00013c14                s04777374549746d7469d72609f6cc6053e6f5a2a8804e18d627b0ffa1b3b4c9b.lto_priv.561
                0x00013cd4                s3aab3a2d49f9a74e7b1025959b426a28c62a75da3148652129c158a6cf01911d
                0x00013d04                s453a83a051f1575976e86407083eddc5e3f69bb8f35b32b9522a852d45723e55.lto_priv.555
                0x00013d24                s62f452d77b4a6825d191f647a2cc980a4f431f4557204475786788d29776d97b
                0x00013e5c                s15d3a88e2b5c3e40ee53f6b9655d6ec7c3c149f393815dd52d0ffc2179bb1f4a
                0x00013e90                s6be70e423681240d977bbe34b0cf593027330c5bc3286f410609fd7b6a06b6e6
                0x00013f7c                sf7f0cc2a1cfeefb234c633da646e543f1f4d015d17e55e7cd9f0b1e61a7375d0
                0x00014052                sddf00a2e20a2a4af2d0a266dee401930455613a1d1931d8ad43c77bafda73cf4
                0x00014078                sc3726795190ea82ad23e6338ab096287f6e931b787309369857b2630ecb55c76
                0x0001409a                s97fbeca0e33cb33da8c08c054d9fa974029f199debe05fd11835cf1a3ec5397e.part.0
                0x000141a0                se906f228186613d6041e64e82fcf633b17a5867a19e4c649b25ad797b99861e4
                0x000141e8                sc767b75b33b81a43ba6e01c74030cdacd34620dbdd6f7f1544c831ce8c7a4e23
                0x00014230                s4dbc24937be26c9432eb2264dba166e98aa7139fb188303bb787e214e1291a45
                0x00014340                sfb544dcbc916a8608320ef614dfb90da5a0257624ba93c76f3ab5106741a052d.lto_priv.761
                0x000143b8                saf28bdf0441bb687c71a936ad9d151b1d7fb97cd183bca97f3fbac184ba5e598
                0x000143c4                se1cac6d437a5c990ede8af11fe7a4789e10862a8ad142fcec6eb7f6eda1ef329.lto_priv.593
                0x000143dc                s94de17b7f45f3f6576a715d745502c07eb7ba64e96b9cabb49eab2f847df0281
                0x00014402                s3c1d4732e917bd089fdc37f78c2f773ddfe9dc62701892fc6b140fde0675f5c5
                0x00014436                s3f4a12bb3e21a280fa98dae53b62904e9b93882c5ea79a50c38097b6465097ef
                0x0001444a                s297d86ba7a862d1d1bb4d5f81e5828e28adf723b91ed21d7d5b06162c5354532.lto_priv.604
                0x00014494                sbc1e4b906ee028f433a832aba975802fde4c597bd8b690e156d7948113c776e0.lto_priv.465
                0x000144ae                s92df2879f204b209d880cf89597ec85edb73c5347d097f02ca57f49ff6df22d6.lto_priv.463
                0x0001458e                s6f00c5bd1c654c0cefadcb4bef7b1965114995d4e3c1991567f0d3cac1ffe9f4
                0x000145d2                sf1a456cfa751d96d96171f3d7615c8f99ca964c647b75236d2f97745b9108b5f.lto_priv.464
                0x000146b4                s27a2da3160af8eb827551ebddcc1417f39c1e1788cbf817e44639bf92eb1706a
                0x00014862                s38dec662b22657678e0434a91cdad31a60cc5f6098a9b1f994d85222cefd8930
                0x00014878                sf8e4dcec56edc8f432e22515ac45714970d53de2b2ff1ae50418dd26887086a8
                0x0001489c                se690b0fe07f49ad8d2ae0af29a99ee5c790acd15eb1b2ea28e3daa26d209f652
                0x000149e8                s9d18a50c23c15f26a9282a97192a523869ef94295b2b5e8c9470ad2d0d65d9b0
                0x00014b44                s0ff43e371d43058796f2e1532a3f9a50929c0b9c66473d8f918498d94258d25d.lto_priv.570
                0x00014bba                s5b4a856e685e8bbe40b8a315c34d871a75b086194394d61cf1ef236fabec36db
                0x00014e44                sf067810364b2aec5684b07c9a8a7ec60df5a86cf6f911a17c705627ef3669c08.lto_priv.554
                0x00014e90                s970d3393953f0fa2908bf4bc7a6e9a735a62b329d7b30c42749761f3c07d3b63
                0x00014ec4                s633b138059d7a22d9cef30ec855fdfb8b52ac2201edecd58ad23f4ff6c587a22
                0x00014f30                s4b7417202472b85b3f089ce3de37cdfc898a6a9b2f26736e634d159b347f3e4e.isra.2.lto_priv.608
                0x00014f6c                s5ace8d174d1a7dadc73b36059a7fed43cf9c1b513ae2a0d659414c4838abd5d2.lto_priv.578
                0x00015114                s6f9c3cc2d46b87cf7ef6d7ea4605b61584507e71701542220590215a75574c9e
                0x000152c8                s04224953bf77f159123795000d25af53af1953b43bbf8679517d3e80d583af8d
                0x00015370                s60403f0a2f6aff2e8039b1ef2d554d6132983ba87810a1cd601a1a520db2d0b4.lto_priv.458
                0x000153ec                saa3f4a233c6a5af9fc48c73749f22796166c2be8b268c7ee617e74f8a5c0dfdf
                0x0001552c                sli_bt_cmd_mesh_node_init
                0x00016d44                s0a591dd92c6ffd09f27be69a7be9a851edab592edeb40d323dc07098f58b7efd.lto_priv.573
 .text.unlikely
                0x00016dbc      0x130 C:\Users\vkronber\AppData\Local\Temp\cc9Qd1di.ltrans1.ltrans.o
                0x00016dbc                sd9e7f6fcafb122eaa6fc2c16d63512da9ba59077c6cb72136095ae373ea16da3.part.4.lto_priv.564
                0x00016e20                sc1f0a1265fb45f08edf5828f0b6af85da035d94c8ea375e665fdd556a8d1478c.lto_priv.563
                0x00016e54                s0575a63e4ffa25a11cdd533f4901749922cead34799438f363ee375212772ad9
                0x00016e88                sdf59f64a19171082d11bdec4ceabee6a355ab8574640833ec03fdc6b26a95c2a
 *fill*         0x00016eec        0x4 
 .text          0x00016ef0     0x59e8 C:\Users\vkronber\AppData\Local\Temp\cc9Qd1di.ltrans2.ltrans.o
                0x00016ef0                BG_PRORTC_IRQHandler
                0x00016f20                timer_get_counter
                0x00016f44                ll_task_default_callback.lto_priv.753
                0x0001708a                ubt_event_free
                0x000171b6                bg_pre_sleep
                0x000171b8                bg_post_wakeup
                0x000171ba                see3e6fad70aed29355ae0dc6f8e4a5db0df71f0be28e605b04c39ed08f6b401a
                0x000174b4                ubt_message_process.lto_priv.756
                0x00017578                ll_hciCmdLeReadPhy
                0x00017640                ll_hciCmdSetAdvertisingSetRandomAddress
                0x000177f8                ll_hciCmdSetExtendedScanResponseData
                0x00017838                ll_hciCmdSetExtendedAdvertisingData
                0x00017878                uuid_to_handle
                0x000178dc                bgpacket_update_byte
                0x000178fc                bgpacket_packetize
                0x00017918                timer_get_time
                0x00017940                smp_ah
                0x000179d0                usch_Schedule
                0x00017b18                usch_RemoveTask
                0x00017b48                add_task.lto_priv.483
                0x00017ba8                nvm3_deleteObjects
                0x00017c48                ecode2bg
                0x00017c88                ubt_pskey_read_callback
                0x00017c9e                ubt_pskey_write_callback
                0x00017cb4                ll_radioGetMaxTxPower
                0x00017ccc                ll_hciCmdSetExtendedAdvertisingParameters
                0x00017ec4                ll_radioLoadPacketFragment
                0x00017f44                ll_radioLoadPacket
                0x00017f90                ll_radioGetPacketTimeWithPhy
                0x00017fb4                ll_radioRandom
                0x00017fd8                ll_radioReadRxPacketDetails
                0x00018030                ll_radioReadRxPacket
                0x0001813c                hci_command_shared_response
                0x0001814c                hci_command_init_shared
                0x00018174                hci_command_alloc
                0x000181a2                hci_le_set_advertising_set_random_address.part.5
                0x000181a2                hci_le_set_extended_scan_response_data.part.7
                0x000181a2                hci_le_set_extended_advertising_data.part.6
                0x000181a2                hci_read_conn_phy.part.17
                0x000181b0                hci_le_set_ext_scan_enable
                0x000181e4                hci_close_acl
                0x00018232                hci_state_listener
                0x000183de                ll_to_hci_event_handler.lto_priv.755
                0x000186f4                ll_radioSetMaxTxPower
                0x00018778                ll_radioSetRfPathCompensation
                0x0001879c                ll_radioInit
                0x000188ec                ll_startOrQueueProcedure
                0x00018bcc                BTLE_LL_EventRaise
                0x00018c5c                ll_bgbuf_callback.lto_priv.754
                0x00018c6c                ll_hciCall
                0x00018c8c                hci_le_set_extended_advertising_enable
                0x00018ccc                hci_send_acl
                0x00018dc0                l2cap_send_update_parameters_response.lto_priv.706
                0x00018e44                l2cap_send_fixed_channel
                0x000199dc                ll_llcpUpdateChannelMap_sender.lto_priv.411
                0x00019da0                ll_radioRxAfterTx
                0x00019dc0                ll_radioRxSchedule
                0x00019edc                ll_radioTxAfterRx
                0x0001a3f2                ll_radioTxSchedule
                0x0001a444                ll_radioTxStart
                0x0001a47c                ll_radioStop
                0x0001a728                ll_radioConfigureChannel
                0x0001a9d4                ll_scanTaskPrimaryHandler
                0x0001ae0c                gecko_priority_handle
                0x0001c7e4                ll_randomAesCtrEncrypt.lto_priv.446
                0x0001c86c                ll_randomAesRandUpdate.lto_priv.447
                0x0001c8b4                ll_randomInit
 .text          0x0001c8d8     0x4a30 C:\Users\vkronber\AppData\Local\Temp\cc9Qd1di.ltrans3.ltrans.o
                0x0001e7a8                USART0_RX_IRQHandler
                0x0001e98c                USART2_RX_IRQHandler
                0x0001e98c                I2C0_IRQHandler
                0x0001e98c                WDOG1_IRQHandler
                0x0001e98c                MemManage_Handler
                0x0001e98c                LEUART0_IRQHandler
                0x0001e98c                CSEN_IRQHandler
                0x0001e98c                USART2_TX_IRQHandler
                0x0001e98c                ACMP0_IRQHandler
                0x0001e98c                sl_app_properties
                0x0001e98c                CRYPTO1_IRQHandler
                0x0001e98c                SysTick_Handler
                0x0001e98c                SMU_IRQHandler
                0x0001e98c                IDAC0_IRQHandler
                0x0001e98c                RTCC_IRQHandler
                0x0001e98c                USART0_TX_IRQHandler
                0x0001e98c                WTIMER0_IRQHandler
                0x0001e98c                WDOG0_IRQHandler
                0x0001e98c                TRNG0_IRQHandler
                0x0001e98c                USART1_TX_IRQHandler
                0x0001e98c                UsageFault_Handler
                0x0001e98c                MSC_IRQHandler
                0x0001e98c                PCNT0_IRQHandler
                0x0001e98c                SVC_Handler
                0x0001e98c                PendSV_Handler
                0x0001e98c                CMU_IRQHandler
                0x0001e98c                Default_Handler
                0x0001e98c                I2C1_IRQHandler
                0x0001e98c                LESENSE_IRQHandler
                0x0001e98c                NMI_Handler
                0x0001e98c                LDMA_IRQHandler
                0x0001e98c                DebugMon_Handler
                0x0001e98c                TIMER1_IRQHandler
                0x0001e98c                HardFault_Handler
                0x0001e98c                TIMER0_IRQHandler
                0x0001e98c                FPUEH_IRQHandler
                0x0001e98c                BusFault_Handler
                0x0001e98c                CRYPTO0_IRQHandler
                0x0001e98c                EMU_IRQHandler
                0x0001e98c                VDAC0_IRQHandler
                0x0001e98c                USART1_RX_IRQHandler
                0x0001e98c                CRYOTIMER_IRQHandler
                0x0001ef8c                ADC0_IRQHandler
                0x0001efec                GPIO_ODD_IRQHandler
                0x0001f010                GPIO_EVEN_IRQHandler
                0x0001f034                Reset_Handler
                0x0001f074                CORE_EnterCritical
                0x0001f07c                SystemHFXOClockGet
                0x0001f088                SYSTEM_ChipRevisionGet
                0x0001f0bc                MSC_Deinit
                0x0001f0d0                MSC_Init
                0x0001f0f0                GPIO_PinModeSet
                0x0001f160                EMU_DCDCLnRcoBandSet
                0x0001f188                CORE_EnterAtomic
                0x0001f190                CORE_ExitCritical
                0x0001f196                CORE_ExitAtomic
                0x0001f19a                CMU_OscillatorEnable
                0x0001f348                CMU_ClockSelectGet
                0x0001f410                CMU_ClockEnable
                0x0001f4dc                SystemLFRCOClockGet
                0x0001f4e2                SystemULFRCOClockGet
                0x0001f4e8                SystemLFXOClockGet
                0x0001f4f4                SystemHFClockGet
                0x0001f660                CMU_ClockFreqGet
                0x0001f7e0                CMU_ClockSelectSet
                0x000211e8                _write
                0x0002123c                _sbrk
                0x00021260                _read
                0x000212f0                _lseek
                0x000212f4                _isatty
                0x000212f8                _fstat
                0x00021302                _exit
                0x00021304                _close
 .text.unlikely
                0x00021308       0x64 C:\Users\vkronber\AppData\Local\Temp\cc9Qd1di.ltrans3.ltrans.o
 .text.startup  0x0002136c     0x1840 C:\Users\vkronber\AppData\Local\Temp\cc9Qd1di.ltrans3.ltrans.o
                0x0002136c                main
 .text          0x00022bac     0x595c C:\Users\vkronber\AppData\Local\Temp\cc9Qd1di.ltrans4.ltrans.o
                0x00022dbc                s99706ec9cefad0764102cb5bdcebde1d96496104c401277e87779cc829eec13d.lto_priv.592
                0x00022f0c                s0ef555943a77328c9be5fde3a3a1c5ee2d5b9883d07b40d02b9ddd8382751f83
                0x00022f18                s5c09c78ce000038282facbea8e578d879cb1e24458c166c35a622c948c906e58.lto_priv.398
                0x00022f58                att_buf_send
                0x00022f74                att_send_pdu
                0x00022f80                att_alloc_pdu_copy_data
                0x00022fb6                att_alloc_buf
                0x00022fca                att_alloc_pdu
                0x00022fda                ubt_message_get_gap_adv_report_header
                0x00023006                acl_find_by_index
                0x00023020                acl_find_by_hci_handle
                0x0002303c                s6261974a293c5239df2c750357da7e82f8dcd8b99af88cb966ae52350464a9d6.lto_priv.521.lto_priv.603
                0x00023048                s2c67b870202fec66ddf26c64f0c38ebce8d002b7fb23977d0446d8f2fee32cca.lto_priv.526.lto_priv.594
                0x00023048                s2c67b870202fec66ddf26c64f0c38ebce8d002b7fb23977d0446d8f2fee32cca.lto_priv.525.lto_priv.609
                0x00023058                s44389a8ac9ec1f4417202b0c39c4aa04c48805437e78a0db687ea4ade1f0523b
                0x00023150                sed6d275c1644f5870f983b2532a453e350b77621491aab9776c482c60af3b962
                0x000231bc                s7db2527fd401eaf542b753f433b690be6782df93e6a8b2a07999f9768dcf241e
                0x000231f6                s1052ea8e07a13dbb694b666558717402d20f23702129b1b2594fca4c65508ec8
                0x00023254                sb3ffae400409cf8d6db5a0261cfaf63686ccdf0abf07b80daddfa9e99cb50ec2
                0x0002329c                swapl.lto_priv.469.lto_priv.487
                0x0002329c                swapl.lto_priv.470.lto_priv.471
                0x00023336                sd2cadb709ecca9f947ed0c2d4d8d99bfa79dfcd8daeba4a2cff6ad6b838d21d6.isra.12.lto_priv.455
                0x00023338                s76f1df48e4a5181023c125fb58d433004a940c8d81bf89186fae88683c97367b.lto_priv.596
                0x00023358                s1a4795653743e3857e3a6b4cf7f73c51595de21988c651985d59fa2fd1bb5743.lto_priv.449.lto_priv.450
                0x00023358                s1a4795653743e3857e3a6b4cf7f73c51595de21988c651985d59fa2fd1bb5743.lto_priv.448.lto_priv.484
                0x000234b8                s92b37aaa9ec5cf3bf22b0435e979c841b7e217d7515e70d94d2d64786a265ec1.lto_priv.472
                0x000234b8                s92b37aaa9ec5cf3bf22b0435e979c841b7e217d7515e70d94d2d64786a265ec1.lto_priv.532.lto_priv.597
                0x000234c2                sc393908489c4c368e9318a8288c6a5c179d005ea373b3d82870cfe03ea6b6287.lto_priv.539.lto_priv.599
                0x000234c2                sc393908489c4c368e9318a8288c6a5c179d005ea373b3d82870cfe03ea6b6287.lto_priv.452.lto_priv.466
                0x000234c2                sc393908489c4c368e9318a8288c6a5c179d005ea373b3d82870cfe03ea6b6287.lto_priv.453.lto_priv.454
                0x000234c2                sc393908489c4c368e9318a8288c6a5c179d005ea373b3d82870cfe03ea6b6287.lto_priv.540.lto_priv.601
                0x000234c2                sc393908489c4c368e9318a8288c6a5c179d005ea373b3d82870cfe03ea6b6287.lto_priv.535.lto_priv.607
                0x000234c2                sc393908489c4c368e9318a8288c6a5c179d005ea373b3d82870cfe03ea6b6287.lto_priv.538.lto_priv.602
                0x000234c2                sc393908489c4c368e9318a8288c6a5c179d005ea373b3d82870cfe03ea6b6287.lto_priv.536.lto_priv.606
                0x000234c2                sc393908489c4c368e9318a8288c6a5c179d005ea373b3d82870cfe03ea6b6287.lto_priv.534.lto_priv.656
                0x000234c2                sc393908489c4c368e9318a8288c6a5c179d005ea373b3d82870cfe03ea6b6287.lto_priv.541.lto_priv.595
                0x000234c2                sc393908489c4c368e9318a8288c6a5c179d005ea373b3d82870cfe03ea6b6287.lto_priv.533.lto_priv.658
                0x000234c2                sc393908489c4c368e9318a8288c6a5c179d005ea373b3d82870cfe03ea6b6287.lto_priv.451.lto_priv.485
                0x000234c2                sc393908489c4c368e9318a8288c6a5c179d005ea373b3d82870cfe03ea6b6287.lto_priv.537.lto_priv.605
                0x000234e6                sf5a4b7223536102b50c0384b09a740002d88dae1ab859fa6ae533f4102b13574.lto_priv.459.lto_priv.486
                0x000234e6                sf5a4b7223536102b50c0384b09a740002d88dae1ab859fa6ae533f4102b13574.lto_priv.460.lto_priv.461
                0x00023520                sc3a70966cf984e0c0be065fdf297224c0063258c0e34f108276380f48093aee4.lto_priv.600
                0x0002358c                sde6b8ace8c1c1f296e49a357a91273b96b84d2d93d56f5c92c62b700dc912513
                0x00023606                s7506562fc9b89d75c26feb65f105606dcbdc16c1aa462ef0533f77e5534ad2f5
                0x00023630                s1d2ded0dafe78174c87b66bff868ec9df91c5b5f184d794eb1aad5889f4d16e9
                0x00023658                s159d970698dc3e527243f512748c02159bf5d84debb89a009024b2178c6a4e69
                0x000236d4                s09e08adc186901f795f97605530591010eaca9bbe80a9dadad5ddfb4eb388f94
                0x00023718                s6ff14fe6bc0ca90c95ef60fe5011df1d824e2948bff1d0a161a4f4b84d8643fd
                0x00023754                sd29e2637760b9137aab9bf98a9b541da79429965d7ec299a169c960935bbd404.lto_priv.659
                0x00023784                s87acd33c0eac88824e4413cd64c80b6f14cbeaf6eec577d1064ab9411a19080a
                0x00023860                sbec0cbe303bd593ca84a0f69dcc6edb968abae5a92b36ad914f394d98467557f
                0x00023888                see7a379f97ad6b899d17c425c4f0bf137c6093b04f00532d0821e7a8be8e6b15.lto_priv.598
                0x000238e4                sd5a5764d7b99345d1055a0ec7cd53818205afa9782cc83eec96e76a85ba9d892
                0x00023920                s32bcad62df57d781bb49ae171ad1e8d4313f93a05c3846b3365694849e874fc8
                0x00023998                s0c2e0b5cac430dda0686b9526dcec376d592e497c1dfe8b00134b86b071a7093
                0x00023a10                s02db68217afc72b235f38a71741247dd90161b847a9b4e369760f613a0b8e40b
                0x00023ab8                s07f43ffd9faa0a22b191e0756e79c5b89895da32fd902f6ffd60a0091e50acda
                0x00023ba8                s3ad49a2bf094a61325a0536d8ac8171aaca6fb9f5910ca6dd806c6321ca13e98
                0x00023bc0                sc088f32e04a429472e9721e74869095eea035f1a290c69aeda527ccd93810f8c
                0x00023c0c                s63585770c6ae5c3328d7aa92cc760f5bb14bfcc9dc1d2e134c88d53f9420de77
                0x00023c90                sfe7762df92738633b2a5f93207806ce0274854b94eeb9d03fa92c94c6ebfd8df
                0x00023ccc                s645da1b697ee9275ada820be18567474705476e89923edc66d756660151420af
                0x00023d0c                sa2e0899b5be4db690e8625f942309f691e56fe7ea15549bf6068c98b9f49ad8d
                0x00024094                s9ed26392f672898d9a69ae9d920d8e05b25c4e87e4285f2e4d759cc17d5444f6
                0x00024150                s16671c4bb7b6d8e7bcf499895d40f940971f27e537805451c289edcb3dbfa647
                0x000241a0                s04503efec82ff6ce3f10b9ceae932afea79c6e0615b6e4071a4f20d58cf1938d
                0x000241fc                s58f83e89d7cc67afc3e9e180c2379c2ad386ab8c1af2c1540b1775efdb032830
                0x00024254                s3902d71650020e30d49db221264052dc6b47a41d0998031f5e931f8bc506380e
                0x00024278                s2a8ce4553a4bfa22b7544f7af520042d8d7978856faa6f16c08c9cdcdb2723c0
                0x000242a8                s5758f304d1e9ede43286b555fc7449a9a36461bacaf72c814ebe16a476a994e1
                0x000245e8                s5ad154f4280798c81d8efe614d62f678e3b82aaeb8736c9ee4436aeef40cc5b3
                0x00024674                s86eb02fd0f466d954bb6ef4b143dd56d72ef904efbd40d00dba76579112dd7eb
                0x000247dc                mesh_trans_send_sdu
                0x00024b64                s89b6306be573542508d8a27195da49d14275429e84ba74cfad810d0ba9e10af6
                0x00024c22                s9aa7e38fd4d48aa820b12bb119e41cf2827e9b7238afd6325e74dd3add03c37b.lto_priv.457
                0x00024c70                s0eea92efde56ff2a3d5f41decd03d49f2df1b00030afdce2deae55b064551c2c.lto_priv.456
                0x0002507c                sef8368169f3026584af3f56d801d17e982b031e738f3c443e33ade2a527e60ce
                0x00026144                s7f59fcc55096b2d8416689d8421b79114f59f7ca0bdfdaedd425953cff6d1f8a.lto_priv.664
                0x00026238                sd5823feba9eb9b344ffd6d90a92b7968a62209a61b3e568cc724f2523291fcc8
                0x00026444                s121d5ac45be480f1fae117220f7b4b5ea63da9ab677fff137353de9b358d66d9
                0x00026554                s7808f7a389709abacd73fb358ab76ed70d6fc3f0b4a0dddab4d76c3c9bb971fe
                0x00026654                s8f99fab0cdcfc8bdba2c27eced4721056a1f69c98baba5e6e5d8b01e68640dac
                0x00026860                s67d73d41ee51e37ca4c7e65f4ae187ba531930c46bcc024e08e2e3b894fb80b9
                0x00027f58                s25d9e0e1dad17678be12a1721ea91a9bf6c2691bbe39c55b8c737f5b9076ea2b
                0x000280c4                sb48c1d076c36de14f8d82d2c1aa78f595c177a10d2b48450c868aff376510afc
                0x0002846c                acl_release
 .text.unlikely
                0x00028508      0x23c C:\Users\vkronber\AppData\Local\Temp\cc9Qd1di.ltrans4.ltrans.o
                0x00028508                s99085babac311fc5fab79a02cf16fded3ace0a6094a431d97a3424674523e4b5
                0x00028518                s46c99b7b348b22dd8b82d5d0742d8fc1b11ae0c7d0d1dc031a821d2aabd2389f
                0x00028580                sa0932636d2c0c8ca727ad797757c46d3d02c0f1fe9a5f41b1f2f9f9dfb3cc1f4.lto_priv.544.lto_priv.669
                0x00028590                s990c2e2b50b930d86de78a631d6cd478b2ba0c48f45a124a53b372eccf691cb3
                0x000285da                s588c8ee1c743f34e840fa4f7b4c6601fde65e6b9a212e2ea70e7c1b334959c8b.part.9
                0x00028634                s235b77878ffa15982bc63f39ba97df4deca0129a0b97934227b542958aecfbd1
                0x00028680                s3856d91d63899c53aa1f340d4c84d42cde0c7cb1f1c6c8584a102ceac41f8671
 .text          0x00028744     0x4138 C:\Users\vkronber\AppData\Local\Temp\cc9Qd1di.ltrans5.ltrans.o
                0x000289ee                gecko_init_alloc
                0x00028a20                sli_bt_cmd_system_reset
                0x00028c7c                bgapi_system_handle_rail_assert_failed
                0x0002916c                hci_increase_token
                0x0002917e                handle_bgapi_output.lto_priv.513
                0x00029208                sli_bt_cmd_handler_delegate
                0x00029258                user_signal_message_handler.lto_priv.747
                0x00029284                sli_bt_cmd_system_get_bt_address
                0x000292d0                bgapi_system_listener
                0x0002934c                sli_bt_cmd_flash_ps_save
                0x00029388                sli_bt_cmd_flash_ps_erase_all
                0x000293c0                sli_bt_cmd_le_connection_close
                0x000293fc                sli_bt_cmd_hardware_set_soft_timer
                0x0002949c                bgapi_hardware_soft_timer_listener
                0x000294fc                bgapi_ubt_message_handler.lto_priv.758
                0x000296f4                bgapi_ubt_listener
                0x000299bc                gatt_db_find_attribute_by_type
                0x000299f4                gatt_db_get_16bit_char_handle
                0x00029bf0                sli_bt_cmd_gatt_server_send_characteristic_notification
                0x00029cc0                gatt_db_get_data
                0x00029f34                gatt_db_calculate_hash
                0x0002a00c                validate_scanning_phymask.lto_priv.514
                0x0002a03c                gap_stop_advertising
                0x0002a068                ubt_gap_set_adv_data
                0x0002a144                check_private_address_and_timer
                0x0002a214                gap_start_advertising.part.19
                0x0002a5c6                bondingdb_handle_valid.lto_priv.763
                0x0002a5e8                ubt_sm_get_bond_data
                0x0002a818                bondingdb_is_bonded
                0x0002aa10                ubt_sm_set_bond_data
                0x0002aa68                gatt_db_set_data
                0x0002acf6                sli_bt_cmd_gatt_server_send_user_write_response
                0x0002adac                sli_bt_cmd_gatt_server_write_attribute_value
                0x0002ae10                handle_database_changed.part.3.lto_priv.445
                0x0002af78                gecko_stack_update_callback
                0x0002af88                LETIMER0_IRQHandler
                0x0002afc4                timerGetRunTimeMilliseconds
                0x0002aff8                reset_periodic_timer
                0x0002b03c                hci_send_command
                0x0002b074                hci_state_listener_idle
                0x0002c50c                hci_state_listener_init
                0x0002c534                hci_state_listener_init_default_data_length
                0x0002c5a4                gap_scan_update
                0x0002c6ac                gap_listener
 .text.unlikely
                0x0002c87c      0x2ec C:\Users\vkronber\AppData\Local\Temp\cc9Qd1di.ltrans5.ltrans.o
 .text          0x0002cb68     0x4344 C:\Users\vkronber\AppData\Local\Temp\cc9Qd1di.ltrans6.ltrans.o
                0x0002cf94                ccm_ctx_alloc.lto_priv.439
                0x0002cfae                ccm_aes_setkey_wrap.lto_priv.438
                0x0002cfb2                bgapi_test_lib_msg_handler
                0x0002d010                sli_bt_cmd_le_gap_set_advertise_configuration
                0x0002d0d8                sli_bt_cmd_le_gap_set_advertise_report_scan_request
                0x0002d148                sli_bt_cmd_le_gap_set_advertise_channel_map
                0x0002d1ac                sli_bt_cmd_le_gap_set_advertise_timing
                0x0002d248                sli_bt_cmd_le_gap_set_discovery_type
                0x0002d2a4                sli_bt_cmd_le_gap_set_discovery_timing
                0x0002d324                sli_bt_cmd_le_gap_start_discovery
                0x0002d3b4                sli_bt_cmd_le_gap_end_procedure
                0x0002d400                sli_bt_cmd_le_gap_stop_advertising
                0x0002d430                sli_bt_cmd_le_gap_start_advertising
                0x0002d47c                sli_bt_cmd_le_gap_bt5_set_adv_data
                0x0002d4f0                ll_channelmapAlgorithm2
                0x0002d570                ll_channelmapUpdate
                0x0002d5ee                ll_channelmapUsedChannels
                0x0002d616                ll_channelmapGetChannelMap
                0x0002d630                ll_advExtUpdateChannelMap
                0x0002d650                ll_advGetByHandle
                0x0002d698                set_change_awareness
                0x0002d6d0                set_client_features
                0x0002d730                mbedtls_zeroize.lto_priv.442
                0x0002d730                mbedtls_zeroize.lto_priv.493.lto_priv.660
                0x0002d730                mbedtls_zeroize.lto_priv.494.lto_priv.566
                0x0002d730                zeroize
                0x0002d740                crypto_management_release
                0x0002d774                CRYPTO_DataReadUnaligned.lto_priv.480.lto_priv.490
                0x0002d774                CRYPTO_DataReadUnaligned.lto_priv.481.lto_priv.482
                0x0002d7b2                CRYPTO_DataWriteUnaligned.lto_priv.478.lto_priv.479
                0x0002d7b2                CRYPTO_DataWriteUnaligned.lto_priv.477.lto_priv.489
                0x0002d7f6                mbedtls_aes_init.part.4
                0x0002d7fe                aes_ctx_free.lto_priv.437
                0x0002d812                aes_ctx_alloc.lto_priv.436
                0x0002d828                mbedtls_aes_setkey_enc
                0x0002d864                aes_setkey_enc_wrap.lto_priv.434
                0x0002d866                mbedtls_cipher_update
                0x0002d908                mbedtls_cipher_cmac_finish
                0x0002da18                mbedtls_cipher_cmac_update
                0x0002dae0                mbedtls_cipher_setup
                0x0002db14                mbedtls_cipher_free
                0x0002db42                mbedtls_ccm_free
                0x0002db54                ccm_ctx_free.lto_priv.440
                0x0002db66                mbedtls_mpi_cmp_mpi
                0x0002dbe6                mbedtls_mpi_cmp_int
                0x0002dc00                mbedtls_mpi_bitlen
                0x0002dc40                mbedtls_mpi_grow
                0x0002dc94                mbedtls_mpi_lset
                0x0002dcbc                mbedtls_mpi_shift_r
                0x0002dd9e                mbedtls_mpi_free
                0x0002ddca                mbedtls_ecp_point_free.part.8
                0x0002dde4                mbedtls_ecp_point_free
                0x0002ddea                mbedtls_ecp_group_free
                0x0002de46                mbedtls_mpi_read_binary
                0x0002deb2                mbedtls_mpi_copy
                0x0002df06                mbedtls_ecp_copy
                0x0002e6c0                mbedtls_mpi_sub_mpi
                0x0002eb78                mbedtls_ecp_check_pubkey
                0x0002ed0c                bgbuf_chain_add
                0x0002ed20                bgbuf_chain_len
                0x0002ed34                ll_advGetMaxEventLength
                0x0002ee60                bgbuf_prepend_no_alloc
                0x0002eea2                bgbuf_chain_pop_packet
                0x0002eec8                bgbuf_append_data
                0x0002f1a8                bg_pool_free
                0x0002f1f8                bg_pool_alloc
                0x0002f214                bg_message_run
                0x0002f2a0                bg_message_call
                0x0002f2ce                bg_message_remove_receivers
                0x0002f304                bg_message_enqueue_free_callback.lto_priv.444
                0x0002f3b8                bg_message_send
                0x0002f3cc                bg_message_cancel_matching
                0x0002f428                bg_malloc
                0x0002f446                bg_message_add_receiver
                0x0002f46a                bg_zalloc
                0x0002f482                bg_event_raise
                0x0002f4ac                bg_event_allocate
                0x0002f4d8                att_send_execute_write_response
                0x0002f4f4                att_send_write_response
                0x0002f510                att_send_error_response
                0x0002f538                ll_advUpdateMaxEventLength
                0x0002f56c                bgbuf_free
                0x0002f5ec                bgbuf_get_data.part.1.lto_priv.707
                0x0002f6d2                bgbuf_copy_to
                0x0002f6e8                bgbuf_chain_defragment
                0x0002f774                bgbuf_chain_drop_end
                0x0002f7b6                bgbuf_chain_drop
                0x0002f7e2                bgbuf_chain_free
                0x0002f7f6                ll_advTaskStopHandle
                0x0002faa0                bgapi_gatt_listener
                0x0002fdb0                bgbuf_alloc_int.lto_priv.441
                0x0002fe68                bgbuf_chain_append_data
                0x0002fecc                bgbuf_clone_head
                0x0002ff1e                bgbuf_clone
                0x0002ff90                bgbuf_alloc_copy_data
                0x0002ffba                bgbuf_alloc
                0x0002ffc6                bgbuf_chain_prepend_data
                0x00030050                bgbuf_prepend
                0x0003007a                crypto_management_acquire_preemption
                0x000301f8                crypto_management_release_preemption
                0x000303ca                CRYPTO_KeyBufWriteUnaligned.lto_priv.475.lto_priv.476
                0x000303ca                CRYPTO_KeyBufWriteUnaligned.lto_priv.474.lto_priv.488
                0x000305bc                aes_crypt_ctr_wrap.lto_priv.433
                0x00030658                bg_random_get_data
                0x000306b8                mbedtls_aes_crypt_ecb
                0x0003075c                aes_crypt_ecb_wrap.lto_priv.432
                0x0003075e                aes_setkey_dec_wrap.lto_priv.435
                0x00030970                ll_advExtTaskHandlerWaitTx
                0x00030d48                ll_advTaskHandlerWaitTx
                0x00030d88                ll_advSetData
 .text.unlikely
                0x00030eac      0x3b0 C:\Users\vkronber\AppData\Local\Temp\cc9Qd1di.ltrans6.ltrans.o
                0x00030f3a                mbedtls_mpi_safe_cond_assign
                0x00030fa2                ecp_safe_invert_jac.lto_priv.467
                0x00030fea                ecp_normalize_jac_many.lto_priv.468
 .text          0x0003125c     0x3e9c C:\Users\vkronber\AppData\Local\Temp\cc9Qd1di.ltrans7.ltrans.o
                0x000314b0                sad65890ac49473d3ec66f16acf191233a03f7f21cee8ac53a213b1d160a0e606
                0x000314b4                s764c798ce9d65a98edc58937a29f7525dda2e846b9d91a64be055f42073d4e87
                0x00031588                gecko_cmd_hardware_set_soft_timer.constprop.391
                0x000315c8                gecko_register_bgapi_library.constprop.375
                0x00031604                bgbuf_alloc_size.constprop.367
                0x00031618                bg_pool_init_pool.constprop.333
                0x00031694                USART_InitSync.constprop.315
                0x00031758                gecko_cmd_mesh_sensor_server_send_status.constprop.301
                0x000317bc                gecko_cmd_gatt_server_write_attribute_value.constprop.297
                0x0003180c                ADC_PrescaleCalc.constprop.271
                0x00031830                s3ce653f168fe1a8c273a7766ae1e5e3bde8173e634ba371528bc3323bee070c5.constprop.250
                0x0003192c                ccm_auth_crypt.constprop.249
                0x00031bd8                mbedtls_ccm_setkey.constprop.246
                0x00031c30                s27e83e23843ae2b788db1fb197445cc9e47a807bc7351e21f0320197f08fe99f.constprop.245
                0x00031cde                sace7cc2517b6e779d2525fdf3fc3e00bef8d2385b43bda0bae4205c3976f8f6c.constprop.241
                0x00031d78                sa6f04ebafc4f26bf78f8cc9b25fb956905f86b66c47dbd9c1967380f294bc212.constprop.232
                0x00031dd4                s422e0eb265b84bc3369f6ff2639ac5c4039271703ebe6a1b7d32300956e1aef1.constprop.230
                0x00031e18                gecko_cmd_le_gap_bt5_set_adv_data.constprop.227
                0x00031e78                bondingdb_find_by_data.part.2.constprop.208
                0x00031ec8                ubt_message_call.constprop.205
                0x00031f10                hci_command_init_shared_bgbuf.constprop.204
                0x00031f64                swap_endianess.constprop.201
                0x00031f80                gatt_set_enabled_caps.constprop.184
                0x00031fd8                ll_randomGetData.constprop.160
                0x00032018                _mesh_foundation_send_byte_array_impl.constprop.133
                0x000320cc                s8f68d5bf5cfee900ce165f9d87ea959034d8fb13e81d4214af6a9112e94e8e3f.constprop.132
                0x00032198                sec0548437a174f3d4d8bcc51083029fe9b4c2dae70287fa7fc14fa71ab3e627a.constprop.126
                0x00032250                s5112f0b94e0fd6936eebce8f26c70de650d391f208dd130dfab248aa3facffde.part.5.constprop.117
                0x000322d4                s2a9aee7eec13ab6a4407898138b1cf95f68627323ca7273e76209e80bb70b031.constprop.97
                0x000322f0                ubt_gap_set_le_mode.constprop.96
                0x00032338                s0a025c619d89b448e0386c71465bfb1f8a8b503b9faaddbff1b002410cb62c6c.constprop.88
                0x0003234e                sb590193b77980aa89e08a7733d7e8e180af3795d3b578780cead60719831e663.constprop.80
                0x000323b0                mbedtls_mpi_write_binary.constprop.74
                0x0003241a                mbedtls_ecp_group_load.constprop.55
                0x00032488                sa1aabd5b2c2178c6c7df821ce9095e134412afc3f66f2d59459370a9275e2d2d.constprop.52
                0x0003260c                sb32f6b293da93fb92eeaafceaf6c7e0662b7dd0e49ebf74606de4345acef4e74.constprop.44
                0x000326d8                s6dc2cd70b9acccc5db0922954a0cb41c4b82a0d81a696646df6135d7988cb72d.constprop.22
                0x00032788                s70cb8150a9da451ef1107901ffd71e42403ccb214904bfb891ee72b6683e97cf.constprop.20
                0x0003287c                header_invalid
                0x0003289a                crc32_calc.lto_priv.687
                0x000328c8                find_obj
                0x00032928                nvm3_readData.constprop.351
                0x0003295c                erase_db
                0x0003298c                ecp_crypto_device_init.isra.0.lto_priv.500
                0x000329d0                mbedtls_internal_ecp_grp_capable
                0x000329da                ecp_crypto_ddata_write.lto_priv.501
                0x00032a50                mpitobigint.lto_priv.499
                0x00032a8e                CRYPTO_InstructionSequenceWait.lto_priv.399.lto_priv.509
                0x00032a8e                CRYPTO_InstructionSequenceWait.lto_priv.400.lto_priv.503
                0x00032a96                CRYPTO_DDataRead.lto_priv.405.lto_priv.511
                0x00032a96                CRYPTO_DDataRead.lto_priv.406.lto_priv.504
                0x00032aba                CRYPTO_DData0Read260.lto_priv.403.lto_priv.510
                0x00032ad0                CRYPTO_DDataWrite.lto_priv.409.lto_priv.502
                0x00032ad0                CRYPTO_DDataWrite.lto_priv.408.lto_priv.507
                0x00032ad0                CRYPTO_DDataWrite.lto_priv.407.lto_priv.512
                0x00032af4                CRYPTO_DData0Write260.lto_priv.401.lto_priv.508
                0x00032b0c                s2086c55b51786c589c157ffac2e7c509f5b2e105f0845a69571f5100af85a8d3
                0x00032b38                ll_linkGetWindowWidening
                0x00032b94                ll_connEncDataToBuffer
                0x00032bbc                ll_connEncBufferToData
                0x00032be8                ll_connValidateParams
                0x00032c22                ll_connUpdatedChannelClassification
                0x00032c90                ll_connUpdateMaxPacketLengths
                0x00032d00                ll_connGetHandleByConn
                0x00032d30                ll_connGetByHandle
                0x00032d5c                ll_connSetMaxRuntime.lto_priv.692
                0x00032d76                bg_bit_clr_exclusive.lto_priv.416.lto_priv.689
                0x00032d76                bg_bit_clr_exclusive.lto_priv.415.lto_priv.498
                0x00032d76                bg_bit_clr_exclusive.lto_priv.413.lto_priv.691
                0x00032d76                bg_bit_clr_exclusive.lto_priv.414.lto_priv.694
                0x00032d76                bg_bit_clr_exclusive.lto_priv.412.lto_priv.518
                0x00032d88                bg_bit_set_exclusive.lto_priv.423.lto_priv.690
                0x00032d88                bg_bit_set_exclusive.lto_priv.420.lto_priv.688
                0x00032d88                bg_bit_set_exclusive.lto_priv.418.lto_priv.696
                0x00032d88                bg_bit_set_exclusive.lto_priv.419.lto_priv.695
                0x00032d88                bg_bit_set_exclusive.lto_priv.421.lto_priv.516
                0x00032d88                bg_bit_set_exclusive.lto_priv.422.lto_priv.497
                0x00032d88                bg_bit_set_exclusive.lto_priv.417.lto_priv.517
                0x00032d98                ll_connEncryptionConnectionInit
                0x00032dce                ll_connRaiseEvents
                0x00032dec                ll_connInitNew
                0x0003323c                bg_bit_clr_atomic.lto_priv.425.lto_priv.686
                0x0003323c                bg_bit_clr_atomic.lto_priv.424.lto_priv.693
                0x0003323c                bg_bit_clr_atomic.lto_priv.426.lto_priv.760
                0x00033254                bg_bit_set_atomic.lto_priv.429.lto_priv.685
                0x00033254                bg_bit_set_atomic.lto_priv.430.lto_priv.515
                0x00033254                bg_bit_set_atomic.lto_priv.428.lto_priv.519
                0x00033710                nvm3_writeData.constprop.352
                0x000339a0                sab534f3a77a58bf6f26722b7d19155b3c1face143bb890dcfdd107444a526018.constprop.239
                0x00033b6c                store_delete.part.1.constprop.328
                0x00033c08                ecp_crypto_ddata_read.lto_priv.506
                0x00033fc4                crypto_mpi_div_mod.lto_priv.505
                0x000341dc                mbedtls_internal_ecp_normalize_jac
                0x000342c0                sl_free
                0x000342d6                sl_calloc
                0x000342ee                mbedtls_ecp_mul.constprop.61
                0x00034728                ll_connFree
                0x00034784                ll_connAlloc
                0x000347e8                mbedtls_cipher_cmac_starts.constprop.342
                0x00034834                se3d6193c1babf0d589d0f0014f0ae31b048d1d5813483c434c8366f3b97dbd1a.constprop.138
                0x00034a24                sc6388497a7092333636cb966d5f9dc3e857398abc69122c796eaf60a3bd729eb.constprop.89
                0x00034ac2                s4a7f6416e10a17e4b02f6925fb6f5235611ddfd0c20242122f1944084303872d.constprop.137
                0x00034b48                ll_connEncryptionSetSessionKey
                0x00034ef8                ll_connSendData
                0x000350c8                ll_connEnableDataFlow
                0x000350e0                ll_connEncryptionFail
 .text.unlikely
                0x000350f8      0x304 C:\Users\vkronber\AppData\Local\Temp\cc9Qd1di.ltrans7.ltrans.o
                0x00035162                l2cap_send_command_reject.constprop.180
                0x000351aa                s81ed4c1d73d99fe1faa2461c6532474dd141f2c8f830772fd3ca33cea5a981c7.part.4.constprop.115
                0x00035218                s2cb9803e3061f133a9c690d798942d936ca2d703e23fafaece9ee6af762dc19a.constprop.109
 .text.RAIL_InitTxPowerCurvesAlt
                0x000353fc       0x20 C:\Users\vkronber\SimplicityStudio\v4_workspace\course-project-victorkronberg_update\platform\radio\rail_lib\autogen\librail_release\librail_efr32xg13_gcc_release.a(pa_conversions_efr32.o)
                0x000353fc                RAIL_InitTxPowerCurvesAlt
 .text.RAIL_ConvertDbmToRaw
                0x0003541c       0xbc C:\Users\vkronber\SimplicityStudio\v4_workspace\course-project-victorkronberg_update\platform\radio\rail_lib\autogen\librail_release\librail_efr32xg13_gcc_release.a(pa_conversions_efr32.o)
                0x0003541c                RAIL_ConvertDbmToRaw
 .text.RAIL_ConvertRawToDbm
                0x000354d8       0xb0 C:\Users\vkronber\SimplicityStudio\v4_workspace\course-project-victorkronberg_update\platform\radio\rail_lib\autogen\librail_release\librail_efr32xg13_gcc_release.a(pa_conversions_efr32.o)
                0x000354d8                RAIL_ConvertRawToDbm
 .text.setMultiTimer
                0x00035588        0x4 C:\Users\vkronber\SimplicityStudio\v4_workspace\course-project-victorkronberg_update\platform\radio\rail_lib\autogen\librail_release\librail_efr32xg13_gcc_release.a(rail_singleprotocol.o)
 .text.cancelMultiTimer
                0x0003558c        0x4 C:\Users\vkronber\SimplicityStudio\v4_workspace\course-project-victorkronberg_update\platform\radio\rail_lib\autogen\librail_release\librail_efr32xg13_gcc_release.a(rail_singleprotocol.o)
 .text.isMultiTimerExpired
                0x00035590        0x4 C:\Users\vkronber\SimplicityStudio\v4_workspace\course-project-victorkronberg_update\platform\radio\rail_lib\autogen\librail_release\librail_efr32xg13_gcc_release.a(rail_singleprotocol.o)
 .text.getMultiTimer
                0x00035594        0x4 C:\Users\vkronber\SimplicityStudio\v4_workspace\course-project-victorkronberg_update\platform\radio\rail_lib\autogen\librail_release\librail_efr32xg13_gcc_release.a(rail_singleprotocol.o)
 .text.getActiveTimerCb
                0x00035598       0x18 C:\Users\vkronber\SimplicityStudio\v4_workspace\course-project-victorkronberg_update\platform\radio\rail_lib\autogen\librail_release\librail_efr32xg13_gcc_release.a(rail_singleprotocol.o)
 .text.isMultiTimerRunning
                0x000355b0        0x4 C:\Users\vkronber\SimplicityStudio\v4_workspace\course-project-victorkronberg_update\platform\radio\rail_lib\autogen\librail_release\librail_efr32xg13_gcc_release.a(rail_singleprotocol.o)
 .text.RAIL_Init
                0x000355b4       0x2c C:\Users\vkronber\SimplicityStudio\v4_workspace\course-project-victorkronberg_update\platform\radio\rail_lib\autogen\librail_release\librail_efr32xg13_gcc_release.a(rail_singleprotocol.o)
                0x000355b4                RAIL_Init
 .text.RAIL_GetSchedulerStatus
                0x000355e0        0x4 C:\Users\vkronber\SimplicityStudio\v4_workspace\course-project-victorkronberg_update\platform\radio\rail_lib\autogen\librail_release\librail_efr32xg13_gcc_release.a(rail_singleprotocol.o)
                0x000355e0                RAIL_GetSchedulerStatus
 .text.RAIL_ConfigSleep
                0x000355e4       0x14 C:\Users\vkronber\SimplicityStudio\v4_workspace\course-project-victorkronberg_update\platform\radio\rail_lib\autogen\librail_release\librail_efr32xg13_gcc_release.a(rail_singleprotocol.o)
                0x000355e4                RAIL_ConfigSleep
 .text.RAIL_Wake
                0x000355f8        0x4 C:\Users\vkronber\SimplicityStudio\v4_workspace\course-project-victorkronberg_update\platform\radio\rail_lib\autogen\librail_release\librail_efr32xg13_gcc_release.a(rail_singleprotocol.o)
                0x000355f8                RAIL_Wake
 .text.RAIL_Sleep
                0x000355fc       0x18 C:\Users\vkronber\SimplicityStudio\v4_workspace\course-project-victorkronberg_update\platform\radio\rail_lib\autogen\librail_release\librail_efr32xg13_gcc_release.a(rail_singleprotocol.o)
                0x000355fc                RAIL_Sleep
 .text.RAIL_Idle
                0x00035614        0x8 C:\Users\vkronber\SimplicityStudio\v4_workspace\course-project-victorkronberg_update\platform\radio\rail_lib\autogen\librail_release\librail_efr32xg13_gcc_release.a(rail_singleprotocol.o)
                0x00035614                RAIL_Idle
 .text.RAIL_YieldRadio
                0x0003561c        0x2 C:\Users\vkronber\SimplicityStudio\v4_workspace\course-project-victorkronberg_update\platform\radio\rail_lib\autogen\librail_release\librail_efr32xg13_gcc_release.a(rail_singleprotocol.o)
                0x0003561c                RAIL_YieldRadio
 .text.RAIL_GetRadioEntropy
                0x0003561e        0x8 C:\Users\vkronber\SimplicityStudio\v4_workspace\course-project-victorkronberg_update\platform\radio\rail_lib\autogen\librail_release\librail_efr32xg13_gcc_release.a(rail_singleprotocol.o)
                0x0003561e                RAIL_GetRadioEntropy
 .text.RAIL_SetTimer
                0x00035626       0x1c C:\Users\vkronber\SimplicityStudio\v4_workspace\course-project-victorkronberg_update\platform\radio\rail_lib\autogen\librail_release\librail_efr32xg13_gcc_release.a(rail_singleprotocol.o)
                0x00035626                RAIL_SetTimer
 .text.RAIL_CancelTimer
                0x00035642        0xe C:\Users\vkronber\SimplicityStudio\v4_workspace\course-project-victorkronberg_update\platform\radio\rail_lib\autogen\librail_release\librail_efr32xg13_gcc_release.a(rail_singleprotocol.o)
                0x00035642                RAIL_CancelTimer
 .text.RAIL_StartTx
                0x00035650        0x8 C:\Users\vkronber\SimplicityStudio\v4_workspace\course-project-victorkronberg_update\platform\radio\rail_lib\autogen\librail_release\librail_efr32xg13_gcc_release.a(rail_singleprotocol.o)
                0x00035650                RAIL_StartTx
 .text.RAIL_StartScheduledTx
                0x00035658        0x8 C:\Users\vkronber\SimplicityStudio\v4_workspace\course-project-victorkronberg_update\platform\radio\rail_lib\autogen\librail_release\librail_efr32xg13_gcc_release.a(rail_singleprotocol.o)
                0x00035658                RAIL_StartScheduledTx
 .text.RAIL_ScheduleRx
                0x00035660        0x8 C:\Users\vkronber\SimplicityStudio\v4_workspace\course-project-victorkronberg_update\platform\radio\rail_lib\autogen\librail_release\librail_efr32xg13_gcc_release.a(rail_singleprotocol.o)
                0x00035660                RAIL_ScheduleRx
 .text.radioConfigChangedDefault
                0x00035668        0x2 C:\Users\vkronber\SimplicityStudio\v4_workspace\course-project-victorkronberg_update\platform\radio\rail_lib\autogen\librail_release\librail_efr32xg13_gcc_release.a(rail_rf.o)
 .text.isTransitionState
                0x0003566a       0x12 C:\Users\vkronber\SimplicityStudio\v4_workspace\course-project-victorkronberg_update\platform\radio\rail_lib\autogen\librail_release\librail_efr32xg13_gcc_release.a(rail_rf.o)
 .text.RAILCore_Idle.part.2
                0x0003567c        0xc C:\Users\vkronber\SimplicityStudio\v4_workspace\course-project-victorkronberg_update\platform\radio\rail_lib\autogen\librail_release\librail_efr32xg13_gcc_release.a(rail_rf.o)
 .text.RAIL_UnlockModule
                0x00035688        0x4 C:\Users\vkronber\SimplicityStudio\v4_workspace\course-project-victorkronberg_update\platform\radio\rail_lib\autogen\librail_release\librail_efr32xg13_gcc_release.a(rail_rf.o)
                0x00035688                RAIL_UnlockModule
 .text.RAILCore_Init
                0x0003568c       0x1e C:\Users\vkronber\SimplicityStudio\v4_workspace\course-project-victorkronberg_update\platform\radio\rail_lib\autogen\librail_release\librail_efr32xg13_gcc_release.a(rail_rf.o)
                0x0003568c                RAILINT_59121321a1358ecc506fdb12a688e30c
 *fill*         0x000356aa        0x2 
 .text.RAILInt_SetCallbackConfig
                0x000356ac       0x28 C:\Users\vkronber\SimplicityStudio\v4_workspace\course-project-victorkronberg_update\platform\radio\rail_lib\autogen\librail_release\librail_efr32xg13_gcc_release.a(rail_rf.o)
                0x000356ac                RAILINT_67b8f114888c610aba62f28a55421a70
 .text.RAILCore_Idle
                0x000356d4       0x14 C:\Users\vkronber\SimplicityStudio\v4_workspace\course-project-victorkronberg_update\platform\radio\rail_lib\autogen\librail_release\librail_efr32xg13_gcc_release.a(rail_rf.o)
                0x000356d4                RAILINT_c5804fbffcb4bb00ba2d55e8180afacd
 .text.RAILCb_CalcSymbolRate
                0x000356e8        0x8 C:\Users\vkronber\SimplicityStudio\v4_workspace\course-project-victorkronberg_update\platform\radio\rail_lib\autogen\librail_release\librail_efr32xg13_gcc_release.a(rail_rf.o)
                0x000356e8                RAILCb_CalcSymbolRate
 .text.RAILCb_CalcBitRate
                0x000356f0        0x8 C:\Users\vkronber\SimplicityStudio\v4_workspace\course-project-victorkronberg_update\platform\radio\rail_lib\autogen\librail_release\librail_efr32xg13_gcc_release.a(rail_rf.o)
                0x000356f0                RAILCb_CalcBitRate
 .text.RAIL_SetStateTiming
                0x000356f8        0x8 C:\Users\vkronber\SimplicityStudio\v4_workspace\course-project-victorkronberg_update\platform\radio\rail_lib\autogen\librail_release\librail_efr32xg13_gcc_release.a(rail_rf.o)
                0x000356f8                RAIL_SetStateTiming
 .text.RAILInt_ComputeSetChannel
                0x00035700       0xac C:\Users\vkronber\SimplicityStudio\v4_workspace\course-project-victorkronberg_update\platform\radio\rail_lib\autogen\librail_release\librail_efr32xg13_gcc_release.a(rail_rf.o)
                0x00035700                RAILINT_72eb364d7718334eae17f88a79f3de40
 .text.RAILInt_SetChannelRaw
                0x000357ac      0x140 C:\Users\vkronber\SimplicityStudio\v4_workspace\course-project-victorkronberg_update\platform\radio\rail_lib\autogen\librail_release\librail_efr32xg13_gcc_release.a(rail_rf.o)
                0x000357ac                RAILINT_a7edce70c9b1ddcd5d57d31ae701eb09
 .text.RAILInt_SetChannel
                0x000358ec       0x30 C:\Users\vkronber\SimplicityStudio\v4_workspace\course-project-victorkronberg_update\platform\radio\rail_lib\autogen\librail_release\librail_efr32xg13_gcc_release.a(rail_rf.o)
                0x000358ec                RAILINT_e0dfaecc04939a24e643c7a83fed51fa
 .text.RAILCore_ConfigChannels
                0x0003591c       0x70 C:\Users\vkronber\SimplicityStudio\v4_workspace\course-project-victorkronberg_update\platform\radio\rail_lib\autogen\librail_release\librail_efr32xg13_gcc_release.a(rail_rf.o)
                0x0003591c                RAILINT_4d8e913cc0a2a756e4017ab74ecff076
 .text.RAILInt_GetChannel
                0x0003598c        0x4 C:\Users\vkronber\SimplicityStudio\v4_workspace\course-project-victorkronberg_update\platform\radio\rail_lib\autogen\librail_release\librail_efr32xg13_gcc_release.a(rail_rf.o)
                0x0003598c                RAILINT_aa7b882f5023851e2f6a935b3993ee64
 .text.RAILCore_SetTxTransitions
                0x00035990       0x3c C:\Users\vkronber\SimplicityStudio\v4_workspace\course-project-victorkronberg_update\platform\radio\rail_lib\autogen\librail_release\librail_efr32xg13_gcc_release.a(rail_rf.o)
                0x00035990                RAILINT_60c29796d4368fee9b7d114bf204b331
 .text.RAIL_SetTxTransitions
                0x000359cc        0x8 C:\Users\vkronber\SimplicityStudio\v4_workspace\course-project-victorkronberg_update\platform\radio\rail_lib\autogen\librail_release\librail_efr32xg13_gcc_release.a(rail_rf.o)
                0x000359cc                RAIL_SetTxTransitions
 .text.RAILCore_SetRxTransitions
                0x000359d4       0x38 C:\Users\vkronber\SimplicityStudio\v4_workspace\course-project-victorkronberg_update\platform\radio\rail_lib\autogen\librail_release\librail_efr32xg13_gcc_release.a(rail_rf.o)
                0x000359d4                RAILINT_20405add256d5061bc482206e21c44d6
 .text.RAIL_SetRxTransitions
                0x00035a0c        0x8 C:\Users\vkronber\SimplicityStudio\v4_workspace\course-project-victorkronberg_update\platform\radio\rail_lib\autogen\librail_release\librail_efr32xg13_gcc_release.a(rail_rf.o)
                0x00035a0c                RAIL_SetRxTransitions
 .text.RAIL_ConfigEvents
                0x00035a14       0x14 C:\Users\vkronber\SimplicityStudio\v4_workspace\course-project-victorkronberg_update\platform\radio\rail_lib\autogen\librail_release\librail_efr32xg13_gcc_release.a(rail_rf.o)
                0x00035a14                RAIL_ConfigEvents
 .text.RAIL_ConfigRxOptions
                0x00035a28        0x8 C:\Users\vkronber\SimplicityStudio\v4_workspace\course-project-victorkronberg_update\platform\radio\rail_lib\autogen\librail_release\librail_efr32xg13_gcc_release.a(rail_rx.o)
                0x00035a28                RAIL_ConfigRxOptions
 .text.RAILCore_ScheduleRx
                0x00035a30       0x2c C:\Users\vkronber\SimplicityStudio\v4_workspace\course-project-victorkronberg_update\platform\radio\rail_lib\autogen\librail_release\librail_efr32xg13_gcc_release.a(rail_rx.o)
                0x00035a30                RAILINT_086017fdb374a998d21f5428f8f3accf
 .text.RAILCb_ConfigFrameTypeLength
                0x00035a5c        0x4 C:\Users\vkronber\SimplicityStudio\v4_workspace\course-project-victorkronberg_update\platform\radio\rail_lib\autogen\librail_release\librail_efr32xg13_gcc_release.a(rail_rx.o)
                0x00035a5c                RAILCb_ConfigFrameTypeLength
 .text.RAIL_GetTxPower
                0x00035a60        0x8 C:\Users\vkronber\SimplicityStudio\v4_workspace\course-project-victorkronberg_update\platform\radio\rail_lib\autogen\librail_release\librail_efr32xg13_gcc_release.a(rail_tx.o)
                0x00035a60                RAIL_GetTxPower
 .text.RAIL_ConfigTxPower
                0x00035a68       0x20 C:\Users\vkronber\SimplicityStudio\v4_workspace\course-project-victorkronberg_update\platform\radio\rail_lib\autogen\librail_release\librail_efr32xg13_gcc_release.a(rail_tx.o)
                0x00035a68                RAIL_ConfigTxPower
 .text.RAIL_VerifyTxPowerCurves
                0x00035a88        0x4 C:\Users\vkronber\SimplicityStudio\v4_workspace\course-project-victorkronberg_update\platform\radio\rail_lib\autogen\librail_release\librail_efr32xg13_gcc_release.a(rail_tx.o)
                0x00035a88                RAIL_VerifyTxPowerCurves
 .text.RAIL_GetTxPowerConfig
                0x00035a8c        0x8 C:\Users\vkronber\SimplicityStudio\v4_workspace\course-project-victorkronberg_update\platform\radio\rail_lib\autogen\librail_release\librail_efr32xg13_gcc_release.a(rail_tx.o)
                0x00035a8c                RAIL_GetTxPowerConfig
 .text.RAIL_SetTxPowerDbm
                0x00035a94       0x36 C:\Users\vkronber\SimplicityStudio\v4_workspace\course-project-victorkronberg_update\platform\radio\rail_lib\autogen\librail_release\librail_efr32xg13_gcc_release.a(rail_tx.o)
                0x00035a94                RAIL_SetTxPowerDbm
 .text.RAILInt_PendCal
                0x00035aca       0x24 C:\Users\vkronber\SimplicityStudio\v4_workspace\course-project-victorkronberg_update\platform\radio\rail_lib\autogen\librail_release\librail_efr32xg13_gcc_release.a(rail_calibration.o)
                0x00035aca                RAILINT_3f0b6529856489702e1c986caf70e7aa
 .text.RAIL_WriteTxFifo
                0x00035aee        0x8 C:\Users\vkronber\SimplicityStudio\v4_workspace\course-project-victorkronberg_update\platform\radio\rail_lib\autogen\librail_release\librail_efr32xg13_gcc_release.a(rail_data.o)
                0x00035aee                RAIL_WriteTxFifo
 .text.RAIL_SetTxFifo
                0x00035af6        0x8 C:\Users\vkronber\SimplicityStudio\v4_workspace\course-project-victorkronberg_update\platform\radio\rail_lib\autogen\librail_release\librail_efr32xg13_gcc_release.a(rail_data.o)
                0x00035af6                RAIL_SetTxFifo
 .text.RAIL_SetRxFifo
                0x00035afe        0x8 C:\Users\vkronber\SimplicityStudio\v4_workspace\course-project-victorkronberg_update\platform\radio\rail_lib\autogen\librail_release\librail_efr32xg13_gcc_release.a(rail_data.o)
                0x00035afe                RAIL_SetRxFifo
 *fill*         0x00035b06        0x2 
 .text.RAILCb_SetupRxFifo
                0x00035b08       0x30 C:\Users\vkronber\SimplicityStudio\v4_workspace\course-project-victorkronberg_update\platform\radio\rail_lib\autogen\librail_release\librail_efr32xg13_gcc_release.a(rail_data.o)
                0x00035b08                RAILCb_SetupRxFifo
 .text.RAIL_GetRxPacketInfo
                0x00035b38        0x8 C:\Users\vkronber\SimplicityStudio\v4_workspace\course-project-victorkronberg_update\platform\radio\rail_lib\autogen\librail_release\librail_efr32xg13_gcc_release.a(rail_data.o)
                0x00035b38                RAIL_GetRxPacketInfo
 .text.RAIL_GetRxPacketDetailsAlt
                0x00035b40        0x8 C:\Users\vkronber\SimplicityStudio\v4_workspace\course-project-victorkronberg_update\platform\radio\rail_lib\autogen\librail_release\librail_efr32xg13_gcc_release.a(rail_data.o)
                0x00035b40                RAIL_GetRxPacketDetailsAlt
 .text.RAIL_GetRxTimePreambleStartAlt
                0x00035b48        0x8 C:\Users\vkronber\SimplicityStudio\v4_workspace\course-project-victorkronberg_update\platform\radio\rail_lib\autogen\librail_release\librail_efr32xg13_gcc_release.a(rail_data.o)
                0x00035b48                RAIL_GetRxTimePreambleStartAlt
 .text.RAIL_ResetFifo
                0x00035b50       0x24 C:\Users\vkronber\SimplicityStudio\v4_workspace\course-project-victorkronberg_update\platform\radio\rail_lib\autogen\librail_release\librail_efr32xg13_gcc_release.a(rail_data.o)
                0x00035b50                RAIL_ResetFifo
 .text.RAILCb_AssertFailed
                0x00035b74       0x14 C:\Users\vkronber\SimplicityStudio\v4_workspace\course-project-victorkronberg_update\platform\radio\rail_lib\autogen\librail_release\librail_efr32xg13_gcc_release.a(rail_assert.o)
                0x00035b74                RAILCb_AssertFailed
 .text.RAILInt_Assert
                0x00035b88       0x1c C:\Users\vkronber\SimplicityStudio\v4_workspace\course-project-victorkronberg_update\platform\radio\rail_lib\autogen\librail_release\librail_efr32xg13_gcc_release.a(rail_assert.o)
                0x00035b88                RAILINT_999bd22c50df2f99ce048cba68f11c3a
 .text.RAIL_ConfigPti
                0x00035ba4        0x6 C:\Users\vkronber\SimplicityStudio\v4_workspace\course-project-victorkronberg_update\platform\radio\rail_lib\autogen\librail_release\librail_efr32xg13_gcc_release.a(rail_pti.o)
                0x00035ba4                RAIL_ConfigPti
 .text.RAIL_EnablePti
                0x00035baa        0x6 C:\Users\vkronber\SimplicityStudio\v4_workspace\course-project-victorkronberg_update\platform\radio\rail_lib\autogen\librail_release\librail_efr32xg13_gcc_release.a(rail_pti.o)
                0x00035baa                RAIL_EnablePti
 .text.RAIL_GetTime
                0x00035bb0        0x4 C:\Users\vkronber\SimplicityStudio\v4_workspace\course-project-victorkronberg_update\platform\radio\rail_lib\autogen\librail_release\librail_efr32xg13_gcc_release.a(rail_timer.o)
                0x00035bb0                RAIL_GetTime
 .text.RAILCore_BLE_Init
                0x00035bb4       0x14 C:\Users\vkronber\SimplicityStudio\v4_workspace\course-project-victorkronberg_update\platform\radio\rail_lib\autogen\librail_release\librail_efr32xg13_gcc_release.a(rail_ble.o)
                0x00035bb4                RAILINT_5068bbb2b6fcc434fb14cc631c1d5448
 .text.RAIL_BLE_Init
                0x00035bc8        0x8 C:\Users\vkronber\SimplicityStudio\v4_workspace\course-project-victorkronberg_update\platform\radio\rail_lib\autogen\librail_release\librail_efr32xg13_gcc_release.a(rail_ble.o)
                0x00035bc8                RAIL_BLE_Init
 .text.RAILCore_BLE_ConfigPhy1MbpsViterbi
                0x00035bd0       0x1e C:\Users\vkronber\SimplicityStudio\v4_workspace\course-project-victorkronberg_update\platform\radio\rail_lib\autogen\librail_release\librail_efr32xg13_gcc_release.a(rail_ble.o)
                0x00035bd0                RAILINT_e88543c9b596792889571c0f7b731dba
 .text.RAIL_BLE_ConfigPhy1MbpsViterbi
                0x00035bee        0x8 C:\Users\vkronber\SimplicityStudio\v4_workspace\course-project-victorkronberg_update\platform\radio\rail_lib\autogen\librail_release\librail_efr32xg13_gcc_release.a(rail_ble.o)
                0x00035bee                RAIL_BLE_ConfigPhy1MbpsViterbi
 .text.RAILCore_BLE_ConfigPhy2MbpsViterbi
                0x00035bf6       0x1e C:\Users\vkronber\SimplicityStudio\v4_workspace\course-project-victorkronberg_update\platform\radio\rail_lib\autogen\librail_release\librail_efr32xg13_gcc_release.a(rail_ble.o)
                0x00035bf6                RAILINT_1bbb34915939a1132d22091036a46419
 .text.RAIL_BLE_ConfigPhy2MbpsViterbi
                0x00035c14        0x8 C:\Users\vkronber\SimplicityStudio\v4_workspace\course-project-victorkronberg_update\platform\radio\rail_lib\autogen\librail_release\librail_efr32xg13_gcc_release.a(rail_ble.o)
                0x00035c14                RAIL_BLE_ConfigPhy2MbpsViterbi
 .text.RAILCore_BLE_ConfigPhyCoded
                0x00035c1c       0x22 C:\Users\vkronber\SimplicityStudio\v4_workspace\course-project-victorkronberg_update\platform\radio\rail_lib\autogen\librail_release\librail_efr32xg13_gcc_release.a(rail_ble.o)
                0x00035c1c                RAILINT_2ee23e3f7dca1747f4df921175595919
 .text.RAIL_BLE_ConfigPhyCoded
                0x00035c3e        0x8 C:\Users\vkronber\SimplicityStudio\v4_workspace\course-project-victorkronberg_update\platform\radio\rail_lib\autogen\librail_release\librail_efr32xg13_gcc_release.a(rail_ble.o)
                0x00035c3e                RAIL_BLE_ConfigPhyCoded
 .text.RAILCore_BLE_ConfigChannelRadioParams
                0x00035c46       0x46 C:\Users\vkronber\SimplicityStudio\v4_workspace\course-project-victorkronberg_update\platform\radio\rail_lib\autogen\librail_release\librail_efr32xg13_gcc_release.a(rail_ble.o)
                0x00035c46                RAILINT_301fd6966b03cc938549fcaff8ed0b8e
 .text.RAIL_BLE_ConfigChannelRadioParams
                0x00035c8c       0x12 C:\Users\vkronber\SimplicityStudio\v4_workspace\course-project-victorkronberg_update\platform\radio\rail_lib\autogen\librail_release\librail_efr32xg13_gcc_release.a(rail_ble.o)
                0x00035c8c                RAIL_BLE_ConfigChannelRadioParams
 .text.RAIL_BLE_PhySwitchToRx
                0x00035c9e       0x20 C:\Users\vkronber\SimplicityStudio\v4_workspace\course-project-victorkronberg_update\platform\radio\rail_lib\autogen\librail_release\librail_efr32xg13_gcc_release.a(rail_ble.o)
                0x00035c9e                RAIL_BLE_PhySwitchToRx
 *fill*         0x00035cbe        0x2 
 .text.IRCAL_Set
                0x00035cc0       0x1c C:\Users\vkronber\SimplicityStudio\v4_workspace\course-project-victorkronberg_update\platform\radio\rail_lib\autogen\librail_release\librail_efr32xg13_gcc_release.a(rfhal_ircal.o)
                0x00035cc0                RAILINT_67aee7cfdf57d15f6ecf2affca3224a0
 .text.RFHAL_ApplyIrCalibration
                0x00035cdc       0x20 C:\Users\vkronber\SimplicityStudio\v4_workspace\course-project-victorkronberg_update\platform\radio\rail_lib\autogen\librail_release\librail_efr32xg13_gcc_release.a(rfhal_ircal.o)
                0x00035cdc                RAILINT_cdd58a3e55e8dd8d2fbbb62166e06b9f
 .text.RFHAL_UnlockModule
                0x00035cfc        0x2 C:\Users\vkronber\SimplicityStudio\v4_workspace\course-project-victorkronberg_update\platform\radio\rail_lib\autogen\librail_release\librail_efr32xg13_gcc_release.a(rfhal_module.o)
                0x00035cfc                RAILINT_9e5a39b656d2a45af0b472d761e7ae36
 .text.RFHAL_ValidateTxPowerModule
                0x00035cfe        0x2 C:\Users\vkronber\SimplicityStudio\v4_workspace\course-project-victorkronberg_update\platform\radio\rail_lib\autogen\librail_release\librail_efr32xg13_gcc_release.a(rfhal_module.o)
                0x00035cfe                RAILINT_b1b6d07988c2bfe6ce227a4f89bd02b6
 .text.RFHAL_VerifyTxPowerCurves
                0x00035d00        0x2 C:\Users\vkronber\SimplicityStudio\v4_workspace\course-project-victorkronberg_update\platform\radio\rail_lib\autogen\librail_release\librail_efr32xg13_gcc_release.a(rfhal_module.o)
                0x00035d00                RAILINT_da49c243f6171fcb42b58511d90c5722
 *fill*         0x00035d02        0x2 
 .text.RFHAL_VerifyChannelConfig
                0x00035d04       0x18 C:\Users\vkronber\SimplicityStudio\v4_workspace\course-project-victorkronberg_update\platform\radio\rail_lib\autogen\librail_release\librail_efr32xg13_gcc_release.a(rfhal_module.o)
                0x00035d04                RAILINT_93ff9f7864c62329282f1dfcb21c053a
 .text.getRampTimeFromLevelAndRate
                0x00035d1c       0x20 C:\Users\vkronber\SimplicityStudio\v4_workspace\course-project-victorkronberg_update\platform\radio\rail_lib\autogen\librail_release\librail_efr32xg13_gcc_release.a(rfhal_pa.o)
 .text.PA_GetTxPowerConfig
                0x00035d3c       0x14 C:\Users\vkronber\SimplicityStudio\v4_workspace\course-project-victorkronberg_update\platform\radio\rail_lib\autogen\librail_release\librail_efr32xg13_gcc_release.a(rfhal_pa.o)
                0x00035d3c                RAILINT_932ebbe98dac87fff3c95166dfd8c7c0
 .text.PA_CanSetupPeakDetectThr
                0x00035d50       0x38 C:\Users\vkronber\SimplicityStudio\v4_workspace\course-project-victorkronberg_update\platform\radio\rail_lib\autogen\librail_release\librail_efr32xg13_gcc_release.a(rfhal_pa.o)
                0x00035d50                RAILINT_a22e55122746b72da725087f1720f03e
 .text.PA_ProtectPa
                0x00035d88       0x94 C:\Users\vkronber\SimplicityStudio\v4_workspace\course-project-victorkronberg_update\platform\radio\rail_lib\autogen\librail_release\librail_efr32xg13_gcc_release.a(rfhal_pa.o)
 .text.PA_SetupMaxPowerLevel