Archive member included to satisfy reference by file (symbol)

C:\Users\vkronber\SimplicityStudio\v4_workspace\course-project-victorkronberg_update\protocol\bluetooth\lib\EFR32XG13X\GCC\libbluetooth_mesh.a(bgapi.c.obj)
                              ./gecko_main.o (symbol from plugin) (gecko_cmd_msg_buf)
C:\Users\vkronber\SimplicityStudio\v4_workspace\course-project-victorkronberg_update\protocol\bluetooth\lib\EFR32XG13X\GCC\libbluetooth_mesh.a(bgapi_gatt_lib.c.obj)
                              ./src/gecko_mesh.o (symbol from plugin) (sli_bt_cmd_gatt_server_write_attribute_value)
C:\Users\vkronber\SimplicityStudio\v4_workspace\course-project-victorkronberg_update\protocol\bluetooth\lib\EFR32XG13X\GCC\libbluetooth_mesh.a(bgapi_hardware.c.obj)
                              ./gecko_main.o (symbol from plugin) (sli_bt_cmd_hardware_set_soft_timer)
C:\Users\vkronber\SimplicityStudio\v4_workspace\course-project-victorkronberg_update\protocol\bluetooth\lib\EFR32XG13X\GCC\libbluetooth_mesh.a(bgapi_le_connection.c.obj)
                              ./gecko_main.o (symbol from plugin) (sli_bt_cmd_le_connection_close)
C:\Users\vkronber\SimplicityStudio\v4_workspace\course-project-victorkronberg_update\protocol\bluetooth\lib\EFR32XG13X\GCC\libbluetooth_mesh.a(bgapi_ps.c.obj)
                              ./src/gecko_mesh.o (symbol from plugin) (sli_bt_cmd_flash_ps_erase_all)
C:\Users\vkronber\SimplicityStudio\v4_workspace\course-project-victorkronberg_update\protocol\bluetooth\lib\EFR32XG13X\GCC\libbluetooth_mesh.a(bgapi_system.c.obj)
                              ./src/gecko_mesh.o (symbol from plugin) (sli_bt_cmd_system_get_bt_address)
C:\Users\vkronber\SimplicityStudio\v4_workspace\course-project-victorkronberg_update\protocol\bluetooth\lib\EFR32XG13X\GCC\libbluetooth_mesh.a(bglib.c.obj)
                              ./src/main.o (symbol from plugin) (gecko_wait_event)
C:\Users\vkronber\SimplicityStudio\v4_workspace\course-project-victorkronberg_update\protocol\bluetooth\lib\EFR32XG13X\GCC\libbluetooth_mesh.a(bondingdb.c.obj)
                              bglib.c.obj (symbol from plugin) (bondingdb_get_max_bonds)
C:\Users\vkronber\SimplicityStudio\v4_workspace\course-project-victorkronberg_update\protocol\bluetooth\lib\EFR32XG13X\GCC\libbluetooth_mesh.a(btl_interface.c.obj)
                              bgapi.c.obj (symbol from plugin) (bootloader_getInfo)
C:\Users\vkronber\SimplicityStudio\v4_workspace\course-project-victorkronberg_update\protocol\bluetooth\lib\EFR32XG13X\GCC\libbluetooth_mesh.a(efr32xg1x.c.obj)
                              bglib.c.obj (symbol from plugin) (bg_hal_set_ctune)
C:\Users\vkronber\SimplicityStudio\v4_workspace\course-project-victorkronberg_update\protocol\bluetooth\lib\EFR32XG13X\GCC\libbluetooth_mesh.a(gap.c.obj)
                              bglib.c.obj (symbol from plugin) (gap_reset_state)
C:\Users\vkronber\SimplicityStudio\v4_workspace\course-project-victorkronberg_update\protocol\bluetooth\lib\EFR32XG13X\GCC\libbluetooth_mesh.a(gap_adv.c.obj)
                              gap.c.obj (symbol from plugin) (gap_adv_update)
C:\Users\vkronber\SimplicityStudio\v4_workspace\course-project-victorkronberg_update\protocol\bluetooth\lib\EFR32XG13X\GCC\libbluetooth_mesh.a(gap_periodic_adv-stubs.c.obj)
                              bglib.c.obj (symbol from plugin) (ubt_gap_alloc_periodic_adv)
C:\Users\vkronber\SimplicityStudio\v4_workspace\course-project-victorkronberg_update\protocol\bluetooth\lib\EFR32XG13X\GCC\libbluetooth_mesh.a(gap_periodic_scan-stubs.c.obj)
                              bglib.c.obj (symbol from plugin) (ubt_gap_alloc_periodic_scan)
C:\Users\vkronber\SimplicityStudio\v4_workspace\course-project-victorkronberg_update\protocol\bluetooth\lib\EFR32XG13X\GCC\libbluetooth_mesh.a(gap_resolver.c.obj)
                              gap.c.obj (symbol from plugin) (gap_address_resolver_step)
C:\Users\vkronber\SimplicityStudio\v4_workspace\course-project-victorkronberg_update\protocol\bluetooth\lib\EFR32XG13X\GCC\libbluetooth_mesh.a(gap_scan.c.obj)
                              gap.c.obj (symbol from plugin) (gap_status_set_scan_packet)
C:\Users\vkronber\SimplicityStudio\v4_workspace\course-project-victorkronberg_update\protocol\bluetooth\lib\EFR32XG13X\GCC\libbluetooth_mesh.a(gap_whitelist-stubs.c.obj)
                              bondingdb.c.obj (symbol from plugin) (gap_whitelist_clear_list)
C:\Users\vkronber\SimplicityStudio\v4_workspace\course-project-victorkronberg_update\protocol\bluetooth\lib\EFR32XG13X\GCC\libbluetooth_mesh.a(gatt.c.obj)
                              gap.c.obj (symbol from plugin) (gatt_init_connection)
C:\Users\vkronber\SimplicityStudio\v4_workspace\course-project-victorkronberg_update\protocol\bluetooth\lib\EFR32XG13X\GCC\libbluetooth_mesh.a(gatt_client.c.obj)
                              bgapi_gatt_lib.c.obj (symbol from plugin) (gatt_client_init)
[...]
Memory Configuration

Name             Origin             Length             Attributes
FLASH_BOOTLOADER 0x0fe10000         0x00004000         xr
FLASH            0x00000000         0x00080000         xr
RAM              0x20000000         0x00010000         xrw
*default*        0x00000000         0xffffffff

Linker script and memory map

LOAD c:/siliconlabs/simplicitystudio/v4/developer/toolchains/gnu_arm/7.2_2017q4/bin/../lib/gcc/arm-none-eabi/7.2.1/thumb/v7e-m/fpv4-sp/softfp/crti.o
LOAD c:/siliconlabs/simplicitystudio/v4/developer/toolchains/gnu_arm/7.2_2017q4/bin/../lib/gcc/arm-none-eabi/7.2.1/thumb/v7e-m/fpv4-sp/softfp/crtbegin.o
LOAD c:/siliconlabs/simplicitystudio/v4/developer/toolchains/gnu_arm/7.2_2017q4/bin/../lib/gcc/arm-none-eabi/7.2.1/../../../../arm-none-eabi/lib/thumb/v7e-m/fpv4-sp/softfp/crt0.o
START GROUP
LOAD C:\Users\vkronber\AppData\Local\Temp\ccA35SiT.ltrans0.ltrans.o
LOAD C:\Users\vkronber\AppData\Local\Temp\ccA35SiT.ltrans1.ltrans.o
LOAD C:\Users\vkronber\AppData\Local\Temp\ccA35SiT.ltrans2.ltrans.o
LOAD C:\Users\vkronber\AppData\Local\Temp\ccA35SiT.ltrans3.ltrans.o
LOAD C:\Users\vkronber\AppData\Local\Temp\ccA35SiT.ltrans4.ltrans.o
LOAD C:\Users\vkronber\AppData\Local\Temp\ccA35SiT.ltrans5.ltrans.o
LOAD C:\Users\vkronber\AppData\Local\Temp\ccA35SiT.ltrans6.ltrans.o
LOAD C:\Users\vkronber\AppData\Local\Temp\ccA35SiT.ltrans7.ltrans.o
LOAD C:\Users\vkronber\SimplicityStudio\v4_workspace\course-project-victorkronberg_update\protocol\bluetooth\lib\EFR32XG13X\GCC\libbluetooth_mesh.a
LOAD C:\Users\vkronber\SimplicityStudio\v4_workspace\course-project-victorkronberg_update\protocol\bluetooth\lib\EFR32XG13X\GCC\binapploader.o
LOAD C:\Users\vkronber\SimplicityStudio\v4_workspace\course-project-victorkronberg_update\platform\radio\rail_lib\autogen\librail_release\librail_efr32xg13_gcc_release.a
LOAD C:\Users\vkronber\SimplicityStudio\v4_workspace\course-project-victorkronberg_update\protocol\bluetooth\lib\EFR32XG13X\GCC\libpsstore.a
LOAD C:\Users\vkronber\SimplicityStudio\v4_workspace\course-project-victorkronberg_update\protocol\bluetooth\lib\EFR32XG13X\GCC\libcoex.a
LOAD c:/siliconlabs/simplicitystudio/v4/developer/toolchains/gnu_arm/7.2_2017q4/bin/../lib/gcc/arm-none-eabi/7.2.1/../../../../arm-none-eabi/lib/thumb/v7e-m/fpv4-sp/softfp\libm.a
END GROUP
START GROUP
LOAD c:/siliconlabs/simplicitystudio/v4/developer/toolchains/gnu_arm/7.2_2017q4/bin/../lib/gcc/arm-none-eabi/7.2.1/thumb/v7e-m/fpv4-sp/softfp\libgcc.a
LOAD c:/siliconlabs/simplicitystudio/v4/developer/toolchains/gnu_arm/7.2_2017q4/bin/../lib/gcc/arm-none-eabi/7.2.1/../../../../arm-none-eabi/lib/thumb/v7e-m/fpv4-sp/softfp\libc_nano.a
LOAD c:/siliconlabs/simplicitystudio/v4/developer/toolchains/gnu_arm/7.2_2017q4/bin/../lib/gcc/arm-none-eabi/7.2.1/../../../../arm-none-eabi/lib/thumb/v7e-m/fpv4-sp/softfp\libnosys.a
END GROUP
START GROUP
LOAD c:/siliconlabs/simplicitystudio/v4/developer/toolchains/gnu_arm/7.2_2017q4/bin/../lib/gcc/arm-none-eabi/7.2.1/thumb/v7e-m/fpv4-sp/softfp\libgcc.a
LOAD c:/siliconlabs/simplicitystudio/v4/developer/toolchains/gnu_arm/7.2_2017q4/bin/../lib/gcc/arm-none-eabi/7.2.1/../../../../arm-none-eabi/lib/thumb/v7e-m/fpv4-sp/softfp\libg_nano.a
LOAD c:/siliconlabs/simplicitystudio/v4/developer/toolchains/gnu_arm/7.2_2017q4/bin/../lib/gcc/arm-none-eabi/7.2.1/../../../../arm-none-eabi/lib/thumb/v7e-m/fpv4-sp/softfp\libc_nano.a
END GROUP
START GROUP
LOAD c:/siliconlabs/simplicitystudio/v4/developer/toolchains/gnu_arm/7.2_2017q4/bin/../lib/gcc/arm-none-eabi/7.2.1/thumb/v7e-m/fpv4-sp/softfp\libgcc.a
LOAD c:/siliconlabs/simplicitystudio/v4/developer/toolchains/gnu_arm/7.2_2017q4/bin/../lib/gcc/arm-none-eabi/7.2.1/../../../../arm-none-eabi/lib/thumb/v7e-m/fpv4-sp/softfp\libc_nano.a
END GROUP
LOAD c:/siliconlabs/simplicitystudio/v4/developer/toolchains/gnu_arm/7.2_2017q4/bin/../lib/gcc/arm-none-eabi/7.2.1/thumb/v7e-m/fpv4-sp/softfp/crtend.o
LOAD c:/siliconlabs/simplicitystudio/v4/developer/toolchains/gnu_arm/7.2_2017q4/bin/../lib/gcc/arm-none-eabi/7.2.1/thumb/v7e-m/fpv4-sp/softfp/crtn.o

.text_bootloader
                0x0fe10000        0x0
 *(.binbootloader*)
                0x0fe10000                . = ALIGN (0x4000)

.text_apploader
                0x00000000     0xafc0
 *(.binapploader*)
 .binapploader  0x00000000     0xafc0 C:\Users\vkronber\SimplicityStudio\v4_workspace\course-project-victorkronberg_update\protocol\bluetooth\lib\EFR32XG13X\GCC\binapploader.o

.text_signature
                0x0000afc0       0x40
                0x0000b000                . = ALIGN (0x800)
 *fill*         0x0000afc0       0x40 
                0x0000b000                __text_start__ = .

.text_application
                0x0000b000    0x3bda0
 *(.vectors)
 .vectors       0x0000b000       0xfc C:\Users\vkronber\AppData\Local\Temp\ccA35SiT.ltrans6.ltrans.o
                0x0000b000                __Vectors
                0x0000b0fc                __Vectors_End = .
                0x000000fc                __Vectors_Size = (__Vectors_End - __Vectors)
                0x0000b0fc                __end__ = .
 *(.application_properties)
 .application_properties
                0x0000b0fc       0x40 C:\Users\vkronber\AppData\Local\Temp\ccA35SiT.ltrans4.ltrans.o
                0x0000b0fc                bg_application_properties
 *(.gecko_configuration)
 *(.xo_configuration)
 *(.gatt_header)
 .gatt_header   0x0000b13c       0x34 C:\Users\vkronber\AppData\Local\Temp\ccA35SiT.ltrans5.ltrans.o
                0x0000b13c                bg_gattdb_data
 *(.gatt_data)
 .gatt_data     0x0000b170      0x2b8 C:\Users\vkronber\AppData\Local\Temp\ccA35SiT.ltrans5.ltrans.o
                0x0000b170                bg_gattdb_data_attribute_field_30
                0x0000b178                bg_gattdb_data_attribute_field_29
                0x0000b18e                bg_gattdb_data_attribute_field_28
                0x0000b1a0                bg_gattdb_data_attribute_field_26
                0x0000b1a8                bg_gattdb_data_attribute_field_25
                0x0000b1b0                bg_gattdb_data_attribute_field_24
                0x0000b1b8                bg_gattdb_data_attribute_field_23
                0x0000b1c0                bg_gattdb_data_attribute_field_22
                0x0000b1c4                bg_gattdb_data_attribute_field_20
                0x0000b1cc                bg_gattdb_data_attribute_field_19
                0x0000b1d4                bg_gattdb_data_attribute_field_18
                0x0000b1dc                bg_gattdb_data_attribute_field_17
                0x0000b1e4                bg_gattdb_data_attribute_field_16
                0x0000b1e8                bg_gattdb_data_attribute_field_15
                0x0000b1f6                bg_gattdb_data_attribute_field_14
                0x0000b1fe                bg_gattdb_data_attribute_field_13
                0x0000b202                bg_gattdb_data_attribute_field_12
                0x0000b206                bg_gattdb_data_attribute_field_11
                0x0000b210                bg_gattdb_data_attribute_field_10
                0x0000b218                bg_gattdb_data_attribute_field_9
                0x0000b220                bg_gattdb_data_attribute_field_8
                0x0000b224                bg_gattdb_data_attribute_field_7
                0x0000b22c                bg_gattdb_data_attribute_field_6
                0x0000b234                bg_gattdb_data_attribute_field_5
                0x0000b23c                bg_gattdb_data_attribute_field_4
                0x0000b244                bg_gattdb_data_attribute_field_2
                0x0000b24c                bg_gattdb_data_attribute_field_1
                0x0000b254                bg_gattdb_data_attribute_field_0
                0x0000b258                bg_gattdb_data_adv_uuid128_map
                0x0000b259                bg_gattdb_data_adv_uuid16_map
                0x0000b25a                bg_gattdb_data_attributes_dynamic_mapping_map
                0x0000b26c                bg_gattdb_data_uuidtable_128_map
                0x0000b28c                bg_gattdb_data_uuidtable_16_map
                0x0000b2b4                bg_gattdb_data_attributes_map
 *(.text*)
 .text          0x0000b428       0x40 c:/siliconlabs/simplicitystudio/v4/developer/toolchains/gnu_arm/7.2_2017q4/bin/../lib/gcc/arm-none-eabi/7.2.1/thumb/v7e-m/fpv4-sp/softfp/crtbegin.o
 .text          0x0000b468       0x74 c:/siliconlabs/simplicitystudio/v4/developer/toolchains/gnu_arm/7.2_2017q4/bin/../lib/gcc/arm-none-eabi/7.2.1/../../../../arm-none-eabi/lib/thumb/v7e-m/fpv4-sp/softfp/crt0.o
                0x0000b468                _mainCRTStartup
                0x0000b468                _start
 .text          0x0000b4dc     0x50d8 C:\Users\vkronber\AppData\Local\Temp\ccA35SiT.ltrans0.ltrans.o
                0x0000b61c                s267927430b38cc114fea2feca5bc705af5a9426d69e3c18b9a3e2c66985a7dfd
                0x0000b644                sa1f9f7228f33a0fcca30bff43597da6aeb79b196a8c4f297e7a7e2deee234bbc.lto_priv.608
                0x0000b648                s51e866c3b796c4208d0dbfff72b84810fb53d945b2ff058ea4ca41c80fa9c5a0
                0x0000b680                sc959a2ff22594f55517377356e36decdb326f55e8fcf94172a0121740930d968.lto_priv.750
                0x0000c060                s91f950c488b3ef6191a1b3b42263a42a04d3501c7c1f89f4ee006745330d57c3
                0x0000c0a4                sa5df575d0c1b6797d7561fed700bcc803d62d366712ab9d7ca0fdcbf4c758d45
                0x0000c0ec                s6bf7d48df75131539ada768514a930db9ba172abd107d46ff9db3d088f8066f0.lto_priv.752
                0x0000c0fe                s43b7e9d3eec1f84fa52d49bcc7ddbab20e16e8c902ae611a4e412fa10b0aa01e
                0x0000c20c                sa1d16f786461dc0aa926386a60e5e7170c8226a857040c463c9a27214a1626ae
                0x0000c22c                sd8a0175f916dfbea8923feda6e74370a7e2aa7e163c4783ba9507ba079bd9534
                0x0000c35c                sli_bt_cmd_mesh_friend_init
                0x0000c464                sli_bt_cmd_mesh_sensor_setup_server_send_setting_status
                0x0000c538                sli_bt_cmd_mesh_sensor_setup_server_send_settings_status
                0x0000c5f4                sli_bt_cmd_mesh_sensor_setup_server_send_cadence_status
                0x0000c6a4                sli_bt_cmd_mesh_sensor_server_send_series_status
                0x0000c754                sli_bt_cmd_mesh_sensor_server_send_column_status
                0x0000c804                sli_bt_cmd_mesh_sensor_server_send_status
                0x0000c9b0                sli_bt_cmd_mesh_sensor_client_get
                0x0000ca48                sli_bt_cmd_mesh_sensor_client_get_descriptor
                0x0000cae0                sli_bt_cmd_mesh_sensor_client_init
                0x0000cc76                sa0dcaede846c1cf6ff605eeff1b174c862480c3bab5ed2f136e13189396b13f7.lto_priv.454
                0x0000cc9a                sli_bt_cmd_mesh_node_start_unprov_beaconing
                0x0000cecc                s0e55f0d59628a699f55899a6d288545e93cc034b5b9cd4e37811cf1189aa217b
                0x0000cefc                s98d678c94f3720ccca8dff1726a7200bd09e74b5a6104f03aeb69e33855e25e0.lto_priv.596
                0x0000cf80                s85d8b00bcf3fbae5571f41b980debd05bf0741a6b9ea059c048f3c7a95b3281b
                0x0000cfa4                sc02bcd4350bf705a8796886673e2745ec11d0411ae650eb46503d2797d2e46f3
                0x0000d190                scae4967310123b62d7c6676e660b86cfbe85d69d1aa88d9dade17cbbb37fb6b0
                0x0000d1e0                s85575a9990d7b698e5c670c70fbc89ce06baf3133f7955e3deee0618bb360543.part.2.lto_priv.576
                0x0000d210                s232305ae92a955506cb9236fe14ee7e17497f60efdf5bbe7200ef62a9f0934ef.lto_priv.573
                0x0000d2a0                s0cc135feb4136b5dab910a0f2191fbb01ff05bf6be40895330584a6afde535a8.lto_priv.579
                0x0000d2c0                s5adf5f4b631212a46166c62fedf2cd11667ecb2dbb644657bd3a1396676d23f2.lto_priv.574
                0x0000d2e4                s3ebbfaec66888c2c291acd6316d253bf29306f5d50869f10909d04a313d2a29f.lto_priv.577
                0x0000d3f8                s8bf682176896003a8c7b9f560968b21c29016e6c56c727c8d0044e9ea725a4a8.lto_priv.575
                0x0000d424                s04777374549746d7469d72609f6cc6053e6f5a2a8804e18d627b0ffa1b3b4c9b.lto_priv.578
                0x0000d4e4                s3aab3a2d49f9a74e7b1025959b426a28c62a75da3148652129c158a6cf01911d
                0x0000d514                s453a83a051f1575976e86407083eddc5e3f69bb8f35b32b9522a852d45723e55.lto_priv.572
                0x0000d534                s62f452d77b4a6825d191f647a2cc980a4f431f4557204475786788d29776d97b
                0x0000d66c                s15d3a88e2b5c3e40ee53f6b9655d6ec7c3c149f393815dd52d0ffc2179bb1f4a
                0x0000d6a0                s6be70e423681240d977bbe34b0cf593027330c5bc3286f410609fd7b6a06b6e6
                0x0000d78c                sf7f0cc2a1cfeefb234c633da646e543f1f4d015d17e55e7cd9f0b1e61a7375d0
                0x0000d862                sddf00a2e20a2a4af2d0a266dee401930455613a1d1931d8ad43c77bafda73cf4
                0x0000d888                sc3726795190ea82ad23e6338ab096287f6e931b787309369857b2630ecb55c76
                0x0000d8aa                s97fbeca0e33cb33da8c08c054d9fa974029f199debe05fd11835cf1a3ec5397e.part.0
                0x0000d9b0                se906f228186613d6041e64e82fcf633b17a5867a19e4c649b25ad797b99861e4
                0x0000d9f8                sc767b75b33b81a43ba6e01c74030cdacd34620dbdd6f7f1544c831ce8c7a4e23
                0x0000da40                s4dbc24937be26c9432eb2264dba166e98aa7139fb188303bb787e214e1291a45
                0x0000db50                sfb544dcbc916a8608320ef614dfb90da5a0257624ba93c76f3ab5106741a052d.lto_priv.788
                0x0000dbc8                saf28bdf0441bb687c71a936ad9d151b1d7fb97cd183bca97f3fbac184ba5e598
                0x0000dbd4                se1cac6d437a5c990ede8af11fe7a4789e10862a8ad142fcec6eb7f6eda1ef329.lto_priv.610
                0x0000dbec                s94de17b7f45f3f6576a715d745502c07eb7ba64e96b9cabb49eab2f847df0281
                0x0000dc12                s3c1d4732e917bd089fdc37f78c2f773ddfe9dc62701892fc6b140fde0675f5c5
                0x0000dc46                s3f4a12bb3e21a280fa98dae53b62904e9b93882c5ea79a50c38097b6465097ef
                0x0000dc5a                s297d86ba7a862d1d1bb4d5f81e5828e28adf723b91ed21d7d5b06162c5354532.lto_priv.621
                0x0000dca4                sbc1e4b906ee028f433a832aba975802fde4c597bd8b690e156d7948113c776e0.lto_priv.475
                0x0000dcbe                s92df2879f204b209d880cf89597ec85edb73c5347d097f02ca57f49ff6df22d6.lto_priv.473
                0x0000dd9e                s6f00c5bd1c654c0cefadcb4bef7b1965114995d4e3c1991567f0d3cac1ffe9f4
                0x0000dde2                sf1a456cfa751d96d96171f3d7615c8f99ca964c647b75236d2f97745b9108b5f.lto_priv.474
                0x0000dec4                s27a2da3160af8eb827551ebddcc1417f39c1e1788cbf817e44639bf92eb1706a
                0x0000e072                s38dec662b22657678e0434a91cdad31a60cc5f6098a9b1f994d85222cefd8930
                0x0000e088                sf8e4dcec56edc8f432e22515ac45714970d53de2b2ff1ae50418dd26887086a8
                0x0000e0ac                se690b0fe07f49ad8d2ae0af29a99ee5c790acd15eb1b2ea28e3daa26d209f652
                0x0000e1f8                s9d18a50c23c15f26a9282a97192a523869ef94295b2b5e8c9470ad2d0d65d9b0
                0x0000e354                s0ff43e371d43058796f2e1532a3f9a50929c0b9c66473d8f918498d94258d25d.lto_priv.587
                0x0000e3ca                s5b4a856e685e8bbe40b8a315c34d871a75b086194394d61cf1ef236fabec36db
                0x0000e654                sf067810364b2aec5684b07c9a8a7ec60df5a86cf6f911a17c705627ef3669c08.lto_priv.571
                0x0000e6a0                s970d3393953f0fa2908bf4bc7a6e9a735a62b329d7b30c42749761f3c07d3b63
                0x0000e6d4                s633b138059d7a22d9cef30ec855fdfb8b52ac2201edecd58ad23f4ff6c587a22
                0x0000e740                s4b7417202472b85b3f089ce3de37cdfc898a6a9b2f26736e634d159b347f3e4e.isra.2.lto_priv.625
                0x0000e77c                s5ace8d174d1a7dadc73b36059a7fed43cf9c1b513ae2a0d659414c4838abd5d2.lto_priv.595
                0x0000e924                s6f9c3cc2d46b87cf7ef6d7ea4605b61584507e71701542220590215a75574c9e
                0x0000ead8                s04224953bf77f159123795000d25af53af1953b43bbf8679517d3e80d583af8d
                0x0000eb80                s60403f0a2f6aff2e8039b1ef2d554d6132983ba87810a1cd601a1a520db2d0b4.lto_priv.468
                0x0000ebfc                saa3f4a233c6a5af9fc48c73749f22796166c2be8b268c7ee617e74f8a5c0dfdf
                0x0000ed3c                sli_bt_cmd_mesh_node_init
                0x0001053c                s0a591dd92c6ffd09f27be69a7be9a851edab592edeb40d323dc07098f58b7efd.lto_priv.590
 .text.unlikely
                0x000105b4      0x130 C:\Users\vkronber\AppData\Local\Temp\ccA35SiT.ltrans0.ltrans.o
                0x000105b4                sd9e7f6fcafb122eaa6fc2c16d63512da9ba59077c6cb72136095ae373ea16da3.part.4.lto_priv.581
                0x00010618                sc1f0a1265fb45f08edf5828f0b6af85da035d94c8ea375e665fdd556a8d1478c.lto_priv.580
                0x0001064c                s0575a63e4ffa25a11cdd533f4901749922cead34799438f363ee375212772ad9
                0x00010680                sdf59f64a19171082d11bdec4ceabee6a355ab8574640833ec03fdc6b26a95c2a
 .text          0x000106e4     0x635c C:\Users\vkronber\AppData\Local\Temp\ccA35SiT.ltrans1.ltrans.o
                0x000106e4                s9ee8e7b377e7bbae007f625ff51febedc8d063543feed2ab0e008bffacc9ccb7.lto_priv.640
                0x0001070c                s6fbe0c269e360b8f1fbbc98112acdb192df0211550e6133771232053ab246715.lto_priv.649
                0x0001079c                s624f8c76922faa844830447cf90125102f41bf49506e655929c46dc7995774e1.lto_priv.648
                0x000107e8                s8d212826c13c947a5f34f8154beb0d86a0931f439f9d50615a6d9b84de153e76
                0x000107ea                s09ed5682dcd8ac8f33ce83e45a56f148f0955b736b1f843af1b872e3aa8ab9a2.lto_priv.635
                0x00010834                s3ae7f12b71a712653ee40e03e96f624e1f08a101483aa7b9096dcfd7c0d5f5cc.lto_priv.658
                0x00010898                sc51ded7a99df283122a275d0ecd5a8a7c29ff2bf06e77a2a5b1f363531aece47.lto_priv.657
                0x000108c8                s75b06c479315c0a7b5b8f05891e886b61d1a2a2c6124a9dcbe6778ed11582f71
                0x000108d8                s81abab53ce98518d5cb212a7d36c3e6ec3a8f2dee5da8772e5020a5162bdd3e3
                0x00010928                scbecaa652a6cc6759624c7a5bbe711e6da2fb9bf21b70d82ee3c94e900b2445b.lto_priv.565
                0x000109d8                s4472ceb367e8b6c2f42c6aafea00a88a704b321cb95713fd0319168e99e08afe
                0x00010a7c                s635c2435171484d333ca0acf1cd7f2f0059bae525d0bf8f014641447f79c180e.lto_priv.654
                0x00010e9c                s74779adbbcf863200e1451a8c29acbe59451957791090009e576e1c718d8aebd.lto_priv.417
                0x00010ec0                s69df01788beb5e6b0e745200f66c544ce854ca052074bf32899353869dbd93e0.lto_priv.659
                0x00010f54                sbdafaa440e57a64193537557d6aa3fd1d92e44a11dc88c64f239b0827e8c9451.lto_priv.660
                0x00010fe0                s154a0b716ef4c089f1ecf9e16c05499c4296393e8804cfd7887b049bb5912fce.lto_priv.661
                0x00011048                s8824e333c9db5ae58c3891a564750a0cbd349703ff423c182817547e30c161bb.lto_priv.656
                0x0001109e                s3cd1a4a41e76d2e8de9cd2149b8f18141b81271b8fd827267f94cd2c3c088be2
                0x000111ac                s05b16165b7a5efa73bb7b7e1f21aa15a65e1c61ce1ef1f317b238ae73d551cbe
                0x00011246                sd9d1bf544b875a76b2b9c6c7e2ce661d8778f13f54541c2a05342025175b566e.lto_priv.404
                0x00011744                s16c809febdaaa89faa5e479d1f9ff28a0a5e144e7a17dec3b4a2ac0f02bdab18
                0x00011974                s42750a79d896162f043fdd4f7dc63c8a4cd74cab5aaee57be74d54f804f1774d.lto_priv.585
                0x000119d8                sfce14941ec34a4cdfea1f486b7a25608885b6a2557f1702e4dfc47a28176b981
                0x000119f4                sb8b7c87872f20a1b2e9ca71591f6ee7bd3e142c0f8f8915edacdbcd6d284eabb
                0x00011a18                sc17d18a332127f5d82a41d9554e9ffc6a4fb1a762c234cac46890ecbb8d3b4f2
                0x00011a78                s76c034da60c2e7d487bb432ae2dc811dd6a06d3ff432c8a4cf3c358b5cb88ac9.lto_priv.680
                0x00011b44                s63a47c678b227da32b4494a3ee56d6491ec443d838b176a02d4c857141d9bbf2
                0x00011be4                s1aa90271a08b20d46a27f6a7b9d3cb3f0f0f45c976a288d9f799eaed3a8885a6
                0x00011bfc                s660204d0976a12fb73eceb2a8316c0f1496df2336ad250ca28dea50d5818062b
                0x00011c14                s0c7516f1c8f0bb29da06a31348f1f54785b69d0c61b27c8399f7f17220673e73
                0x00011c30                s9b4a16f451c16075c2dc89465b45a6b39de6d32e037fd168dc2f831375ffeb2d
                0x00011c48                s5bc4b2d5af4a0fd71690e6ef55d87530910a772f66a38a5d201a4611621d7950
                0x00011c74                s9fdd32ee7dd98c4649fd23d899eb432db46be2a18f31bb85adbf7dc34c7c4858.lto_priv.591
                0x00011d34                s0a870c2ab5f9c29dc38b0c7bed1b7a1a8562f0a917109545d67835b9fb5b2b3a.lto_priv.683
                0x00011d50                s52762b92e5b7fa69c70a48b983e7cb7d9a16ced4b710bbdf77c3f6f6c2a24007.lto_priv.684
                0x00011d68                s5e19155d2108ed2599e665c798ad574fcaa017439d9530eba84b7dc7c743850b.lto_priv.582
                0x00011d76                sab8ee35be9e0455a67e98c2a50156049d1c7ff232c8e9df80315689120dc45cd
                0x00011db2                s8153570b1e6c3cc1e789ccb6833d3a7c5338f71e9d65a3b1e965d7fe4f6b8b16
                0x00011df8                sb4c57ad7fc5bec8c4278635d262a70490f5ee7abe15aed9b7a79bc6f74f6f736
                0x00011e20                s01474140abeea982cbcc17fe54d9015ac4c5ef83f19c4e4a8830deb2983c01d4.lto_priv.586
                0x00011e3c                s1484b20da5524d568ca70fbaccb47656cba58a283d79f2d0c7b559fce4640d72
                0x00011e94                sa0df6a53405b04cbd04355298998382d2cb4c82faf733f13ef3fdf72bffd6a66.lto_priv.604.lto_priv.685
                0x00011e94                sa0df6a53405b04cbd04355298998382d2cb4c82faf733f13ef3fdf72bffd6a66.lto_priv.602.lto_priv.674
                0x00011e9a                s0f58d3e48ddfa68e4a7468881b641f28e4b801f7af7c7ff28247710dd9198f84.lto_priv.472
                0x00011eec                s2af6f9855b0bf5b0e2123292b183bd4f0724b10bb81497e27513f48811bac3c6
                0x00011efc                s79b2cf771f824155024802e28f371c5677ccaf9afdef7deaec04d3f709d854e5
                0x00011f14                s6d6a349dc9180216a0b7d9fff14f65551937e8ab41dcd7619de87babb708bc4c.lto_priv.679
                0x00012154                s7b2b44f7f0beda876bb716593a3db71ebcbca6b93c20057038d828d243932e1d.lto_priv.483
                0x000121d0                s63d0a2d89df92d0a7da510e1903e7d512cd451cb3600ad64e33675a0ec98415b.lto_priv.403
                0x00012238                s58135f5e7353d344dad389641bab2abd6d5ec2ea155857e830b6530ba15ee077.lto_priv.789
                0x00012274                sd8b6662acfa8c45811b587228d18e69b3173ac3c2aa99c24219b26b07cf5e7c4
                0x00012404                s0693c3b33f7f6e8a2590215cdfbabac96d7cc9b1cd9b494a6da514ca5c4f2abe
                0x00012496                s891d7a8f3d8d2bb974910d39b20e63b4866824c0780c3579375ebf7aae6a84ec.lto_priv.589
                0x000124f0                s16fecf4b2913016fc53de7289ed5b5d86c892d0f6bb90c4c7839949861753371.lto_priv.594
                0x0001252e                s2b5c1aad074f8475a1bdf8542a28109622aa226ca4d745ce3ab9bb91ab0cc56f.lto_priv.593
                0x00012558                sdc34cd4586d985c2b37afff341b88aeb535ebb11cc5670b5af271b5047768542
                0x0001272c                s3b7a8d9f6b6501ba51636326f98f73b66d80e0b21a727586cee33f8f89a5e794.lto_priv.592
                0x000128e0                sef9892c36f55bd3b99f981d23142560c5f7333433a4fb6691d4484965b30b7f7
                0x00012a14                s0d0ba7a2cc1833aef5b836cf8c1eb6d0feca95e5a2e4b70dd2f31a588afea840
                0x00012a94                s400b0bb91136dc60dbed10e9c6a89f838e20eda566e2dfc066f2392c6fb81e86
                0x00012b22                s5559104addd1b8c64a578652248f325add4f3747881b097909f3cab638499600
                0x00012b98                sa259ab6ddbd289ce00f01c3b0450100d8ca6392ac80634169516370912410c8b.lto_priv.570
                0x00012bc0                s19553c834432d53ea96cfb233793ca6d48721f230f5218ea43c1566ed5c2eaef.lto_priv.569
                0x00012c3c                s43880b476f0746ac8ccc6dd99788a4281bfb7a9c308668e7bac130dbb82d477b.lto_priv.568
                0x00012e0c                s5d8863113e3f322e467d30701d40aa50de01c5939b3b2e3e70c1fc4ee8a8501f.lto_priv.567
                0x00012e3c                se129d7c4b491946bb958154e8b64a384aa9caf18da0375d6dff2b7a33f1fb77f.lto_priv.566
                0x00012e70                sc1093aa6a11bb3113eea0649ce71e93ce4779ecf6d3d7fc5ca2ae619d0ef1890.lto_priv.678
                0x00012fd4                s9c730bf8430c02b21eb136a5613a6e7babeb112c912ab8bb5bf3f12ae3a2fbbd.lto_priv.653
                0x0001389c                sfeb0b174311675d2d2abf26cac650505dcc1bd916985af7028aa70cde2b7daae
                0x000138b4                sd13d89e7b487c3541f8f0b82fe6e56ef53177a25aeecc973abdf522cd93ea064.lto_priv.655
                0x000138ec                s0600b16f3a4859ea3a343c708bb69d7718b1ecfd4520cbba2aad96b2196b6433
                0x000139a4                s0a025c619d89b448e0386c71465bfb1f8a8b503b9faaddbff1b002410cb62c6c
                0x000139ba                s06f2390393a3029950a8e736c3a98f12d4cd0a4822f63a65a057e1f40c6db63a
                0x000139c6                s07d0d60b80759ba5bfef6ae0a6e77471cc2039d167112c48b0dad127a56a7f01.lto_priv.588
                0x000139f4                sfe3bc3084e2b2a1593446d7d0797b1d65d3704dd1fbbc643d0e635b68adb914d
                0x00013a6c                s5edf1417246043a6b343c5ac63c580d319237f98cc97e104a3cfd8d4b5a9d693
                0x00013a98                se93dbd4d27e2513e2410a77425f7d2104b8e2dfad7c153774c5c6eac0592ec6b
                0x00013af6                s436b10ce7896188d75251d722f89b174cbf8653f8dbe69c4432f63420a5b0955.lto_priv.636
                0x00013b40                s8878651543336fa1145f8b71eddb56115b406beb5bed408ca435141243903d07.lto_priv.650
                0x00013c38                s26e5a44e761857d4f38e1671a9d42ed4c4e2ff2d5c80c0ceca8f5c3526cd9932.lto_priv.682
                0x00013e96                s606417dffcba22ee3471ce02c7f947bfe1667a9fdd66039fe4c2bd9aed0e73e2
                0x00013ee4                s118d50f840732eb767ca81b7c77f2620263cfaa213b92aa3cf7094b57db69fee
                0x00014028                s2c9b333996f4ba1fec08590c7165f1c03a13619536612c68a311b1019644d779.lto_priv.634
                0x0001430c                s075ad380b23e1fc656f1261114cdb2ad78cf0ef028f3790697fdf7704f23f60d
                0x000143f4                s4bb3c881a4f2998013bc4f0e0071ea7be0730d635ebb2e25a35cc4a818256ec2
                0x0001478c                sce92c6117e55f1d83ea587692e2220a36a6bc5a86d2362fa5624ab6d3c5ce465.lto_priv.584
                0x00014854                s240e97313efe110801fa169dbbb8fd9ec45af1caf9db019f89c19427331ef402.lto_priv.639
 .text.unlikely
                0x00016a40      0x5e0 C:\Users\vkronber\AppData\Local\Temp\ccA35SiT.ltrans1.ltrans.o
                0x00016b64                s29a650147ed900afd81d8677a294b6efec84df043f9b50b25ffecbeff40e62a8
                0x00016d00                se5e85306c48abe40b73c0cfbf35b67a016252c1abd3e36c7820ca32c3fe72598
                0x00016d3c                sa89f4001ff43fbe686828de5ba9970d2c7e5d635e65bb036c6de661a05baead3
                0x00016d60                s469131eb325953ae3e9e83c3f282f242c4fd872052fb6c6b319172a2d5e1fae0.lto_priv.785
 .text          0x00017020     0x59c0 C:\Users\vkronber\AppData\Local\Temp\ccA35SiT.ltrans2.ltrans.o
                0x00017020                BG_PRORTC_IRQHandler
                0x00017050                timer_get_counter
                0x00017074                ll_task_default_callback.lto_priv.398
                0x000171b6                ubt_event_free
                0x000172e2                bg_pre_sleep
                0x000172e4                bg_post_wakeup
                0x000172e6                see3e6fad70aed29355ae0dc6f8e4a5db0df71f0be28e605b04c39ed08f6b401a
                0x000175e0                ubt_message_process.lto_priv.401
                0x000176a0                ll_hciCmdLeReadPhy
                0x00017768                ll_hciCmdSetAdvertisingSetRandomAddress
                0x00017920                ll_hciCmdSetExtendedScanResponseData
                0x00017960                ll_hciCmdSetExtendedAdvertisingData
                0x000179a0                uuid_to_handle
                0x00017a04                bgpacket_update_byte
                0x00017a24                bgpacket_packetize
                0x00017a40                timer_get_time
                0x00017a68                smp_ah
                0x00017af8                usch_Schedule
                0x00017c40                usch_RemoveTask
                0x00017c70                add_task.lto_priv.493
                0x00017cd0                nvm3_deleteObjects
                0x00017d64                ecode2bg
                0x00017da4                ubt_pskey_read_callback
                0x00017dba                ubt_pskey_write_callback
                0x00017dd0                ll_radioGetMaxTxPower
                0x00017de8                ll_hciCmdSetExtendedAdvertisingParameters
                0x00017fe0                ll_radioLoadPacketFragment
                0x00018060                ll_radioLoadPacket
                0x000180ac                ll_radioGetPacketTimeWithPhy
                0x000180d0                ll_radioRandom
                0x000180f4                ll_radioReadRxPacketDetails
                0x0001814c                ll_radioReadRxPacket
                0x00018258                hci_command_shared_response
                0x00018268                hci_command_init_shared
                0x00018290                hci_command_alloc
                0x000182be                hci_le_set_advertising_set_random_address.part.5
                0x000182be                hci_le_set_extended_advertising_data.part.6
                0x000182be                hci_le_set_extended_scan_response_data.part.7
                0x000182be                hci_read_conn_phy.part.17
                0x000182cc                hci_le_set_ext_scan_enable
                0x00018300                hci_close_acl
                0x0001834e                hci_state_listener
                0x000184fa                ll_to_hci_event_handler.lto_priv.400
                0x00018810                ll_radioSetMaxTxPower
                0x00018894                ll_radioSetRfPathCompensation
                0x000188b8                ll_radioInit
                0x00018a04                ll_startOrQueueProcedure
                0x00018ce4                BTLE_LL_EventRaise
                0x00018d74                ll_bgbuf_callback.lto_priv.399
                0x00018d84                ll_hciCall
                0x00018da4                hci_le_set_extended_advertising_enable
                0x00018de4                hci_send_acl
                0x00018ed8                l2cap_send_update_parameters_response.lto_priv.726
                0x00018f5c                l2cap_send_fixed_channel
                0x00019af4                ll_llcpUpdateChannelMap_sender.lto_priv.418
                0x00019eb8                ll_radioRxAfterTx
                0x00019ed8                ll_radioRxSchedule
                0x00019ff4                ll_radioTxAfterRx
                0x0001a50a                ll_radioTxSchedule
                0x0001a55c                ll_radioTxStart
                0x0001a594                ll_radioStop
                0x0001a840                ll_radioConfigureChannel
                0x0001aaec                ll_scanTaskPrimaryHandler
                0x0001af24                gecko_priority_handle
                0x0001c8ec                ll_randomAesCtrEncrypt.lto_priv.456
                0x0001c974                ll_randomAesRandUpdate.lto_priv.457
                0x0001c9bc                ll_randomInit
 .text          0x0001c9e0     0x595c C:\Users\vkronber\AppData\Local\Temp\ccA35SiT.ltrans3.ltrans.o
                0x0001cbf0                s99706ec9cefad0764102cb5bdcebde1d96496104c401277e87779cc829eec13d.lto_priv.609
                0x0001cd40                s0ef555943a77328c9be5fde3a3a1c5ee2d5b9883d07b40d02b9ddd8382751f83
                0x0001cd4c                s5c09c78ce000038282facbea8e578d879cb1e24458c166c35a622c948c906e58.lto_priv.405
                0x0001cd8c                att_buf_send
                0x0001cda8                att_send_pdu
                0x0001cdb4                att_alloc_pdu_copy_data
                0x0001cdea                att_alloc_buf
                0x0001cdfe                att_alloc_pdu
                0x0001ce0e                ubt_message_get_gap_adv_report_header
                0x0001ce3a                acl_find_by_index
                0x0001ce54                acl_find_by_hci_handle
                0x0001ce70                s6261974a293c5239df2c750357da7e82f8dcd8b99af88cb966ae52350464a9d6.lto_priv.538.lto_priv.620
                0x0001ce7c                s2c67b870202fec66ddf26c64f0c38ebce8d002b7fb23977d0446d8f2fee32cca.lto_priv.542.lto_priv.626
                0x0001ce7c                s2c67b870202fec66ddf26c64f0c38ebce8d002b7fb23977d0446d8f2fee32cca.lto_priv.543.lto_priv.611
                0x0001ce8c                s44389a8ac9ec1f4417202b0c39c4aa04c48805437e78a0db687ea4ade1f0523b
                0x0001cf84                sed6d275c1644f5870f983b2532a453e350b77621491aab9776c482c60af3b962
                0x0001cff0                s7db2527fd401eaf542b753f433b690be6782df93e6a8b2a07999f9768dcf241e
                0x0001d02a                s1052ea8e07a13dbb694b666558717402d20f23702129b1b2594fca4c65508ec8
                0x0001d088                sb3ffae400409cf8d6db5a0261cfaf63686ccdf0abf07b80daddfa9e99cb50ec2
                0x0001d0d0                swapl.lto_priv.479.lto_priv.497
                0x0001d0d0                swapl.lto_priv.480.lto_priv.481
                0x0001d16a                sd2cadb709ecca9f947ed0c2d4d8d99bfa79dfcd8daeba4a2cff6ad6b838d21d6.isra.12.lto_priv.465
                0x0001d16c                s76f1df48e4a5181023c125fb58d433004a940c8d81bf89186fae88683c97367b.lto_priv.613
                0x0001d18c                s1a4795653743e3857e3a6b4cf7f73c51595de21988c651985d59fa2fd1bb5743.lto_priv.458.lto_priv.494
                0x0001d18c                s1a4795653743e3857e3a6b4cf7f73c51595de21988c651985d59fa2fd1bb5743.lto_priv.459.lto_priv.460
                0x0001d2ec                s92b37aaa9ec5cf3bf22b0435e979c841b7e217d7515e70d94d2d64786a265ec1.lto_priv.549.lto_priv.614
                0x0001d2ec                s92b37aaa9ec5cf3bf22b0435e979c841b7e217d7515e70d94d2d64786a265ec1.lto_priv.482
                0x0001d2f6                sc393908489c4c368e9318a8288c6a5c179d005ea373b3d82870cfe03ea6b6287.lto_priv.554.lto_priv.622
                0x0001d2f6                sc393908489c4c368e9318a8288c6a5c179d005ea373b3d82870cfe03ea6b6287.lto_priv.461.lto_priv.495
                0x0001d2f6                sc393908489c4c368e9318a8288c6a5c179d005ea373b3d82870cfe03ea6b6287.lto_priv.552.lto_priv.624
                0x0001d2f6                sc393908489c4c368e9318a8288c6a5c179d005ea373b3d82870cfe03ea6b6287.lto_priv.551.lto_priv.673
                0x0001d2f6                sc393908489c4c368e9318a8288c6a5c179d005ea373b3d82870cfe03ea6b6287.lto_priv.553.lto_priv.623
                0x0001d2f6                sc393908489c4c368e9318a8288c6a5c179d005ea373b3d82870cfe03ea6b6287.lto_priv.557.lto_priv.618
                0x0001d2f6                sc393908489c4c368e9318a8288c6a5c179d005ea373b3d82870cfe03ea6b6287.lto_priv.558.lto_priv.612
                0x0001d2f6                sc393908489c4c368e9318a8288c6a5c179d005ea373b3d82870cfe03ea6b6287.lto_priv.462.lto_priv.476
                0x0001d2f6                sc393908489c4c368e9318a8288c6a5c179d005ea373b3d82870cfe03ea6b6287.lto_priv.556.lto_priv.616
                0x0001d2f6                sc393908489c4c368e9318a8288c6a5c179d005ea373b3d82870cfe03ea6b6287.lto_priv.555.lto_priv.619
                0x0001d2f6                sc393908489c4c368e9318a8288c6a5c179d005ea373b3d82870cfe03ea6b6287.lto_priv.550.lto_priv.675
                0x0001d2f6                sc393908489c4c368e9318a8288c6a5c179d005ea373b3d82870cfe03ea6b6287.lto_priv.463.lto_priv.464
                0x0001d31a                sf5a4b7223536102b50c0384b09a740002d88dae1ab859fa6ae533f4102b13574.lto_priv.470.lto_priv.471
                0x0001d31a                sf5a4b7223536102b50c0384b09a740002d88dae1ab859fa6ae533f4102b13574.lto_priv.469.lto_priv.496
                0x0001d354                sc3a70966cf984e0c0be065fdf297224c0063258c0e34f108276380f48093aee4.lto_priv.617
                0x0001d3c0                sde6b8ace8c1c1f296e49a357a91273b96b84d2d93d56f5c92c62b700dc912513
                0x0001d43a                s7506562fc9b89d75c26feb65f105606dcbdc16c1aa462ef0533f77e5534ad2f5
                0x0001d464                s1d2ded0dafe78174c87b66bff868ec9df91c5b5f184d794eb1aad5889f4d16e9
                0x0001d48c                s159d970698dc3e527243f512748c02159bf5d84debb89a009024b2178c6a4e69
                0x0001d508                s09e08adc186901f795f97605530591010eaca9bbe80a9dadad5ddfb4eb388f94
                0x0001d54c                s6ff14fe6bc0ca90c95ef60fe5011df1d824e2948bff1d0a161a4f4b84d8643fd
                0x0001d588                sd29e2637760b9137aab9bf98a9b541da79429965d7ec299a169c960935bbd404.lto_priv.676
                0x0001d5b8                s87acd33c0eac88824e4413cd64c80b6f14cbeaf6eec577d1064ab9411a19080a
                0x0001d694                sbec0cbe303bd593ca84a0f69dcc6edb968abae5a92b36ad914f394d98467557f
                0x0001d6bc                see7a379f97ad6b899d17c425c4f0bf137c6093b04f00532d0821e7a8be8e6b15.lto_priv.615
                0x0001d718                sd5a5764d7b99345d1055a0ec7cd53818205afa9782cc83eec96e76a85ba9d892
                0x0001d754                s32bcad62df57d781bb49ae171ad1e8d4313f93a05c3846b3365694849e874fc8
                0x0001d7cc                s0c2e0b5cac430dda0686b9526dcec376d592e497c1dfe8b00134b86b071a7093
                0x0001d844                s02db68217afc72b235f38a71741247dd90161b847a9b4e369760f613a0b8e40b
                0x0001d8ec                s07f43ffd9faa0a22b191e0756e79c5b89895da32fd902f6ffd60a0091e50acda
                0x0001d9dc                s3ad49a2bf094a61325a0536d8ac8171aaca6fb9f5910ca6dd806c6321ca13e98
                0x0001d9f4                sc088f32e04a429472e9721e74869095eea035f1a290c69aeda527ccd93810f8c
                0x0001da40                s63585770c6ae5c3328d7aa92cc760f5bb14bfcc9dc1d2e134c88d53f9420de77
                0x0001dac4                sfe7762df92738633b2a5f93207806ce0274854b94eeb9d03fa92c94c6ebfd8df
                0x0001db00                s645da1b697ee9275ada820be18567474705476e89923edc66d756660151420af
                0x0001db40                sa2e0899b5be4db690e8625f942309f691e56fe7ea15549bf6068c98b9f49ad8d
                0x0001dec8                s9ed26392f672898d9a69ae9d920d8e05b25c4e87e4285f2e4d759cc17d5444f6
                0x0001df84                s16671c4bb7b6d8e7bcf499895d40f940971f27e537805451c289edcb3dbfa647
                0x0001dfd4                s04503efec82ff6ce3f10b9ceae932afea79c6e0615b6e4071a4f20d58cf1938d
                0x0001e030                s58f83e89d7cc67afc3e9e180c2379c2ad386ab8c1af2c1540b1775efdb032830
                0x0001e088                s3902d71650020e30d49db221264052dc6b47a41d0998031f5e931f8bc506380e
                0x0001e0ac                s2a8ce4553a4bfa22b7544f7af520042d8d7978856faa6f16c08c9cdcdb2723c0
                0x0001e0dc                s5758f304d1e9ede43286b555fc7449a9a36461bacaf72c814ebe16a476a994e1
                0x0001e41c                s5ad154f4280798c81d8efe614d62f678e3b82aaeb8736c9ee4436aeef40cc5b3
                0x0001e4a8                s86eb02fd0f466d954bb6ef4b143dd56d72ef904efbd40d00dba76579112dd7eb
                0x0001e610                mesh_trans_send_sdu
                0x0001e998                s89b6306be573542508d8a27195da49d14275429e84ba74cfad810d0ba9e10af6
                0x0001ea56                s9aa7e38fd4d48aa820b12bb119e41cf2827e9b7238afd6325e74dd3add03c37b.lto_priv.467
                0x0001eaa4                s0eea92efde56ff2a3d5f41decd03d49f2df1b00030afdce2deae55b064551c2c.lto_priv.466
                0x0001eeb0                sef8368169f3026584af3f56d801d17e982b031e738f3c443e33ade2a527e60ce
                0x0001ff78                s7f59fcc55096b2d8416689d8421b79114f59f7ca0bdfdaedd425953cff6d1f8a.lto_priv.681
                0x0002006c                sd5823feba9eb9b344ffd6d90a92b7968a62209a61b3e568cc724f2523291fcc8
                0x00020278                s121d5ac45be480f1fae117220f7b4b5ea63da9ab677fff137353de9b358d66d9
                0x00020388                s7808f7a389709abacd73fb358ab76ed70d6fc3f0b4a0dddab4d76c3c9bb971fe
                0x00020488                s8f99fab0cdcfc8bdba2c27eced4721056a1f69c98baba5e6e5d8b01e68640dac
                0x00020694                s67d73d41ee51e37ca4c7e65f4ae187ba531930c46bcc024e08e2e3b894fb80b9
                0x00021d8c                s25d9e0e1dad17678be12a1721ea91a9bf6c2691bbe39c55b8c737f5b9076ea2b
                0x00021ef8                sb48c1d076c36de14f8d82d2c1aa78f595c177a10d2b48450c868aff376510afc
                0x000222a0                acl_release
 .text.unlikely
                0x0002233c      0x23c C:\Users\vkronber\AppData\Local\Temp\ccA35SiT.ltrans3.ltrans.o
                0x0002233c                s99085babac311fc5fab79a02cf16fded3ace0a6094a431d97a3424674523e4b5
                0x0002234c                s46c99b7b348b22dd8b82d5d0742d8fc1b11ae0c7d0d1dc031a821d2aabd2389f
                0x000223b4                sa0932636d2c0c8ca727ad797757c46d3d02c0f1fe9a5f41b1f2f9f9dfb3cc1f4.lto_priv.561.lto_priv.686
                0x000223c4                s990c2e2b50b930d86de78a631d6cd478b2ba0c48f45a124a53b372eccf691cb3
                0x0002240e                s588c8ee1c743f34e840fa4f7b4c6601fde65e6b9a212e2ea70e7c1b334959c8b.part.9
                0x00022468                s235b77878ffa15982bc63f39ba97df4deca0129a0b97934227b542958aecfbd1
                0x000224b4                s3856d91d63899c53aa1f340d4c84d42cde0c7cb1f1c6c8584a102ceac41f8671
 .text          0x00022578     0x4b58 C:\Users\vkronber\AppData\Local\Temp\ccA35SiT.ltrans4.ltrans.o
                0x00022a54                sleepCallbackWrapper.lto_priv.397
                0x00022a90                USART0_RX_IRQHandler
                0x00022c74                MemManage_Handler
                0x00022c74                WDOG1_IRQHandler
                0x00022c74                USART2_TX_IRQHandler
                0x00022c74                LEUART0_IRQHandler
                0x00022c74                CSEN_IRQHandler
                0x00022c74                WTIMER0_IRQHandler
                0x00022c74                ACMP0_IRQHandler
                0x00022c74                USART2_RX_IRQHandler
                0x00022c74                SVC_Handler
                0x00022c74                CRYPTO1_IRQHandler
                0x00022c74                SysTick_Handler
                0x00022c74                SMU_IRQHandler
                0x00022c74                IDAC0_IRQHandler
                0x00022c74                RTCC_IRQHandler
                0x00022c74                USART0_TX_IRQHandler
                0x00022c74                PendSV_Handler
                0x00022c74                UsageFault_Handler
                0x00022c74                TRNG0_IRQHandler
                0x00022c74                USART1_TX_IRQHandler
                0x00022c74                TIMER0_IRQHandler
                0x00022c74                MSC_IRQHandler
                0x00022c74                PCNT0_IRQHandler
                0x00022c74                TIMER1_IRQHandler
                0x00022c74                NMI_Handler
                0x00022c74                CMU_IRQHandler
                0x00022c74                Default_Handler
                0x00022c74                I2C1_IRQHandler
                0x00022c74                LESENSE_IRQHandler
                0x00022c74                sl_app_properties
                0x00022c74                EMU_IRQHandler
                0x00022c74                LDMA_IRQHandler
                0x00022c74                DebugMon_Handler
                0x00022c74                BusFault_Handler
                0x00022c74                HardFault_Handler
                0x00022c74                CRYOTIMER_IRQHandler
                0x00022c74                FPUEH_IRQHandler
                0x00022c74                USART1_RX_IRQHandler
                0x00022c74                CRYPTO0_IRQHandler
                0x00022c74                WDOG0_IRQHandler
                0x00022c74                VDAC0_IRQHandler
                0x00022f18                I2C0_IRQHandler
                0x000232ac                ADC0_IRQHandler
                0x0002373c                GPIO_ODD_IRQHandler
                0x00023760                GPIO_EVEN_IRQHandler
                0x00023784                Reset_Handler
                0x000237c4                CORE_EnterCritical
                0x000237cc                SystemHFXOClockGet
                0x000237d8                bleResponseString
                0x00024470                bleResponseFailureDescription
                0x000260f0                SYSTEM_ChipRevisionGet
                0x00026124                MSC_Deinit
                0x00026138                MSC_Init
                0x00026158                GPIO_PinModeSet
                0x000261c8                EMU_DCDCLnRcoBandSet
                0x000261f0                EMU_VScaleGet.lto_priv.451
                0x00026204                CORE_SetNvicRamTableHandler
                0x00026214                CORE_EnterAtomic
                0x0002621c                CORE_ExitCritical
                0x00026222                CORE_ExitAtomic
                0x00026226                CMU_OscillatorEnable
                0x000263d4                CMU_ClockSelectGet
                0x0002649c                CMU_ClockEnable
                0x00026568                SystemLFRCOClockGet
                0x0002656e                SystemULFRCOClockGet
                0x00026574                SystemLFXOClockGet
                0x00026580                CMU_UpdateWaitStates
                0x0002659c                setHfLeConfig.lto_priv.452
                0x000265e0                SystemHFClockGet
                0x00026628                EMU_VScaleEM01ByClock
                0x00026754                CMU_ClockFreqGet
                0x000268d4                CMU_ClockSelectSet
                0x00026fae                _write
                0x00027004                _sbrk
                0x00027028                _read
                0x000270b8                _lseek
                0x000270bc                _isatty
                0x000270c0                _fstat
                0x000270ca                _exit
                0x000270cc                _close
 .text.unlikely
                0x000270d0       0x64 C:\Users\vkronber\AppData\Local\Temp\ccA35SiT.ltrans4.ltrans.o
 .text.startup  0x00027134     0x156c C:\Users\vkronber\AppData\Local\Temp\ccA35SiT.ltrans4.ltrans.o
                0x00027134                main
 .text          0x000286a0     0x4a7c C:\Users\vkronber\AppData\Local\Temp\ccA35SiT.ltrans5.ltrans.o
                0x00028964                sad65890ac49473d3ec66f16acf191233a03f7f21cee8ac53a213b1d160a0e606
                0x00028968                s764c798ce9d65a98edc58937a29f7525dda2e846b9d91a64be055f42073d4e87
                0x00028a3c                gecko_register_bgapi_library.constprop.376
                0x00028a78                bgbuf_alloc_size.constprop.368
                0x00028a8c                USART_InitSync.constprop.316
                0x00028b50                gecko_cmd_mesh_sensor_client_get_descriptor.constprop.308
                0x00028b9c                gecko_cmd_mesh_sensor_client_get.constprop.307
                0x00028be8                gecko_cmd_mesh_sensor_server_send_status.constprop.301
                0x00028c4c                gecko_cmd_gatt_server_write_attribute_value.constprop.297
                0x00028c9c                s3ce653f168fe1a8c273a7766ae1e5e3bde8173e634ba371528bc3323bee070c5.constprop.249
                0x00028d98                ccm_auth_crypt.constprop.248
                0x00029044                mbedtls_ccm_setkey.constprop.245
                0x0002909c                s27e83e23843ae2b788db1fb197445cc9e47a807bc7351e21f0320197f08fe99f.constprop.244
                0x0002914a                sace7cc2517b6e779d2525fdf3fc3e00bef8d2385b43bda0bae4205c3976f8f6c.constprop.240
                0x000291e4                sa6f04ebafc4f26bf78f8cc9b25fb956905f86b66c47dbd9c1967380f294bc212.constprop.231
                0x00029240                s422e0eb265b84bc3369f6ff2639ac5c4039271703ebe6a1b7d32300956e1aef1.constprop.229
                0x00029284                gecko_cmd_le_gap_bt5_set_adv_data.constprop.226
                0x000292e4                bondingdb_find_by_data.part.2.constprop.207
                0x00029334                ubt_message_call.constprop.204
                0x0002937c                hci_command_init_shared_bgbuf.constprop.203
                0x000293d0                swap_endianess.constprop.200
                0x000293ec                gatt_set_enabled_caps.constprop.183
                0x00029444                ll_randomGetData.constprop.159
                0x00029484                _mesh_foundation_send_byte_array_impl.constprop.132
                0x00029538                s8f68d5bf5cfee900ce165f9d87ea959034d8fb13e81d4214af6a9112e94e8e3f.constprop.131
                0x00029604                sec0548437a174f3d4d8bcc51083029fe9b4c2dae70287fa7fc14fa71ab3e627a.constprop.125
                0x000296bc                s5112f0b94e0fd6936eebce8f26c70de650d391f208dd130dfab248aa3facffde.part.5.constprop.116
                0x00029740                s2a9aee7eec13ab6a4407898138b1cf95f68627323ca7273e76209e80bb70b031.constprop.96
                0x0002975c                ubt_gap_set_le_mode.constprop.95
                0x000297a4                sb590193b77980aa89e08a7733d7e8e180af3795d3b578780cead60719831e663.constprop.80
                0x00029808                mbedtls_mpi_write_binary.constprop.74
                0x00029872                mbedtls_ecp_group_load.constprop.55
                0x000298e0                sa1aabd5b2c2178c6c7df821ce9095e134412afc3f66f2d59459370a9275e2d2d.constprop.52
                0x00029a64                sb32f6b293da93fb92eeaafceaf6c7e0662b7dd0e49ebf74606de4345acef4e74.constprop.44
                0x00029b38                s6dc2cd70b9acccc5db0922954a0cb41c4b82a0d81a696646df6135d7988cb72d.constprop.22
                0x00029be8                s70cb8150a9da451ef1107901ffd71e42403ccb214904bfb891ee72b6683e97cf.constprop.20
                0x00029cdc                header_invalid
                0x00029cfa                crc32_calc.lto_priv.702
                0x00029d28                find_obj
                0x00029d88                nvm3_readData.constprop.352
                0x00029dec                ecp_crypto_device_init.isra.0.lto_priv.517
                0x00029e30                mbedtls_internal_ecp_grp_capable
                0x00029e3a                ecp_crypto_ddata_write.lto_priv.518
                0x00029eb0                mpitobigint.lto_priv.516
                0x00029eee                CRYPTO_InstructionSequenceWait.lto_priv.407.lto_priv.520
                0x00029eee                CRYPTO_InstructionSequenceWait.lto_priv.406.lto_priv.526
                0x00029ef6                CRYPTO_DDataRead.lto_priv.412.lto_priv.528
                0x00029ef6                CRYPTO_DDataRead.lto_priv.413.lto_priv.521
                0x00029f1a                CRYPTO_DData0Read260.lto_priv.410.lto_priv.527
                0x00029f30                CRYPTO_DDataWrite.lto_priv.414.lto_priv.529
                0x00029f30                CRYPTO_DDataWrite.lto_priv.416.lto_priv.519
                0x00029f30                CRYPTO_DDataWrite.lto_priv.415.lto_priv.524
                0x00029f54                CRYPTO_DData0Write260.lto_priv.408.lto_priv.525
                0x00029f6c                s2086c55b51786c589c157ffac2e7c509f5b2e105f0845a69571f5100af85a8d3
                0x00029f98                ll_linkGetWindowWidening
                0x00029ff4                ll_connEncDataToBuffer
                0x0002a01c                ll_connEncBufferToData
                0x0002a048                ll_connValidateParams
                0x0002a082                ll_connUpdatedChannelClassification
                0x0002a0f0                ll_connUpdateMaxPacketLengths
                0x0002a160                ll_connGetHandleByConn
                0x0002a190                ll_connGetByHandle
                0x0002a1bc                ll_connSetMaxRuntime.lto_priv.707
                0x0002a1d6                bg_bit_clr_exclusive.lto_priv.420.lto_priv.706
                0x0002a1d6                bg_bit_clr_exclusive.lto_priv.422.lto_priv.515
                0x0002a1d6                bg_bit_clr_exclusive.lto_priv.423.lto_priv.704
                0x0002a1d6                bg_bit_clr_exclusive.lto_priv.419.lto_priv.535
                0x0002a1d6                bg_bit_clr_exclusive.lto_priv.421.lto_priv.709
                0x0002a1e8                bg_bit_set_exclusive.lto_priv.429.lto_priv.514
                0x0002a1e8                bg_bit_set_exclusive.lto_priv.424.lto_priv.534
                0x0002a1e8                bg_bit_set_exclusive.lto_priv.430.lto_priv.705
                0x0002a1e8                bg_bit_set_exclusive.lto_priv.428.lto_priv.533
                0x0002a1e8                bg_bit_set_exclusive.lto_priv.426.lto_priv.710
                0x0002a1e8                bg_bit_set_exclusive.lto_priv.427.lto_priv.703
                0x0002a1e8                bg_bit_set_exclusive.lto_priv.425.lto_priv.711
                0x0002a1f8                ll_connEncryptionConnectionInit
                0x0002a22e                ll_connRaiseEvents
                0x0002a24c                ll_connInitNew
                0x0002a6a0                bg_bit_clr_atomic.lto_priv.431.lto_priv.708
                0x0002a6a0                bg_bit_clr_atomic.lto_priv.433.lto_priv.786
                0x0002a6a0                bg_bit_clr_atomic.lto_priv.432.lto_priv.701
                0x0002a6b8                bg_bit_set_atomic.lto_priv.436.lto_priv.700
                0x0002a6b8                bg_bit_set_atomic.lto_priv.435.lto_priv.536
                0x0002a6b8                bg_bit_set_atomic.lto_priv.437.lto_priv.532
                0x0002ab74                nvm3_writeData.constprop.353
                0x0002ae04                sab534f3a77a58bf6f26722b7d19155b3c1face143bb890dcfdd107444a526018.constprop.238
                0x0002afd0                store_delete.constprop.328
                0x0002b07c                ecp_crypto_ddata_read.lto_priv.523
                0x0002b438                crypto_mpi_div_mod.lto_priv.522
                0x0002b650                mbedtls_internal_ecp_normalize_jac
                0x0002b734                sl_free
                0x0002b74a                sl_calloc
                0x0002b762                mbedtls_ecp_mul.constprop.61
                0x0002bb9c                ll_connFree
                0x0002bbf8                ll_connAlloc
                0x0002bc5c                gecko_stack_init.constprop.320
                0x0002c80c                mbedtls_cipher_cmac_starts.constprop.343
                0x0002c858                se3d6193c1babf0d589d0f0014f0ae31b048d1d5813483c434c8366f3b97dbd1a.constprop.137
                0x0002ca48                s77851eb5e349adcb565462e183d8ae32a80192c3e176d120a2b4f74637abb804.constprop.88
                0x0002cae6                s4a7f6416e10a17e4b02f6925fb6f5235611ddfd0c20242122f1944084303872d.constprop.136
                0x0002cb6c                ll_connEncryptionSetSessionKey
                0x0002cf1c                ll_connSendData
                0x0002d0ec                ll_connEnableDataFlow
                0x0002d104                ll_connEncryptionFail
 .text.unlikely
                0x0002d11c      0x304 C:\Users\vkronber\AppData\Local\Temp\ccA35SiT.ltrans5.ltrans.o
                0x0002d186                l2cap_send_command_reject.constprop.179
                0x0002d1ce                s81ed4c1d73d99fe1faa2461c6532474dd141f2c8f830772fd3ca33cea5a981c7.part.4.constprop.114
                0x0002d23c                s2cb9803e3061f133a9c690d798942d936ca2d703e23fafaece9ee6af762dc19a.constprop.108
 .text          0x0002d420     0x42c4 C:\Users\vkronber\AppData\Local\Temp\ccA35SiT.ltrans6.ltrans.o
                0x0002d6ca                gecko_init_alloc
                0x0002d704                sli_bt_cmd_system_reset
                0x0002d960                bgapi_system_handle_rail_assert_failed
                0x0002de50                hci_increase_token
                0x0002de62                handle_bgapi_output.lto_priv.530
                0x0002deec                sli_bt_cmd_handler_delegate
                0x0002df3c                user_signal_message_handler.lto_priv.396
                0x0002df68                sli_bt_cmd_system_get_bt_address
                0x0002dfb4                bgapi_system_listener
                0x0002e030                sli_bt_cmd_flash_ps_erase
                0x0002e064                sli_bt_cmd_flash_ps_load
                0x0002e0fc                sli_bt_cmd_flash_ps_erase_all
                0x0002e134                sli_bt_cmd_le_connection_close
                0x0002e170                sli_bt_cmd_hardware_set_soft_timer
                0x0002e210                bgapi_hardware_soft_timer_listener
                0x0002e270                bgapi_ubt_message_handler.lto_priv.402
                0x0002e468                bgapi_ubt_listener
                0x0002e730                gatt_db_find_attribute_by_type
                0x0002e768                gatt_db_get_16bit_char_handle
                0x0002e964                sli_bt_cmd_gatt_server_send_characteristic_notification
                0x0002ea34                gatt_db_get_data
                0x0002eca8                gatt_db_calculate_hash
                0x0002ed80                validate_scanning_phymask.lto_priv.531
                0x0002edb0                gap_stop_advertising
                0x0002eddc                ubt_gap_set_adv_data
                0x0002eeb8                check_private_address_and_timer
                0x0002ef88                gap_start_advertising.part.19
                0x0002f33a                bondingdb_handle_valid.lto_priv.450
                0x0002f35c                ubt_sm_get_bond_data
                0x0002f588                bondingdb_is_bonded
                0x0002f780                ubt_sm_set_bond_data
                0x0002f7d8                gatt_db_set_data
                0x0002fa66                sli_bt_cmd_gatt_server_send_user_write_response
                0x0002fb1c                sli_bt_cmd_gatt_server_write_attribute_value
                0x0002fb80                handle_database_changed.part.3.lto_priv.453
                0x0002fce8                gecko_stack_update_callback
                0x0002fcf8                gecko_external_signal
                0x0002fd10                LETIMER0_IRQHandler
                0x0002fd40                timerGetRunTimeMilliseconds
                0x0002fd74                reset_periodic_timer
                0x0002fdb8                gecko_cmd_flash_ps_save.lto_priv.724.lto_priv.787
                0x0002fdb8                gecko_cmd_flash_ps_save.lto_priv.725.lto_priv.790
                0x0002fdf8                sensor_client_publish_get_descriptor_request
                0x0002fea4                hci_send_command
                0x0002fedc                hci_state_listener_idle
                0x00031374                hci_state_listener_init
                0x0003139c                hci_state_listener_init_default_data_length
                0x0003140c                gap_scan_update
                0x00031514                gap_listener
 .text.unlikely
                0x000316e4      0x2ec C:\Users\vkronber\AppData\Local\Temp\ccA35SiT.ltrans6.ltrans.o
 .text          0x000319d0     0x4260 C:\Users\vkronber\AppData\Local\Temp\ccA35SiT.ltrans7.ltrans.o
                0x00031dfc                ccm_ctx_alloc.lto_priv.446
                0x00031e16                ccm_aes_setkey_wrap.lto_priv.445
                0x00031e1a                bgapi_test_lib_msg_handler
                0x00031e6c                sli_bt_cmd_le_gap_set_advertise_configuration
                0x00031f34                sli_bt_cmd_le_gap_set_advertise_report_scan_request
                0x00031fa0                sli_bt_cmd_le_gap_set_advertise_channel_map
                0x00032000                sli_bt_cmd_le_gap_set_advertise_timing
                0x00032098                sli_bt_cmd_le_gap_set_discovery_type
                0x000320f0                sli_bt_cmd_le_gap_set_discovery_timing
                0x0003216c                sli_bt_cmd_le_gap_start_discovery
                0x000321f8                sli_bt_cmd_le_gap_end_procedure
                0x00032240                sli_bt_cmd_le_gap_stop_advertising
                0x0003226c                sli_bt_cmd_le_gap_start_advertising
                0x000322b4                sli_bt_cmd_le_gap_bt5_set_adv_data
                0x00032328                ll_channelmapAlgorithm2
                0x000323a8                ll_channelmapUpdate
                0x00032426                ll_channelmapUsedChannels
                0x0003244e                ll_channelmapGetChannelMap
                0x00032464                ll_advExtUpdateChannelMap
                0x00032484                ll_advGetByHandle
                0x000324cc                set_change_awareness
                0x00032504                set_client_features
                0x00032564                mbedtls_zeroize.lto_priv.506.lto_priv.583
                0x00032564                zeroize
                0x00032564                mbedtls_zeroize.lto_priv.505.lto_priv.677
                0x00032564                mbedtls_zeroize.lto_priv.449
                0x00032574                crypto_management_release
                0x000325a8                CRYPTO_DataReadUnaligned.lto_priv.490.lto_priv.500
                0x000325a8                CRYPTO_DataReadUnaligned.lto_priv.491.lto_priv.492
                0x000325e6                CRYPTO_DataWriteUnaligned.lto_priv.487.lto_priv.499
                0x000325e6                CRYPTO_DataWriteUnaligned.lto_priv.488.lto_priv.489
                0x0003262a                mbedtls_aes_init.part.4
                0x00032632                aes_ctx_free.lto_priv.444
                0x00032646                aes_ctx_alloc.lto_priv.443
                0x0003265c                mbedtls_aes_setkey_enc
                0x00032698                aes_setkey_enc_wrap.lto_priv.441
                0x0003269a                mbedtls_cipher_update
                0x0003273c                mbedtls_cipher_cmac_finish
                0x0003284c                mbedtls_cipher_cmac_update
                0x00032914                mbedtls_cipher_setup
                0x00032948                mbedtls_cipher_free
                0x00032976                mbedtls_ccm_free
                0x00032988                ccm_ctx_free.lto_priv.447
                0x0003299a                mbedtls_mpi_cmp_mpi
                0x00032a1a                mbedtls_mpi_cmp_int
                0x00032a34                mbedtls_mpi_bitlen
                0x00032a74                mbedtls_mpi_grow
                0x00032ac8                mbedtls_mpi_lset
                0x00032af0                mbedtls_mpi_shift_r
                0x00032bd2                mbedtls_mpi_free
                0x00032bfe                mbedtls_ecp_point_free.part.8
                0x00032c18                mbedtls_ecp_point_free
                0x00032c1e                mbedtls_ecp_group_free
                0x00032c7a                mbedtls_mpi_read_binary
                0x00032ce6                mbedtls_mpi_copy
                0x00032d3a                mbedtls_ecp_copy
                0x000334f4                mbedtls_mpi_sub_mpi
                0x000339ac                mbedtls_ecp_check_pubkey
                0x00033b40                bgbuf_chain_add
                0x00033b54                bgbuf_chain_len
                0x00033b68                ll_advGetMaxEventLength
                0x00033c94                bgbuf_prepend_no_alloc
                0x00033cd6                bgbuf_chain_pop_packet
                0x00033cfc                bgbuf_append_data
                0x00033fe4                bg_pool_free
                0x00034034                bg_pool_alloc
                0x00034050                bg_message_run
                0x000340dc                bg_message_call
                0x0003410a                bg_message_remove_receivers
                0x0003413c                bg_message_enqueue_free_callback.lto_priv.455
                0x000341f0                bg_message_send
                0x00034204                bg_message_cancel_matching
                0x0003425c                bg_malloc
                0x0003427a                bg_message_add_receiver
                0x0003429e                bg_zalloc
                0x000342b6                bg_event_raise
                0x000342e4                bg_event_allocate
                0x0003430c                att_send_execute_write_response
                0x00034328                att_send_write_response
                0x00034344                att_send_error_response
                0x0003436c                ll_advUpdateMaxEventLength
                0x000343a0                bgbuf_free
                0x00034418                bgbuf_get_data.part.1.lto_priv.727
                0x000344fe                bgbuf_copy_to
                0x00034514                bgbuf_chain_defragment
                0x000345a0                bgbuf_chain_drop_end
                0x000345e2                bgbuf_chain_drop
                0x0003460e                bgbuf_chain_free
                0x00034622                ll_advTaskStopHandle
                0x000348cc                bgapi_gatt_listener
                0x00034b68                bgbuf_alloc_int.lto_priv.448
                0x00034c10                bgbuf_chain_append_data
                0x00034c74                bgbuf_clone_head
                0x00034cc6                bgbuf_clone
                0x00034d38                bgbuf_alloc_copy_data
                0x00034d62                bgbuf_alloc
                0x00034d6e                bgbuf_chain_prepend_data
                0x00034df8                bgbuf_prepend
                0x00034e22                crypto_management_acquire_preemption
                0x00034f90                crypto_management_release_preemption
                0x00035156                CRYPTO_KeyBufWriteUnaligned.lto_priv.484.lto_priv.498
                0x00035156                CRYPTO_KeyBufWriteUnaligned.lto_priv.485.lto_priv.486
                0x00035348                aes_crypt_ctr_wrap.lto_priv.440
                0x000353e4                bg_random_get_data
                0x00035444                mbedtls_aes_crypt_ecb
                0x000354e8                aes_crypt_ecb_wrap.lto_priv.439
                0x000354ea                aes_setkey_dec_wrap.lto_priv.442
                0x000356fc                ll_advExtTaskHandlerWaitTx
                0x00035acc                ll_advTaskHandlerWaitTx
                0x00035b0c                ll_advSetData
 .text.unlikely
                0x00035c30      0x3b0 C:\Users\vkronber\AppData\Local\Temp\ccA35SiT.ltrans7.ltrans.o
                0x00035cbe                mbedtls_mpi_safe_cond_assign
                0x00035d26                ecp_safe_invert_jac.lto_priv.477
                0x00035d6e                ecp_normalize_jac_many.lto_priv.478
 .text.RAIL_InitTxPowerCurvesAlt
                0x00035fe0       0x20 C:\Users\vkronber\SimplicityStudio\v4_workspace\course-project-victorkronberg_update\platform\radio\rail_lib\autogen\librail_release\librail_efr32xg13_gcc_release.a(pa_conversions_efr32.o)
                0x00035fe0                RAIL_InitTxPowerCurvesAlt
 .text.RAIL_ConvertDbmToRaw
                0x00036000       0xbc C:\Users\vkronber\SimplicityStudio\v4_workspace\course-project-victorkronberg_update\platform\radio\rail_lib\autogen\librail_release\librail_efr32xg13_gcc_release.a(pa_conversions_efr32.o)
                0x00036000                RAIL_ConvertDbmToRaw
 .text.RAIL_ConvertRawToDbm
                0x000360bc       0xb0 C:\Users\vkronber\SimplicityStudio\v4_workspace\course-project-victorkronberg_update\platform\radio\rail_lib\autogen\librail_release\librail_efr32xg13_gcc_release.a(pa_conversions_efr32.o)
                0x000360bc                RAIL_ConvertRawToDbm
 .text.setMultiTimer
                0x0003616c        0x4 C:\Users\vkronber\SimplicityStudio\v4_workspace\course-project-victorkronberg_update\platform\radio\rail_lib\autogen\librail_release\librail_efr32xg13_gcc_release.a(rail_singleprotocol.o)
 .text.cancelMultiTimer
                0x00036170        0x4 C:\Users\vkronber\SimplicityStudio\v4_workspace\course-project-victorkronberg_update\platform\radio\rail_lib\autogen\librail_release\librail_efr32xg13_gcc_release.a(rail_singleprotocol.o)
 .text.isMultiTimerExpired
                0x00036174        0x4 C:\Users\vkronber\SimplicityStudio\v4_workspace\course-project-victorkronberg_update\platform\radio\rail_lib\autogen\librail_release\librail_efr32xg13_gcc_release.a(rail_singleprotocol.o)
 .text.getMultiTimer
                0x00036178        0x4 C:\Users\vkronber\SimplicityStudio\v4_workspace\course-project-victorkronberg_update\platform\radio\rail_lib\autogen\librail_release\librail_efr32xg13_gcc_release.a(rail_singleprotocol.o)
 .text.getActiveTimerCb
                0x0003617c       0x18 C:\Users\vkronber\SimplicityStudio\v4_workspace\course-project-victorkronberg_update\platform\radio\rail_lib\autogen\librail_release\librail_efr32xg13_gcc_release.a(rail_singleprotocol.o)
 .text.isMultiTimerRunning
                0x00036194        0x4 C:\Users\vkronber\SimplicityStudio\v4_workspace\course-project-victorkronberg_update\platform\radio\rail_lib\autogen\librail_release\librail_efr32xg13_gcc_release.a(rail_singleprotocol.o)
 .text.RAIL_Init
                0x00036198       0x2c C:\Users\vkronber\SimplicityStudio\v4_workspace\course-project-victorkronberg_update\platform\radio\rail_lib\autogen\librail_release\librail_efr32xg13_gcc_release.a(rail_singleprotocol.o)
                0x00036198                RAIL_Init
 .text.RAIL_GetSchedulerStatus
                0x000361c4        0x4 C:\Users\vkronber\SimplicityStudio\v4_workspace\course-project-victorkronberg_update\platform\radio\rail_lib\autogen\librail_release\librail_efr32xg13_gcc_release.a(rail_singleprotocol.o)
                0x000361c4                RAIL_GetSchedulerStatus
 .text.RAIL_ConfigSleep
                0x000361c8       0x14 C:\Users\vkronber\SimplicityStudio\v4_workspace\course-project-victorkronberg_update\platform\radio\rail_lib\autogen\librail_release\librail_efr32xg13_gcc_release.a(rail_singleprotocol.o)
                0x000361c8                RAIL_ConfigSleep
 .text.RAIL_Wake
                0x000361dc        0x4 C:\Users\vkronber\SimplicityStudio\v4_workspace\course-project-victorkronberg_update\platform\radio\rail_lib\autogen\librail_release\librail_efr32xg13_gcc_release.a(rail_singleprotocol.o)
                0x000361dc                RAIL_Wake
 .text.RAIL_Sleep
                0x000361e0       0x18 C:\Users\vkronber\SimplicityStudio\v4_workspace\course-project-victorkronberg_update\platform\radio\rail_lib\autogen\librail_release\librail_efr32xg13_gcc_release.a(rail_singleprotocol.o)
                0x000361e0                RAIL_Sleep
 .text.RAIL_Idle
                0x000361f8        0x8 C:\Users\vkronber\SimplicityStudio\v4_workspace\course-project-victorkronberg_update\platform\radio\rail_lib\autogen\librail_release\librail_efr32xg13_gcc_release.a(rail_singleprotocol.o)
                0x000361f8                RAIL_Idle
 .text.RAIL_YieldRadio
                0x00036200        0x2 C:\Users\vkronber\SimplicityStudio\v4_workspace\course-project-victorkronberg_update\platform\radio\rail_lib\autogen\librail_release\librail_efr32xg13_gcc_release.a(rail_singleprotocol.o)
                0x00036200                RAIL_YieldRadio
 .text.RAIL_GetRadioEntropy
                0x00036202        0x8 C:\Users\vkronber\SimplicityStudio\v4_workspace\course-project-victorkronberg_update\platform\radio\rail_lib\autogen\librail_release\librail_efr32xg13_gcc_release.a(rail_singleprotocol.o)
                0x00036202                RAIL_GetRadioEntropy
 .text.RAIL_SetTimer
                0x0003620a       0x1c C:\Users\vkronber\SimplicityStudio\v4_workspace\course-project-victorkronberg_update\platform\radio\rail_lib\autogen\librail_release\librail_efr32xg13_gcc_release.a(rail_singleprotocol.o)
                0x0003620a                RAIL_SetTimer
 .text.RAIL_CancelTimer
                0x00036226        0xe C:\Users\vkronber\SimplicityStudio\v4_workspace\course-project-victorkronberg_update\platform\radio\rail_lib\autogen\librail_release\librail_efr32xg13_gcc_release.a(rail_singleprotocol.o)
                0x00036226                RAIL_CancelTimer
 .text.RAIL_StartTx
                0x00036234        0x8 C:\Users\vkronber\SimplicityStudio\v4_workspace\course-project-victorkronberg_update\platform\radio\rail_lib\autogen\librail_release\librail_efr32xg13_gcc_release.a(rail_singleprotocol.o)
                0x00036234                RAIL_StartTx
 .text.RAIL_StartScheduledTx
                0x0003623c        0x8 C:\Users\vkronber\SimplicityStudio\v4_workspace\course-project-victorkronberg_update\platform\radio\rail_lib\autogen\librail_release\librail_efr32xg13_gcc_release.a(rail_singleprotocol.o)
                0x0003623c                RAIL_StartScheduledTx
 .text.RAIL_ScheduleRx
                0x00036244        0x8 C:\Users\vkronber\SimplicityStudio\v4_workspace\course-project-victorkronberg_update\platform\radio\rail_lib\autogen\librail_release\librail_efr32xg13_gcc_release.a(rail_singleprotocol.o)
                0x00036244                RAIL_ScheduleRx
 .text.radioConfigChangedDefault
                0x0003624c        0x2 C:\Users\vkronber\SimplicityStudio\v4_workspace\course-project-victorkronberg_update\platform\radio\rail_lib\autogen\librail_release\librail_efr32xg13_gcc_release.a(rail_rf.o)
 .text.isTransitionState
                0x0003624e       0x12 C:\Users\vkronber\SimplicityStudio\v4_workspace\course-project-victorkronberg_update\platform\radio\rail_lib\autogen\librail_release\librail_efr32xg13_gcc_release.a(rail_rf.o)
 .text.RAILCore_Idle.part.2
                0x00036260        0xc C:\Users\vkronber\SimplicityStudio\v4_workspace\course-project-victorkronberg_update\platform\radio\rail_lib\autogen\librail_release\librail_efr32xg13_gcc_release.a(rail_rf.o)
 .text.RAIL_UnlockModule
                0x0003626c        0x4 C:\Users\vkronber\SimplicityStudio\v4_workspace\course-project-victorkronberg_update\platform\radio\rail_lib\autogen\librail_release\librail_efr32xg13_gcc_release.a(rail_rf.o)
                0x0003626c                RAIL_UnlockModule
 .text.RAILCore_Init
                0x00036270       0x1e C:\Users\vkronber\SimplicityStudio\v4_workspace\course-project-victorkronberg_update\platform\radio\rail_lib\autogen\librail_release\librail_efr32xg13_gcc_release.a(rail_rf.o)
                0x00036270                RAILINT_59121321a1358ecc506fdb12a688e30c
 *fill*         0x0003628e        0x2 
 .text.RAILInt_SetCallbackConfig
                0x00036290       0x28 C:\Users\vkronber\SimplicityStudio\v4_workspace\course-project-victorkronberg_update\platform\radio\rail_lib\autogen\librail_release\librail_efr32xg13_gcc_release.a(rail_rf.o)
                0x00036290                RAILINT_67b8f114888c610aba62f28a55421a70
 .text.RAILCore_Idle
                0x000362b8       0x14 C:\Users\vkronber\SimplicityStudio\v4_workspace\course-project-victorkronberg_update\platform\radio\rail_lib\autogen\librail_release\librail_efr32xg13_gcc_release.a(rail_rf.o)
                0x000362b8                RAILINT_c5804fbffcb4bb00ba2d55e8180afacd
 .text.RAILCb_CalcSymbolRate
                0x000362cc        0x8 C:\Users\vkronber\SimplicityStudio\v4_workspace\course-project-victorkronberg_update\platform\radio\rail_lib\autogen\librail_release\librail_efr32xg13_gcc_release.a(rail_rf.o)
                0x000362cc                RAILCb_CalcSymbolRate
 .text.RAILCb_CalcBitRate
                0x000362d4        0x8 C:\Users\vkronber\SimplicityStudio\v4_workspace\course-project-victorkronberg_update\platform\radio\rail_lib\autogen\librail_release\librail_efr32xg13_gcc_release.a(rail_rf.o)
                0x000362d4                RAILCb_CalcBitRate
 .text.RAIL_SetStateTiming
                0x000362dc        0x8 C:\Users\vkronber\SimplicityStudio\v4_workspace\course-project-victorkronberg_update\platform\radio\rail_lib\autogen\librail_release\librail_efr32xg13_gcc_release.a(rail_rf.o)
                0x000362dc                RAIL_SetStateTiming
 .text.RAILInt_ComputeSetChannel
                0x000362e4       0xac C:\Users\vkronber\SimplicityStudio\v4_workspace\course-project-victorkronberg_update\platform\radio\rail_lib\autogen\librail_release\librail_efr32xg13_gcc_release.a(rail_rf.o)
                0x000362e4                RAILINT_72eb364d7718334eae17f88a79f3de40
 .text.RAILInt_SetChannelRaw
                0x00036390      0x140 C:\Users\vkronber\SimplicityStudio\v4_workspace\course-project-victorkronberg_update\platform\radio\rail_lib\autogen\librail_release\librail_efr32xg13_gcc_release.a(rail_rf.o)
                0x00036390                RAILINT_a7edce70c9b1ddcd5d57d31ae701eb09
 .text.RAILInt_SetChannel
                0x000364d0       0x30 C:\Users\vkronber\SimplicityStudio\v4_workspace\course-project-victorkronberg_update\platform\radio\rail_lib\autogen\librail_release\librail_efr32xg13_gcc_release.a(rail_rf.o)
                0x000364d0                RAILINT_e0dfaecc04939a24e643c7a83fed51fa
 .text.RAILCore_ConfigChannels
                0x00036500       0x70 C:\Users\vkronber\SimplicityStudio\v4_workspace\course-project-victorkronberg_update\platform\radio\rail_lib\autogen\librail_release\librail_efr32xg13_gcc_release.a(rail_rf.o)
                0x00036500                RAILINT_4d8e913cc0a2a756e4017ab74ecff076
 .text.RAILInt_GetChannel
                0x00036570        0x4 C:\Users\vkronber\SimplicityStudio\v4_workspace\course-project-victorkronberg_update\platform\radio\rail_lib\autogen\librail_release\librail_efr32xg13_gcc_release.a(rail_rf.o)
                0x00036570                RAILINT_aa7b882f5023851e2f6a935b3993ee64
 .text.RAILCore_SetTxTransitions
                0x00036574       0x3c C:\Users\vkronber\SimplicityStudio\v4_workspace\course-project-victorkronberg_update\platform\radio\rail_lib\autogen\librail_release\librail_efr32xg13_gcc_release.a(rail_rf.o)
                0x00036574                RAILINT_60c29796d4368fee9b7d114bf204b331
 .text.RAIL_SetTxTransitions
                0x000365b0        0x8 C:\Users\vkronber\SimplicityStudio\v4_workspace\course-project-victorkronberg_update\platform\radio\rail_lib\autogen\librail_release\librail_efr32xg13_gcc_release.a(rail_rf.o)
                0x000365b0                RAIL_SetTxTransitions
 .text.RAILCore_SetRxTransitions
                0x000365b8       0x38 C:\Users\vkronber\SimplicityStudio\v4_workspace\course-project-victorkronberg_update\platform\radio\rail_lib\autogen\librail_release\librail_efr32xg13_gcc_release.a(rail_rf.o)
                0x000365b8                RAILINT_20405add256d5061bc482206e21c44d6
 .text.RAIL_SetRxTransitions
                0x000365f0        0x8 C:\Users\vkronber\SimplicityStudio\v4_workspace\course-project-victorkronberg_update\platform\radio\rail_lib\autogen\librail_release\librail_efr32xg13_gcc_release.a(rail_rf.o)
                0x000365f0                RAIL_SetRxTransitions
 .text.RAIL_ConfigEvents
                0x000365f8       0x14 C:\Users\vkronber\SimplicityStudio\v4_workspace\course-project-victorkronberg_update\platform\radio\rail_lib\autogen\librail_release\librail_efr32xg13_gcc_release.a(rail_rf.o)
                0x000365f8                RAIL_ConfigEvents
 .text.RAIL_ConfigRxOptions
                0x0003660c        0x8 C:\Users\vkronber\SimplicityStudio\v4_workspace\course-project-victorkronberg_update\platform\radio\rail_lib\autogen\librail_release\librail_efr32xg13_gcc_release.a(rail_rx.o)
                0x0003660c                RAIL_ConfigRxOptions
 .text.RAILCore_ScheduleRx
                0x00036614       0x2c C:\Users\vkronber\SimplicityStudio\v4_workspace\course-project-victorkronberg_update\platform\radio\rail_lib\autogen\librail_release\librail_efr32xg13_gcc_release.a(rail_rx.o)
                0x00036614                RAILINT_086017fdb374a998d21f5428f8f3accf
 .text.RAILCb_ConfigFrameTypeLength
                0x00036640        0x4 C:\Users\vkronber\SimplicityStudio\v4_workspace\course-project-victorkronberg_update\platform\radio\rail_lib\autogen\librail_release\librail_efr32xg13_gcc_release.a(rail_rx.o)
                0x00036640                RAILCb_ConfigFrameTypeLength
 .text.RAIL_GetTxPower
                0x00036644        0x8 C:\Users\vkronber\SimplicityStudio\v4_workspace\course-project-victorkronberg_update\platform\radio\rail_lib\autogen\librail_release\librail_efr32xg13_gcc_release.a(rail_tx.o)
                0x00036644                RAIL_GetTxPower
 .text.RAIL_ConfigTxPower
                0x0003664c       0x20 C:\Users\vkronber\SimplicityStudio\v4_workspace\course-project-victorkronberg_update\platform\radio\rail_lib\autogen\librail_release\librail_efr32xg13_gcc_release.a(rail_tx.o)
                0x0003664c                RAIL_ConfigTxPower
 .text.RAIL_VerifyTxPowerCurves
                0x0003666c        0x4 C:\Users\vkronber\SimplicityStudio\v4_workspace\course-project-victorkronberg_update\platform\radio\rail_lib\autogen\librail_release\librail_efr32xg13_gcc_release.a(rail_tx.o)
                0x0003666c                RAIL_VerifyTxPowerCurves
 .text.RAIL_GetTxPowerConfig
                0x00036670        0x8 C:\Users\vkronber\SimplicityStudio\v4_workspace\course-project-victorkronberg_update\platform\radio\rail_lib\autogen\librail_release\librail_efr32xg13_gcc_release.a(rail_tx.o)
                0x00036670                RAIL_GetTxPowerConfig
 .text.RAIL_SetTxPowerDbm
                0x00036678       0x36 C:\Users\vkronber\SimplicityStudio\v4_workspace\course-project-victorkronberg_update\platform\radio\rail_lib\autogen\librail_release\librail_efr32xg13_gcc_release.a(rail_tx.o)
                0x00036678                RAIL_SetTxPowerDbm
 .text.RAILInt_PendCal
                0x000366ae       0x24 C:\Users\vkronber\SimplicityStudio\v4_workspace\course-project-victorkronberg_update\platform\radio\rail_lib\autogen\librail_release\librail_efr32xg13_gcc_release.a(rail_calibration.o)
                0x000366ae                RAILINT_3f0b6529856489702e1c986caf70e7aa
 .text.RAIL_WriteTxFifo
                0x000366d2        0x8 C:\Users\vkronber\SimplicityStudio\v4_workspace\course-project-victorkronberg_update\platform\radio\rail_lib\autogen\librail_release\librail_efr32xg13_gcc_release.a(rail_data.o)
                0x000366d2                RAIL_WriteTxFifo
 .text.RAIL_SetTxFifo
                0x000366da        0x8 C:\Users\vkronber\SimplicityStudio\v4_workspace\course-project-victorkronberg_update\platform\radio\rail_lib\autogen\librail_release\librail_efr32xg13_gcc_release.a(rail_data.o)
                0x000366da                RAIL_SetTxFifo
 .text.RAIL_SetRxFifo
                0x000366e2        0x8 C:\Users\vkronber\SimplicityStudio\v4_workspace\course-project-victorkronberg_update\platform\radio\rail_lib\autogen\librail_release\librail_efr32xg13_gcc_release.a(rail_data.o)
                0x000366e2                RAIL_SetRxFifo
 *fill*         0x000366ea        0x2 
 .text.RAILCb_SetupRxFifo
                0x000366ec       0x30 C:\Users\vkronber\SimplicityStudio\v4_workspace\course-project-victorkronberg_update\platform\radio\rail_lib\autogen\librail_release\librail_efr32xg13_gcc_release.a(rail_data.o)
                0x000366ec                RAILCb_SetupRxFifo
 .text.RAIL_GetRxPacketInfo
                0x0003671c        0x8 C:\Users\vkronber\SimplicityStudio\v4_workspace\course-project-victorkronberg_update\platform\radio\rail_lib\autogen\librail_release\librail_efr32xg13_gcc_release.a(rail_data.o)
                0x0003671c                RAIL_GetRxPacketInfo
 .text.RAIL_GetRxPacketDetailsAlt
                0x00036724        0x8 C:\Users\vkronber\SimplicityStudio\v4_workspace\course-project-victorkronberg_update\platform\radio\rail_lib\autogen\librail_release\librail_efr32xg13_gcc_release.a(rail_data.o)
                0x00036724                RAIL_GetRxPacketDetailsAlt
 .text.RAIL_GetRxTimePreambleStartAlt
                0x0003672c        0x8 C:\Users\vkronber\SimplicityStudio\v4_workspace\course-project-victorkronberg_update\platform\radio\rail_lib\autogen\librail_release\librail_efr32xg13_gcc_release.a(rail_data.o)
                0x0003672c                RAIL_GetRxTimePreambleStartAlt
 .text.RAIL_ResetFifo
                0x00036734       0x24 C:\Users\vkronber\SimplicityStudio\v4_workspace\course-project-victorkronberg_update\platform\radio\rail_lib\autogen\librail_release\librail_efr32xg13_gcc_release.a(rail_data.o)
                0x00036734                RAIL_ResetFifo
 .text.RAILCb_AssertFailed
                0x00036758       0x14 C:\Users\vkronber\SimplicityStudio\v4_workspace\course-project-victorkronberg_update\platform\radio\rail_lib\autogen\librail_release\librail_efr32xg13_gcc_release.a(rail_assert.o)
                0x00036758                RAILCb_AssertFailed
 .text.RAILInt_Assert
                0x0003676c       0x1c C:\Users\vkronber\SimplicityStudio\v4_workspace\course-project-victorkronberg_update\platform\radio\rail_lib\autogen\librail_release\librail_efr32xg13_gcc_release.a(rail_assert.o)
                0x0003676c                RAILINT_999bd22c50df2f99ce048cba68f11c3a
 .text.RAIL_ConfigPti
                0x00036788        0x6 C:\Users\vkronber\SimplicityStudio\v4_workspace\course-project-victorkronberg_update\platform\radio\rail_lib\autogen\librail_release\librail_efr32xg13_gcc_release.a(rail_pti.o)
                0x00036788                RAIL_ConfigPti
 .text.RAIL_EnablePti
                0x0003678e        0x6 C:\Users\vkronber\SimplicityStudio\v4_workspace\course-project-victorkronberg_update\platform\radio\rail_lib\autogen\librail_release\librail_efr32xg13_gcc_release.a(rail_pti.o)
                0x0003678e                RAIL_EnablePti
 .text.RAIL_GetTime
                0x00036794        0x4 C:\Users\vkronber\SimplicityStudio\v4_workspace\course-project-victorkronberg_update\platform\radio\rail_lib\autogen\librail_release\librail_efr32xg13_gcc_release.a(rail_timer.o)
                0x00036794                RAIL_GetTime
 .text.RAILCore_BLE_Init
                0x00036798       0x14 C:\Users\vkronber\SimplicityStudio\v4_workspace\course-project-victorkronberg_update\platform\radio\rail_lib\autogen\librail_release\librail_efr32xg13_gcc_release.a(rail_ble.o)
                0x00036798                RAILINT_5068bbb2b6fcc434fb14cc631c1d5448
 .text.RAIL_BLE_Init
                0x000367ac        0x8 C:\Users\vkronber\SimplicityStudio\v4_workspace\course-project-victorkronberg_update\platform\radio\rail_lib\autogen\librail_release\librail_efr32xg13_gcc_release.a(rail_ble.o)
                0x000367ac                RAIL_BLE_Init
 .text.RAILCore_BLE_ConfigPhy1MbpsViterbi
                0x000367b4       0x1e C:\Users\vkronber\SimplicityStudio\v4_workspace\course-project-victorkronberg_update\platform\radio\rail_lib\autogen\librail_release\librail_efr32xg13_gcc_release.a(rail_ble.o)
                0x000367b4                RAILINT_e88543c9b596792889571c0f7b731dba
 .text.RAIL_BLE_ConfigPhy1MbpsViterbi
                0x000367d2        0x8 C:\Users\vkronber\SimplicityStudio\v4_workspace\course-project-victorkronberg_update\platform\radio\rail_lib\autogen\librail_release\librail_efr32xg13_gcc_release.a(rail_ble.o)
                0x000367d2                RAIL_BLE_ConfigPhy1MbpsViterbi
 .text.RAILCore_BLE_ConfigPhy2MbpsViterbi
                0x000367da       0x1e C:\Users\vkronber\SimplicityStudio\v4_workspace\course-project-victorkronberg_update\platform\radio\rail_lib\autogen\librail_release\librail_efr32xg13_gcc_release.a(rail_ble.o)
                0x000367da                RAILINT_1bbb34915939a1132d22091036a46419
 .text.RAIL_BLE_ConfigPhy2MbpsViterbi
                0x000367f8        0x8 C:\Users\vkronber\SimplicityStudio\v4_workspace\course-project-victorkronberg_update\platform\radio\rail_lib\autogen\librail_release\librail_efr32xg13_gcc_release.a(rail_ble.o)
                0x000367f8                RAIL_BLE_ConfigPhy2MbpsViterbi
 .text.RAILCore_BLE_ConfigPhyCoded
                0x00036800       0x22 C:\Users\vkronber\SimplicityStudio\v4_workspace\course-project-victorkronberg_update\platform\radio\rail_lib\autogen\librail_release\librail_efr32xg13_gcc_release.a(rail_ble.o)
                0x00036800                RAILINT_2ee23e3f7dca1747f4df921175595919
 .text.RAIL_BLE_ConfigPhyCoded
                0x00036822        0x8 C:\Users\vkronber\SimplicityStudio\v4_workspace\course-project-victorkronberg_update\platform\radio\rail_lib\autogen\librail_release\librail_efr32xg13_gcc_release.a(rail_ble.o)
                0x00036822                RAIL_BLE_ConfigPhyCoded
 .text.RAILCore_BLE_ConfigChannelRadioParams
                0x0003682a       0x46 C:\Users\vkronber\SimplicityStudio\v4_workspace\course-project-victorkronberg_update\platform\radio\rail_lib\autogen\librail_release\librail_efr32xg13_gcc_release.a(rail_ble.o)
                0x0003682a                RAILINT_301fd6966b03cc938549fcaff8ed0b8e
 .text.RAIL_BLE_ConfigChannelRadioParams
                0x00036870       0x12 C:\Users\vkronber\SimplicityStudio\v4_workspace\course-project-victorkronberg_update\platform\radio\rail_lib\autogen\librail_release\librail_efr32xg13_gcc_release.a(rail_ble.o)
                0x00036870                RAIL_BLE_ConfigChannelRadioParams
 .text.RAIL_BLE_PhySwitchToRx
                0x00036882       0x20 C:\Users\vkronber\SimplicityStudio\v4_workspace\course-project-victorkronberg_update\platform\radio\rail_lib\autogen\librail_release\librail_efr32xg13_gcc_release.a(rail_ble.o)
                0x00036882                RAIL_BLE_PhySwitchToRx
 *fill*         0x000368a2        0x2 
 .text.IRCAL_Set
                0x000368a4       0x1c C:\Users\vkronber\SimplicityStudio\v4_workspace\course-project-victorkronberg_update\platform\radio\rail_lib\autogen\librail_release\librail_efr32xg13_gcc_release.a(rfhal_ircal.o)
                0x000368a4                RAILINT_67aee7cfdf57d15f6ecf2affca3224a0
 .text.RFHAL_ApplyIrCalibration
                0x000368c0       0x20 C:\Users\vkronber\SimplicityStudio\v4_workspace\course-project-victorkronberg_update\platform\radio\rail_lib\autogen\librail_release\librail_efr32xg13_gcc_release.a(rfhal_ircal.o)
                0x000368c0                RAILINT_cdd58a3e55e8dd8d2fbbb62166e06b9f
 .text.RFHAL_UnlockModule
                0x000368e0        0x2 C:\Users\vkronber\SimplicityStudio\v4_workspace\course-project-victorkronberg_update\platform\radio\rail_lib\autogen\librail_release\librail_efr32xg13_gcc_release.a(rfhal_module.o)
                0x000368e0                RAILINT_9e5a39b656d2a45af0b472d761e7ae36
 .text.RFHAL_ValidateTxPowerModule
                0x000368e2        0x2 C:\Users\vkronber\SimplicityStudio\v4_workspace\course-project-victorkronberg_update\platform\radio\rail_lib\autogen\librail_release\librail_efr32xg13_gcc_release.a(rfhal_module.o)
                0x000368e2                RAILINT_b1b6d07988c2bfe6ce227a4f89bd02b6
 .text.RFHAL_VerifyTxPowerCurves
                0x000368e4        0x2 C:\Users\vkronber\SimplicityStudio\v4_workspace\course-project-victorkronberg_update\platform\radio\rail_lib\autogen\librail_release\librail_efr32xg13_gcc_release.a(rfhal_module.o)
                0x000368e4                RAILINT_da49c243f6171fcb42b58511d90c5722
 *fill*         0x000368e6        0x2 
 .text.RFHAL_VerifyChannelConfig
                0x000368e8       0x18 C:\Users\vkronber\SimplicityStudio\v4_workspace\course-project-victorkronberg_update\platform\radio\rail_lib\autogen\librail_release\librail_efr32xg13_gcc_release.a(rfhal_module.o)
                0x000368e8                RAILINT_93ff9f7864c62329282f1dfcb21c053a
 .text.getRampTimeFromLevelAndRate
                0x00036900       0x20 C:\Users\vkronber\SimplicityStudio\v4_workspace\course-project-victorkronberg_update\platform\radio\rail_lib\autogen\librail_release\librail_efr32xg13_gcc_release.a(rfhal_pa.o)
 .text.PA_GetTxPowerConfig